2026-03-13 07:00:51,778 INFO  [main] org.tinymediamanager.TinyMediaManager:345 - =======================================================
2026-03-13 07:00:51,779 INFO  [main] org.tinymediamanager.TinyMediaManager:346 - === tinyMediaManager (c) 2012 - 2025 Manuel Laggner ===
2026-03-13 07:00:51,779 INFO  [main] org.tinymediamanager.TinyMediaManager:347 - =======================================================
2026-03-13 07:00:51,780 INFO  [main] org.tinymediamanager.TinyMediaManager:348 - tmm.version      : 5.1.8
2026-03-13 07:00:51,780 INFO  [main] org.tinymediamanager.TinyMediaManager:350 - tmm.build        : 2025-07-21 06:56
2026-03-13 07:00:51,780 INFO  [main] org.tinymediamanager.TinyMediaManager:353 - tmm.docker       : true
2026-03-13 07:00:51,781 INFO  [main] org.tinymediamanager.TinyMediaManager:355 - os.name          : Linux
2026-03-13 07:00:51,781 INFO  [main] org.tinymediamanager.TinyMediaManager:356 - os.version       : 6.6.110
2026-03-13 07:00:51,781 INFO  [main] org.tinymediamanager.TinyMediaManager:357 - os.arch          : amd64
2026-03-13 07:00:51,781 INFO  [main] org.tinymediamanager.TinyMediaManager:358 - java.version     : 21.0.6
2026-03-13 07:00:51,781 INFO  [main] org.tinymediamanager.TinyMediaManager:359 - java.maxMem      : 512 MiB
2026-03-13 07:00:51,781 INFO  [main] org.tinymediamanager.TinyMediaManager:370 - current encoding : UTF-8 | UTF8 | UTF-8
2026-03-13 07:00:51,875 INFO  [main] org.tinymediamanager.TinyMediaManager:375 - JVM parameters   : -Xms64m -Xmx512m -Xss512k -XX:+IgnoreUnrecognizedVMOptions -XX:+UseStringDeduplication -Dsun.java2d.renderer=sun.java2d.marlin.MarlinRenderingEngine -Djava.net.preferIPv4Stack=true -Dfile.encoding=UTF-8 -Dsun.jnu.encoding=UTF-8 -Djna.nosys=true -Dtmm.consoleloglevel=NONE -Dawt.useSystemAAFontSettings=on -Dswing.aatext=true -Dtmm.contentfolder=/data -XX:+DisableAttachMechanism -XX:-EnableDynamicAgentLoading
2026-03-13 07:00:51,876 INFO  [main] org.tinymediamanager.TinyMediaManager:378 - System language  : en_US
2026-03-13 07:00:51,876 INFO  [main] org.tinymediamanager.TinyMediaManager:379 - GUI language     : zh-Hans
2026-03-13 07:00:51,876 INFO  [main] org.tinymediamanager.TinyMediaManager:380 - tmm.datafolder   : /data/data 
2026-03-13 07:00:51,876 INFO  [main] org.tinymediamanager.TinyMediaManager:381 - tmm.cachefolder  : /data/cache 
2026-03-13 07:00:51,876 INFO  [main] org.tinymediamanager.TinyMediaManager:382 - tmm.backupfolder : /data/backup 
2026-03-13 07:00:51,876 INFO  [main] org.tinymediamanager.TinyMediaManager:383 - tmm.logfolder    : /data/logs 
2026-03-13 07:00:51,876 INFO  [main] org.tinymediamanager.TinyMediaManager:384 - =====================================================
2026-03-13 07:00:51,876 INFO  [main] org.tinymediamanager.TinyMediaManager:385 - starting tinyMediaManager
2026-03-13 07:00:55,621 INFO  [main] org.tinymediamanager.TmmOsUtils:184 - Using libmediainfo version 'MediaInfoLib - v25.04'
2026-03-13 07:01:00,132 INFO  [main] o.tinymediamanager.core.movie.MovieList:433 - Loading 9 movies from database...
2026-03-13 07:01:00,266 INFO  [main] o.tinymediamanager.core.movie.MovieList:483 - Loading 3 movie sets from database...
2026-03-13 07:01:00,421 INFO  [main] o.t.core.tvshow.TvShowList:545 - Loading 15 TvShows from database...
2026-03-13 07:01:01,193 INFO  [main] o.t.core.tvshow.TvShowList:606 - Loading 62 seasons from database...
2026-03-13 07:01:01,202 INFO  [main] o.t.core.tvshow.TvShowList:645 - Loading 110 episodes from database... (+ 2880 dummy w/o physical file)
2026-03-13 07:01:01,413 INFO  [main] o.t.scraper.config.MediaProviderConfig:86 - load settings '/data/data/scraper_tmdb_movie.conf'
2026-03-13 07:01:01,453 INFO  [main] o.t.scraper.config.MediaProviderConfig:86 - load settings '/data/data/scraper_tmdb_movie_artwork.conf'
2026-03-13 07:01:01,584 INFO  [main] o.t.scraper.config.MediaProviderConfig:86 - load settings '/data/data/scraper_tmdb_movie_trailer.conf'
2026-03-13 07:01:01,599 INFO  [main] o.t.scraper.config.MediaProviderConfig:86 - load settings '/data/data/scraper_tmdb_tvshow.conf'
2026-03-13 07:01:01,609 INFO  [main] o.t.scraper.config.MediaProviderConfig:86 - load settings '/data/data/scraper_tmdb_tvshow_artwork.conf'
2026-03-13 07:01:01,613 INFO  [main] o.t.scraper.config.MediaProviderConfig:86 - load settings '/data/data/scraper_tmdb_tvshow_trailer.conf'
2026-03-13 07:01:01,616 INFO  [main] o.t.core.movie.MovieUpgradeTasks:52 - Current movie DB version: 5005
2026-03-13 07:01:01,617 INFO  [main] o.t.core.tvshow.TvShowUpgradeTasks:59 - Current tvshow DB version: 5009
2026-03-13 07:01:08,496 INFO  [AWT-EventQueue-0] org.tinymediamanager.TinyMediaManager:190 - UI loaded
2026-03-13 07:21:43,016 INFO  [main] org.tinymediamanager.TinyMediaManager:345 - =======================================================
2026-03-13 07:21:43,018 INFO  [main] org.tinymediamanager.TinyMediaManager:346 - === tinyMediaManager (c) 2012 - 2025 Manuel Laggner ===
2026-03-13 07:21:43,020 INFO  [main] org.tinymediamanager.TinyMediaManager:347 - =======================================================
2026-03-13 07:21:43,025 INFO  [main] org.tinymediamanager.TinyMediaManager:348 - tmm.version      : 5.1.8
2026-03-13 07:21:43,030 INFO  [main] org.tinymediamanager.TinyMediaManager:350 - tmm.build        : 2025-07-21 06:56
2026-03-13 07:21:43,031 INFO  [main] org.tinymediamanager.TinyMediaManager:353 - tmm.docker       : true
2026-03-13 07:21:43,031 INFO  [main] org.tinymediamanager.TinyMediaManager:355 - os.name          : Linux
2026-03-13 07:21:43,031 INFO  [main] org.tinymediamanager.TinyMediaManager:356 - os.version       : 6.6.110
2026-03-13 07:21:43,032 INFO  [main] org.tinymediamanager.TinyMediaManager:357 - os.arch          : amd64
2026-03-13 07:21:43,032 INFO  [main] org.tinymediamanager.TinyMediaManager:358 - java.version     : 21.0.6
2026-03-13 07:21:43,032 INFO  [main] org.tinymediamanager.TinyMediaManager:359 - java.maxMem      : 512 MiB
2026-03-13 07:21:43,032 INFO  [main] org.tinymediamanager.TinyMediaManager:370 - current encoding : UTF-8 | UTF8 | UTF-8
2026-03-13 07:21:43,090 INFO  [main] org.tinymediamanager.TinyMediaManager:375 - JVM parameters   : -Xms64m -Xmx512m -Xss512k -XX:+IgnoreUnrecognizedVMOptions -XX:+UseStringDeduplication -Dsun.java2d.renderer=sun.java2d.marlin.MarlinRenderingEngine -Djava.net.preferIPv4Stack=true -Dfile.encoding=UTF-8 -Dsun.jnu.encoding=UTF-8 -Djna.nosys=true -Dtmm.consoleloglevel=NONE -Dawt.useSystemAAFontSettings=on -Dswing.aatext=true -Dtmm.contentfolder=/data -XX:+DisableAttachMechanism -XX:-EnableDynamicAgentLoading
2026-03-13 07:21:43,090 INFO  [main] org.tinymediamanager.TinyMediaManager:378 - System language  : en_US
2026-03-13 07:21:43,090 INFO  [main] org.tinymediamanager.TinyMediaManager:379 - GUI language     : zh-Hans
2026-03-13 07:21:43,090 INFO  [main] org.tinymediamanager.TinyMediaManager:380 - tmm.datafolder   : /data/data 
2026-03-13 07:21:43,090 INFO  [main] org.tinymediamanager.TinyMediaManager:381 - tmm.cachefolder  : /data/cache 
2026-03-13 07:21:43,090 INFO  [main] org.tinymediamanager.TinyMediaManager:382 - tmm.backupfolder : /data/backup 
2026-03-13 07:21:43,092 INFO  [main] org.tinymediamanager.TinyMediaManager:383 - tmm.logfolder    : /data/logs 
2026-03-13 07:21:43,092 INFO  [main] org.tinymediamanager.TinyMediaManager:384 - =====================================================
2026-03-13 07:21:43,092 INFO  [main] org.tinymediamanager.TinyMediaManager:385 - starting tinyMediaManager
2026-03-13 07:21:45,868 INFO  [main] org.tinymediamanager.TmmOsUtils:184 - Using libmediainfo version 'MediaInfoLib - v25.04'
2026-03-13 07:21:50,374 INFO  [main] o.tinymediamanager.core.movie.MovieList:433 - Loading 9 movies from database...
2026-03-13 07:21:50,572 INFO  [main] o.tinymediamanager.core.movie.MovieList:483 - Loading 3 movie sets from database...
2026-03-13 07:21:50,723 INFO  [main] o.t.core.tvshow.TvShowList:545 - Loading 15 TvShows from database...
2026-03-13 07:21:51,792 INFO  [main] o.t.core.tvshow.TvShowList:606 - Loading 62 seasons from database...
2026-03-13 07:21:51,812 INFO  [main] o.t.core.tvshow.TvShowList:645 - Loading 110 episodes from database... (+ 2880 dummy w/o physical file)
2026-03-13 07:21:52,079 INFO  [main] o.t.scraper.config.MediaProviderConfig:86 - load settings '/data/data/scraper_tmdb_movie.conf'
2026-03-13 07:21:52,114 INFO  [main] o.t.scraper.config.MediaProviderConfig:86 - load settings '/data/data/scraper_tmdb_movie_artwork.conf'
2026-03-13 07:21:52,214 INFO  [main] o.t.scraper.config.MediaProviderConfig:86 - load settings '/data/data/scraper_tmdb_movie_trailer.conf'
2026-03-13 07:21:52,237 INFO  [main] o.t.scraper.config.MediaProviderConfig:86 - load settings '/data/data/scraper_tmdb_tvshow.conf'
2026-03-13 07:21:52,248 INFO  [main] o.t.scraper.config.MediaProviderConfig:86 - load settings '/data/data/scraper_tmdb_tvshow_artwork.conf'
2026-03-13 07:21:52,253 INFO  [main] o.t.scraper.config.MediaProviderConfig:86 - load settings '/data/data/scraper_tmdb_tvshow_trailer.conf'
2026-03-13 07:21:52,258 INFO  [main] o.t.core.movie.MovieUpgradeTasks:52 - Current movie DB version: 5005
2026-03-13 07:21:52,260 INFO  [main] o.t.core.tvshow.TvShowUpgradeTasks:59 - Current tvshow DB version: 5009
2026-03-13 07:21:57,401 INFO  [AWT-EventQueue-0] org.tinymediamanager.TinyMediaManager:190 - UI loaded
