2026-01-09 11:09:22,914 TRACE [main] org.tinymediamanager.TinyMediaManager:110 - entered launch
2026-01-09 11:09:23,452 DEBUG [main] o.tinymediamanager.core.AbstractSettings:242 - Loading settings (tmm.json) from /data/data
2026-01-09 11:09:25,598 INFO  [main] org.tinymediamanager.TinyMediaManager:345 - =======================================================
2026-01-09 11:09:25,598 INFO  [main] org.tinymediamanager.TinyMediaManager:346 - === tinyMediaManager (c) 2012 - 2025 Manuel Laggner ===
2026-01-09 11:09:25,598 INFO  [main] org.tinymediamanager.TinyMediaManager:347 - =======================================================
2026-01-09 11:09:25,599 INFO  [main] org.tinymediamanager.TinyMediaManager:348 - tmm.version      : 5.1.8
2026-01-09 11:09:25,600 INFO  [main] org.tinymediamanager.TinyMediaManager:350 - tmm.build        : 2025-07-21 06:56
2026-01-09 11:09:25,600 INFO  [main] org.tinymediamanager.TinyMediaManager:353 - tmm.docker       : true
2026-01-09 11:09:25,600 INFO  [main] org.tinymediamanager.TinyMediaManager:355 - os.name          : Linux
2026-01-09 11:09:25,600 INFO  [main] org.tinymediamanager.TinyMediaManager:356 - os.version       : 6.6.110
2026-01-09 11:09:25,600 INFO  [main] org.tinymediamanager.TinyMediaManager:357 - os.arch          : amd64
2026-01-09 11:09:25,600 INFO  [main] org.tinymediamanager.TinyMediaManager:358 - java.version     : 21.0.6
2026-01-09 11:09:25,600 INFO  [main] org.tinymediamanager.TinyMediaManager:359 - java.maxMem      : 512 MiB
2026-01-09 11:09:25,607 INFO  [main] org.tinymediamanager.TinyMediaManager:370 - current encoding : UTF-8 | UTF8 | UTF-8
2026-01-09 11:09:25,675 INFO  [main] org.tinymediamanager.TinyMediaManager:375 - JVM parameters   : -Xms64m -Xmx512m -Xss512k -XX:+IgnoreUnrecognizedVMOptions -XX:+UseStringDeduplication -Dsun.java2d.renderer=sun.java2d.marlin.MarlinRenderingEngine -Djava.net.preferIPv4Stack=true -Dfile.encoding=UTF-8 -Dsun.jnu.encoding=UTF-8 -Djna.nosys=true -Dtmm.consoleloglevel=NONE -Dawt.useSystemAAFontSettings=on -Dswing.aatext=true -Dtmm.contentfolder=/data -XX:+DisableAttachMechanism -XX:-EnableDynamicAgentLoading
2026-01-09 11:09:25,675 INFO  [main] org.tinymediamanager.TinyMediaManager:378 - System language  : en_US
2026-01-09 11:09:25,675 INFO  [main] org.tinymediamanager.TinyMediaManager:379 - GUI language     : zh-Hans
2026-01-09 11:09:25,675 INFO  [main] org.tinymediamanager.TinyMediaManager:380 - tmm.datafolder   : /data/data 
2026-01-09 11:09:25,675 INFO  [main] org.tinymediamanager.TinyMediaManager:381 - tmm.cachefolder  : /data/cache 
2026-01-09 11:09:25,675 INFO  [main] org.tinymediamanager.TinyMediaManager:382 - tmm.backupfolder : /data/backup 
2026-01-09 11:09:25,675 INFO  [main] org.tinymediamanager.TinyMediaManager:383 - tmm.logfolder    : /data/logs 
2026-01-09 11:09:25,675 INFO  [main] org.tinymediamanager.TinyMediaManager:384 - =====================================================
2026-01-09 11:09:25,675 INFO  [main] org.tinymediamanager.TinyMediaManager:385 - starting tinyMediaManager
2026-01-09 11:09:25,675 TRACE [main] org.tinymediamanager.TinyMediaManager:130 - entered GUI mode
2026-01-09 11:09:25,729 TRACE [AWT-EventQueue-0] org.tinymediamanager.ui.TmmUIHelper:91 - load theme
2026-01-09 11:09:26,312 TRACE [AWT-EventQueue-0] org.tinymediamanager.ui.TmmUIHelper:103 - load font settings
2026-01-09 11:09:26,312 TRACE [AWT-EventQueue-0] org.tinymediamanager.TinyMediaManager:136 - loading splash
2026-01-09 11:09:26,945 TRACE [SwingWorker-pool-2-thread-1] org.tinymediamanager.TinyMediaManager:148 - entered doInBackground
2026-01-09 11:09:26,953 TRACE [main] org.tinymediamanager.TinyMediaManager:535 - entered doPreStartupTasks
2026-01-09 11:09:27,463 DEBUG [main] org.tinymediamanager.core.Utils:1470 - deleting old backup file data.2025-08-08.zip
2026-01-09 11:09:27,479 TRACE [main] org.tinymediamanager.TinyMediaManager:418 - entered doUpgradeTasks
2026-01-09 11:09:27,480 TRACE [main] org.tinymediamanager.TinyMediaManager:437 - entered loadInternals
2026-01-09 11:09:27,480 TRACE [main] org.tinymediamanager.TinyMediaManager:575 - splash.internals - 20%
2026-01-09 11:09:27,482 DEBUG [main] org.tinymediamanager.TmmOsUtils:177 - Loading native libs from: /app/native/linux
2026-01-09 11:09:27,995 INFO  [main] org.tinymediamanager.TmmOsUtils:184 - Using libmediainfo version 'MediaInfoLib - v25.04'
2026-01-09 11:09:31,842 TRACE [main] org.tinymediamanager.TinyMediaManager:466 - entered loadModules
2026-01-09 11:09:31,843 TRACE [main] org.tinymediamanager.TinyMediaManager:575 - splash.movie - 30%
2026-01-09 11:09:32,169 DEBUG [main] o.tinymediamanager.core.AbstractSettings:242 - Loading settings (movies.json) from /data/data
2026-01-09 11:09:32,260 INFO  [main] o.tinymediamanager.core.movie.MovieList:433 - Loading 9 movies from database...
2026-01-09 11:09:32,350 DEBUG [main] o.tinymediamanager.core.movie.MovieList:479 - took 89 ms
2026-01-09 11:09:32,350 INFO  [main] o.tinymediamanager.core.movie.MovieList:483 - Loading 3 movie sets from database...
2026-01-09 11:09:32,355 DEBUG [main] o.tinymediamanager.core.movie.MovieList:517 - took 4 ms
2026-01-09 11:09:32,402 TRACE [main] org.tinymediamanager.TinyMediaManager:575 - splash.tvshow - 50%
2026-01-09 11:09:32,524 INFO  [main] o.t.core.tvshow.TvShowList:545 - Loading 15 TvShows from database...
2026-01-09 11:09:33,521 DEBUG [main] o.t.core.tvshow.TvShowList:594 - took 996 ms
2026-01-09 11:09:33,521 INFO  [main] o.t.core.tvshow.TvShowList:606 - Loading 62 seasons from database...
2026-01-09 11:09:33,534 DEBUG [main] o.t.core.tvshow.TvShowList:640 - took 12 ms
2026-01-09 11:09:33,534 INFO  [main] o.t.core.tvshow.TvShowList:645 - Loading 110 episodes from database... (+ 2880 dummy w/o physical file)
2026-01-09 11:09:33,548 DEBUG [main] o.tinymediamanager.core.AbstractSettings:242 - Loading settings (tvShows.json) from /data/data
2026-01-09 11:09:33,666 DEBUG [main] o.t.core.tvshow.TvShowList:698 - took 131 ms
2026-01-09 11:09:33,740 TRACE [main] org.tinymediamanager.TinyMediaManager:481 - entered loadPlugins
2026-01-09 11:09:33,740 TRACE [main] org.tinymediamanager.TinyMediaManager:575 - splash.plugins - 60%
2026-01-09 11:09:33,753 INFO  [main] o.t.scraper.config.MediaProviderConfig:86 - load settings '/data/data/scraper_tmdb_movie.conf'
2026-01-09 11:09:33,797 DEBUG [main] o.tinymediamanager.scraper.kodi.KodiUtil:330 - searching for Kodi commons
2026-01-09 11:09:33,800 DEBUG [main] o.tinymediamanager.scraper.kodi.KodiUtil:364 - Meh - could not find any common folders...
2026-01-09 11:09:33,801 DEBUG [main] o.tinymediamanager.scraper.kodi.KodiUtil:419 - Meh - could not find any common function...
2026-01-09 11:09:33,801 DEBUG [main] o.tinymediamanager.scraper.kodi.KodiUtil:260 - searching for Kodi scrapers
2026-01-09 11:09:33,802 DEBUG [main] o.tinymediamanager.scraper.kodi.KodiUtil:290 - Meh - could not find any scrapers...
2026-01-09 11:09:33,806 INFO  [main] o.t.scraper.config.MediaProviderConfig:86 - load settings '/data/data/scraper_tmdb_movie_artwork.conf'
2026-01-09 11:09:33,891 INFO  [main] o.t.scraper.config.MediaProviderConfig:86 - load settings '/data/data/scraper_tmdb_movie_trailer.conf'
2026-01-09 11:09:33,911 INFO  [main] o.t.scraper.config.MediaProviderConfig:86 - load settings '/data/data/scraper_tmdb_tvshow.conf'
2026-01-09 11:09:33,938 INFO  [main] o.t.scraper.config.MediaProviderConfig:86 - load settings '/data/data/scraper_tmdb_tvshow_artwork.conf'
2026-01-09 11:09:33,946 INFO  [main] o.t.scraper.config.MediaProviderConfig:86 - load settings '/data/data/scraper_tmdb_tvshow_trailer.conf'
2026-01-09 11:09:33,948 TRACE [main] org.tinymediamanager.TinyMediaManager:497 - entered loadServices
2026-01-09 11:09:33,948 TRACE [main] org.tinymediamanager.TinyMediaManager:575 - splash.services - 70%
2026-01-09 11:09:33,954 TRACE [main] org.tinymediamanager.TinyMediaManager:560 - entered doPostStartupTasks
2026-01-09 11:09:33,954 TRACE [main] org.tinymediamanager.TinyMediaManager:575 - splash.upgrade2 - 80%
2026-01-09 11:09:33,958 INFO  [main] o.t.core.movie.MovieUpgradeTasks:52 - Current movie DB version: 5005
2026-01-09 11:09:33,959 INFO  [main] o.t.core.tvshow.TvShowUpgradeTasks:59 - Current tvshow DB version: 5009
2026-01-09 11:09:33,959 TRACE [main] org.tinymediamanager.TinyMediaManager:575 - splash.ui - 90%
2026-01-09 11:09:35,136 DEBUG [AWT-EventQueue-0] org.tinymediamanager.ui.MainWindow:204 - Initializing MovieUIModule...
2026-01-09 11:09:37,976 DEBUG [AWT-EventQueue-0] org.tinymediamanager.ui.MainWindow:206 - Initializing MovieSetUIModule...
2026-01-09 11:09:38,442 DEBUG [AWT-EventQueue-0] org.tinymediamanager.ui.MainWindow:208 - Initializing TvShowUIModule...
2026-01-09 11:09:39,748 DEBUG [AWT-EventQueue-0] org.tinymediamanager.ui.MainWindow:210 - Done initializing UI modules :)
2026-01-09 11:09:39,754 TRACE [AWT-EventQueue-0] org.tinymediamanager.TinyMediaManager:575 - finished starting :) - 100%
2026-01-09 11:09:40,159 INFO  [AWT-EventQueue-0] org.tinymediamanager.TinyMediaManager:190 - UI loaded
2026-01-09 11:09:51,845 DEBUG [Timer-0] o.tinymediamanager.core.TmmModuleManager:107 - Memory usage: used - 197 M | free - 314 M
2026-01-09 11:10:11,559 INFO  [Thread-17] org.tinymediamanager.TinyMediaManager:194 - received shutdown signal
