2026-03-13 15:21:47.524 WARNING (SyncWorker_1) [homeassistant.loader] We found a custom integration midea_ac_lan which has not been tested by Home Assistant. This component might cause stability problems, be sure to disable it if you experience issues with Home Assistant
2026-03-13 15:21:47.525 WARNING (SyncWorker_1) [homeassistant.loader] We found a custom integration iphonedetect which has not been tested by Home Assistant. This component might cause stability problems, be sure to disable it if you experience issues with Home Assistant
2026-03-13 15:21:47.526 WARNING (SyncWorker_1) [homeassistant.loader] We found a custom integration xiaomi_home which has not been tested by Home Assistant. This component might cause stability problems, be sure to disable it if you experience issues with Home Assistant
2026-03-13 15:21:47.526 WARNING (SyncWorker_1) [homeassistant.loader] We found a custom integration hacs which has not been tested by Home Assistant. This component might cause stability problems, be sure to disable it if you experience issues with Home Assistant
2026-03-13 15:21:48.739 ERROR (MainThread) [homeassistant.helpers.translation] Error while parsing localized (zh-Hans) string component.zeroconf.issues.duplicate_instance_id.fix_flow.step.confirm_recreate.description
2026-03-13 15:21:48.791 WARNING (Recorder) [homeassistant.components.recorder.util] The system could not validate that the sqlite3 database at //config/home-assistant_v2.db was shutdown cleanly
2026-03-13 15:21:48.837 WARNING (Recorder) [homeassistant.components.recorder.util] Ended unfinished session (id=114 from 2026-03-13 07:01:04.698933)
2026-03-13 15:21:55.521 WARNING (洗衣机) [midealocal.device] [210006734334358] Unable to connect, sleep 5 seconds and retry
2026-03-13 15:22:03.691 WARNING (洗衣机) [midealocal.device] [210006734334358] Unable to connect, sleep 10 seconds and retry
2026-03-13 15:22:16.801 WARNING (洗衣机) [midealocal.device] [210006734334358] Unable to connect, sleep 20 seconds and retry
2026-03-13 15:22:39.921 WARNING (洗衣机) [midealocal.device] [210006734334358] Unable to connect, sleep 40 seconds and retry
2026-03-13 15:23:23.041 WARNING (洗衣机) [midealocal.device] [210006734334358] Unable to connect, sleep 80 seconds and retry
2026-03-13 15:24:46.171 WARNING (洗衣机) [midealocal.device] [210006734334358] Unable to connect, sleep 160 seconds and retry
2026-03-13 15:27:29.281 WARNING (洗衣机) [midealocal.device] [210006734334358] Unable to connect, sleep 320 seconds and retry
2026-03-13 15:32:52.401 WARNING (洗衣机) [midealocal.device] [210006734334358] Unable to connect, sleep 600 seconds and retry
2026-03-13 15:42:55.521 WARNING (洗衣机) [midealocal.device] [210006734334358] Unable to connect, sleep 600 seconds and retry
2026-03-13 15:52:58.641 WARNING (洗衣机) [midealocal.device] [210006734334358] Unable to connect, sleep 600 seconds and retry
2026-03-13 16:03:01.761 WARNING (洗衣机) [midealocal.device] [210006734334358] Unable to connect, sleep 600 seconds and retry
2026-03-13 16:04:08.752 ERROR (ha.1a8d91666f8914d8a74b7f52c9b76ee5) [custom_components.xiaomi_home.miot.miot_client] ha.1a8d91666f8914d8a74b7f52c9b76ee5, mips disconnect, 7, None
2026-03-13 16:04:08.753 ERROR (ha.1a8d91666f8914d8a74b7f52c9b76ee5) [custom_components.xiaomi_home.miot.miot_client] ha.1a8d91666f8914d8a74b7f52c9b76ee5, mips try reconnect after 10s
2026-03-13 16:13:04.892 WARNING (洗衣机) [midealocal.device] [210006734334358] Unable to connect, sleep 600 seconds and retry
2026-03-13 16:16:50.882 ERROR (ha.1a8d91666f8914d8a74b7f52c9b76ee5) [custom_components.xiaomi_home.miot.miot_client] ha.1a8d91666f8914d8a74b7f52c9b76ee5, mips disconnect, 7, None
2026-03-13 16:16:50.882 ERROR (ha.1a8d91666f8914d8a74b7f52c9b76ee5) [custom_components.xiaomi_home.miot.miot_client] ha.1a8d91666f8914d8a74b7f52c9b76ee5, mips try reconnect after 10s
2026-03-13 16:23:08.208 WARNING (洗衣机) [midealocal.device] [210006734334358] Unable to connect, sleep 600 seconds and retry
2026-03-13 16:33:11.337 WARNING (洗衣机) [midealocal.device] [210006734334358] Unable to connect, sleep 600 seconds and retry
2026-03-13 16:43:14.447 WARNING (洗衣机) [midealocal.device] [210006734334358] Unable to connect, sleep 600 seconds and retry
2026-03-13 16:53:17.606 WARNING (洗衣机) [midealocal.device] [210006734334358] Unable to connect, sleep 600 seconds and retry
2026-03-13 17:03:20.717 WARNING (洗衣机) [midealocal.device] [210006734334358] Unable to connect, sleep 600 seconds and retry
2026-03-13 17:13:23.837 WARNING (洗衣机) [midealocal.device] [210006734334358] Unable to connect, sleep 600 seconds and retry
2026-03-13 17:23:27.037 WARNING (洗衣机) [midealocal.device] [210006734334358] Unable to connect, sleep 600 seconds and retry
2026-03-13 17:33:30.147 WARNING (洗衣机) [midealocal.device] [210006734334358] Unable to connect, sleep 600 seconds and retry
2026-03-13 17:43:33.267 WARNING (洗衣机) [midealocal.device] [210006734334358] Unable to connect, sleep 600 seconds and retry
