[INFO]: 2025-12-16 23:51:03 - Queue 1 DlSub Start /media/TV Shows/长安二十四计 (2025)
[INFO]: 2025-12-16 23:51:03 - Queue 1 IMDB ID: tt35089518 NeedDownloadSubs: 1
[INFO]: 2025-12-16 23:51:03 - Queue 1 NeedDownloadEps - S1E7
[INFO]: 2025-12-16 23:51:03 - ------------------------------------------
[INFO]: 2025-12-16 23:51:03 - Queue 1 xunlei Start...
[INFO]: 2025-12-16 23:51:03 - xunlei Not Find Sub can be download 风雨欲来淮安复仇加速 1 7
[INFO]: 2025-12-16 23:51:03 - Queue 1 xunlei End
[INFO]: 2025-12-16 23:51:03 - ------------------------------------------
[INFO]: 2025-12-16 23:51:03 - ------------------------------------------
[INFO]: 2025-12-16 23:51:03 - Queue 1 shooter Start...
[INFO]: 2025-12-16 23:51:05 - shooter Not Find Sub can be download 风雨欲来淮安复仇加速 1 7
[INFO]: 2025-12-16 23:51:05 - Queue 1 shooter End
[INFO]: 2025-12-16 23:51:05 - ------------------------------------------
[INFO]: 2025-12-16 23:51:05 - Queue 1 DlSub End /media/TV Shows/长安二十四计 (2025)
[INFO]: 2025-12-16 23:51:05 - ------------------------------------------
[WARNING]: 2025-12-16 23:51:05 - DownloadSubtitleInAllSiteByOneSeries.subInfos == 0, No Sub Downloaded.
[INFO]: 2025-12-16 23:51:05 - No Sub Found 长安二十四计 - S01E07 - 第7集.mp4 1 7
[INFO]: 2025-12-17 11:51:18 - Queue 1 DlSub Start /media/TV Shows/长安二十四计 (2025)
[INFO]: 2025-12-17 11:51:18 - Queue 1 IMDB ID: tt35089518 NeedDownloadSubs: 1
[INFO]: 2025-12-17 11:51:18 - Queue 1 NeedDownloadEps - S1E7
[INFO]: 2025-12-17 11:51:18 - ------------------------------------------
[INFO]: 2025-12-17 11:51:18 - Queue 1 xunlei Start...
[INFO]: 2025-12-17 11:51:18 - xunlei Not Find Sub can be download 风雨欲来淮安复仇加速 1 7
[INFO]: 2025-12-17 11:51:18 - Queue 1 xunlei End
[INFO]: 2025-12-17 11:51:18 - ------------------------------------------
[INFO]: 2025-12-17 11:51:18 - ------------------------------------------
[INFO]: 2025-12-17 11:51:18 - Queue 1 shooter Start...
[INFO]: 2025-12-17 11:51:18 - shooter Not Find Sub can be download 风雨欲来淮安复仇加速 1 7
[INFO]: 2025-12-17 11:51:18 - Queue 1 shooter End
[INFO]: 2025-12-17 11:51:18 - ------------------------------------------
[INFO]: 2025-12-17 11:51:18 - Queue 1 DlSub End /media/TV Shows/长安二十四计 (2025)
[INFO]: 2025-12-17 11:51:18 - ------------------------------------------
[WARNING]: 2025-12-17 11:51:18 - DownloadSubtitleInAllSiteByOneSeries.subInfos == 0, No Sub Downloaded.
[INFO]: 2025-12-17 11:51:18 - No Sub Found 长安二十四计 - S01E07 - 第7集.mp4 1 7
[INFO]: 2025-12-17 23:51:32 - Queue 1 DlSub Start /media/TV Shows/长安二十四计 (2025)
[INFO]: 2025-12-17 23:51:32 - Queue 1 IMDB ID: tt35089518 NeedDownloadSubs: 1
[INFO]: 2025-12-17 23:51:32 - Queue 1 NeedDownloadEps - S1E7
[INFO]: 2025-12-17 23:51:32 - ------------------------------------------
[INFO]: 2025-12-17 23:51:32 - Queue 1 xunlei Start...
[INFO]: 2025-12-17 23:51:32 - xunlei Not Find Sub can be download 风雨欲来淮安复仇加速 1 7
[INFO]: 2025-12-17 23:51:32 - Queue 1 xunlei End
[INFO]: 2025-12-17 23:51:32 - ------------------------------------------
[INFO]: 2025-12-17 23:51:32 - ------------------------------------------
[INFO]: 2025-12-17 23:51:32 - Queue 1 shooter Start...
[INFO]: 2025-12-17 23:51:33 - shooter Not Find Sub can be download 风雨欲来淮安复仇加速 1 7
[INFO]: 2025-12-17 23:51:33 - Queue 1 shooter End
[INFO]: 2025-12-17 23:51:33 - ------------------------------------------
[INFO]: 2025-12-17 23:51:33 - Queue 1 DlSub End /media/TV Shows/长安二十四计 (2025)
[INFO]: 2025-12-17 23:51:33 - ------------------------------------------
[WARNING]: 2025-12-17 23:51:33 - DownloadSubtitleInAllSiteByOneSeries.subInfos == 0, No Sub Downloaded.
[INFO]: 2025-12-17 23:51:33 - No Sub Found 长安二十四计 - S01E07 - 第7集.mp4 1 7
[INFO]: 2025-12-18 11:51:41 - Queue 1 DlSub Start /media/TV Shows/长安二十四计 (2025)
[INFO]: 2025-12-18 11:51:41 - Queue 1 IMDB ID: tt35089518 NeedDownloadSubs: 1
[INFO]: 2025-12-18 11:51:41 - Queue 1 NeedDownloadEps - S1E7
[INFO]: 2025-12-18 11:51:41 - ------------------------------------------
[INFO]: 2025-12-18 11:51:41 - Queue 1 xunlei Start...
[INFO]: 2025-12-18 11:51:41 - xunlei Not Find Sub can be download 风雨欲来淮安复仇加速 1 7
[INFO]: 2025-12-18 11:51:41 - Queue 1 xunlei End
[INFO]: 2025-12-18 11:51:41 - ------------------------------------------
[INFO]: 2025-12-18 11:51:41 - ------------------------------------------
[INFO]: 2025-12-18 11:51:41 - Queue 1 shooter Start...
[INFO]: 2025-12-18 11:51:42 - shooter Not Find Sub can be download 风雨欲来淮安复仇加速 1 7
[INFO]: 2025-12-18 11:51:42 - Queue 1 shooter End
[INFO]: 2025-12-18 11:51:42 - ------------------------------------------
[INFO]: 2025-12-18 11:51:42 - Queue 1 DlSub End /media/TV Shows/长安二十四计 (2025)
[INFO]: 2025-12-18 11:51:42 - ------------------------------------------
[WARNING]: 2025-12-18 11:51:42 - DownloadSubtitleInAllSiteByOneSeries.subInfos == 0, No Sub Downloaded.
[INFO]: 2025-12-18 11:51:42 - No Sub Found 长安二十四计 - S01E07 - 第7集.mp4 1 7
