[INFO]: 2025-12-30 04:10:43 - Queue 1 DlSub Start /media/TV Shows/唐朝诡事录 (2022)
[INFO]: 2025-12-30 04:10:43 - Queue 1 IMDB ID: tt22797712 NeedDownloadSubs: 1
[INFO]: 2025-12-30 04:10:43 - Queue 1 NeedDownloadEps - S4E9
[INFO]: 2025-12-30 04:10:43 - ------------------------------------------
[INFO]: 2025-12-30 04:10:43 - Queue 1 xunlei Start...
[INFO]: 2025-12-30 04:10:43 - xunlei Not Find Sub can be download 苏无名目睹斩魔仪式 4 9
[INFO]: 2025-12-30 04:10:43 - Queue 1 xunlei End
[INFO]: 2025-12-30 04:10:43 - ------------------------------------------
[INFO]: 2025-12-30 04:10:43 - ------------------------------------------
[INFO]: 2025-12-30 04:10:43 - Queue 1 shooter Start...
[INFO]: 2025-12-30 04:10:44 - shooter Not Find Sub can be download 苏无名目睹斩魔仪式 4 9
[INFO]: 2025-12-30 04:10:44 - Queue 1 shooter End
[INFO]: 2025-12-30 04:10:44 - ------------------------------------------
[INFO]: 2025-12-30 04:10:44 - Queue 1 DlSub End /media/TV Shows/唐朝诡事录 (2022)
[INFO]: 2025-12-30 04:10:44 - ------------------------------------------
[WARNING]: 2025-12-30 04:10:44 - DownloadSubtitleInAllSiteByOneSeries.subInfos == 0, No Sub Downloaded.
[INFO]: 2025-12-30 04:10:44 - No Sub Found 唐朝诡事录 - S04E09 - 第9集.mkv 4 9
[INFO]: 2025-12-30 16:10:52 - Queue 1 DlSub Start /media/TV Shows/唐朝诡事录 (2022)
[INFO]: 2025-12-30 16:10:52 - Queue 1 IMDB ID: tt22797712 NeedDownloadSubs: 1
[INFO]: 2025-12-30 16:10:52 - Queue 1 NeedDownloadEps - S4E9
[INFO]: 2025-12-30 16:10:52 - ------------------------------------------
[INFO]: 2025-12-30 16:10:52 - Queue 1 xunlei Start...
[INFO]: 2025-12-30 16:10:52 - xunlei Not Find Sub can be download 苏无名目睹斩魔仪式 4 9
[INFO]: 2025-12-30 16:10:52 - Queue 1 xunlei End
[INFO]: 2025-12-30 16:10:52 - ------------------------------------------
[INFO]: 2025-12-30 16:10:52 - ------------------------------------------
[INFO]: 2025-12-30 16:10:52 - Queue 1 shooter Start...
[INFO]: 2025-12-30 16:10:53 - shooter Not Find Sub can be download 苏无名目睹斩魔仪式 4 9
[INFO]: 2025-12-30 16:10:53 - Queue 1 shooter End
[INFO]: 2025-12-30 16:10:53 - ------------------------------------------
[INFO]: 2025-12-30 16:10:53 - Queue 1 DlSub End /media/TV Shows/唐朝诡事录 (2022)
[INFO]: 2025-12-30 16:10:53 - ------------------------------------------
[WARNING]: 2025-12-30 16:10:53 - DownloadSubtitleInAllSiteByOneSeries.subInfos == 0, No Sub Downloaded.
[INFO]: 2025-12-30 16:10:53 - No Sub Found 唐朝诡事录 - S04E09 - 第9集.mkv 4 9
