[INFO]: 2025-12-15 23:48:58 - Queue 1 DlSub Start /media/Animes/吞噬星空 (2020)
[INFO]: 2025-12-15 23:48:58 - Queue 1 IMDB ID: tt17050076 NeedDownloadSubs: 1
[INFO]: 2025-12-15 23:48:58 - Queue 1 NeedDownloadEps - S1E202
[INFO]: 2025-12-15 23:48:58 - ------------------------------------------
[INFO]: 2025-12-15 23:48:58 - Queue 1 xunlei Start...
[INFO]: 2025-12-15 23:48:58 - xunlei Not Find Sub can be download 第 202 集 1 202
[INFO]: 2025-12-15 23:48:58 - Queue 1 xunlei End
[INFO]: 2025-12-15 23:48:58 - ------------------------------------------
[INFO]: 2025-12-15 23:48:58 - ------------------------------------------
[INFO]: 2025-12-15 23:48:58 - Queue 1 shooter Start...
[INFO]: 2025-12-15 23:48:59 - shooter Not Find Sub can be download 第 202 集 1 202
[INFO]: 2025-12-15 23:48:59 - Queue 1 shooter End
[INFO]: 2025-12-15 23:48:59 - ------------------------------------------
[INFO]: 2025-12-15 23:48:59 - Queue 1 DlSub End /media/Animes/吞噬星空 (2020)
[INFO]: 2025-12-15 23:48:59 - ------------------------------------------
[WARNING]: 2025-12-15 23:48:59 - DownloadSubtitleInAllSiteByOneSeries.subInfos == 0, No Sub Downloaded.
[INFO]: 2025-12-15 23:48:59 - No Sub Found 吞噬星空 - S01E202 - 第202集.mp4 1 202
[INFO]: 2025-12-16 11:49:13 - Queue 1 DlSub Start /media/Animes/吞噬星空 (2020)
[INFO]: 2025-12-16 11:49:13 - Queue 1 IMDB ID: tt17050076 NeedDownloadSubs: 1
[INFO]: 2025-12-16 11:49:13 - Queue 1 NeedDownloadEps - S1E202
[INFO]: 2025-12-16 11:49:13 - ------------------------------------------
[INFO]: 2025-12-16 11:49:13 - Queue 1 xunlei Start...
[INFO]: 2025-12-16 11:49:13 - xunlei Not Find Sub can be download 第 202 集 1 202
[INFO]: 2025-12-16 11:49:13 - Queue 1 xunlei End
[INFO]: 2025-12-16 11:49:13 - ------------------------------------------
[INFO]: 2025-12-16 11:49:13 - ------------------------------------------
[INFO]: 2025-12-16 11:49:13 - Queue 1 shooter Start...
[INFO]: 2025-12-16 11:49:14 - shooter Not Find Sub can be download 第 202 集 1 202
[INFO]: 2025-12-16 11:49:14 - Queue 1 shooter End
[INFO]: 2025-12-16 11:49:14 - ------------------------------------------
[INFO]: 2025-12-16 11:49:14 - Queue 1 DlSub End /media/Animes/吞噬星空 (2020)
[INFO]: 2025-12-16 11:49:14 - ------------------------------------------
[WARNING]: 2025-12-16 11:49:14 - DownloadSubtitleInAllSiteByOneSeries.subInfos == 0, No Sub Downloaded.
[INFO]: 2025-12-16 11:49:14 - No Sub Found 吞噬星空 - S01E202 - 第202集.mp4 1 202
