[INFO]: 2025-12-13 20:01:16 - Queue 1 DlSub Start /media/Animes/斗破苍穹 (2017)
[INFO]: 2025-12-13 20:01:16 - Queue 1 IMDB ID: tt12409194 NeedDownloadSubs: 1
[INFO]: 2025-12-13 20:01:16 - Queue 1 NeedDownloadEps - S5E177
[INFO]: 2025-12-13 20:01:16 - ------------------------------------------
[INFO]: 2025-12-13 20:01:16 - Queue 1 xunlei Start...
[INFO]: 2025-12-13 20:01:16 - xunlei Not Find Sub can be download 第 177 集 5 177
[INFO]: 2025-12-13 20:01:16 - Queue 1 xunlei End
[INFO]: 2025-12-13 20:01:16 - ------------------------------------------
[INFO]: 2025-12-13 20:01:16 - ------------------------------------------
[INFO]: 2025-12-13 20:01:16 - Queue 1 shooter Start...
[INFO]: 2025-12-13 20:01:17 - shooter Not Find Sub can be download 第 177 集 5 177
[INFO]: 2025-12-13 20:01:17 - Queue 1 shooter End
[INFO]: 2025-12-13 20:01:17 - ------------------------------------------
[INFO]: 2025-12-13 20:01:17 - Queue 1 DlSub End /media/Animes/斗破苍穹 (2017)
[INFO]: 2025-12-13 20:01:17 - ------------------------------------------
[WARNING]: 2025-12-13 20:01:17 - DownloadSubtitleInAllSiteByOneSeries.subInfos == 0, No Sub Downloaded.
[INFO]: 2025-12-13 20:01:17 - No Sub Found 斗破苍穹 - S05E177 - 第177集.mkv 5 177
[INFO]: 2025-12-14 08:01:31 - Queue 1 DlSub Start /media/Animes/斗破苍穹 (2017)
[INFO]: 2025-12-14 08:01:31 - Queue 1 IMDB ID: tt12409194 NeedDownloadSubs: 1
[INFO]: 2025-12-14 08:01:31 - Queue 1 NeedDownloadEps - S5E177
[INFO]: 2025-12-14 08:01:31 - ------------------------------------------
[INFO]: 2025-12-14 08:01:31 - Queue 1 xunlei Start...
[INFO]: 2025-12-14 08:01:31 - xunlei Not Find Sub can be download 第 177 集 5 177
[INFO]: 2025-12-14 08:01:31 - Queue 1 xunlei End
[INFO]: 2025-12-14 08:01:31 - ------------------------------------------
[INFO]: 2025-12-14 08:01:31 - ------------------------------------------
[INFO]: 2025-12-14 08:01:31 - Queue 1 shooter Start...
[INFO]: 2025-12-14 08:01:31 - shooter Not Find Sub can be download 第 177 集 5 177
[INFO]: 2025-12-14 08:01:31 - Queue 1 shooter End
[INFO]: 2025-12-14 08:01:31 - ------------------------------------------
[INFO]: 2025-12-14 08:01:31 - Queue 1 DlSub End /media/Animes/斗破苍穹 (2017)
[INFO]: 2025-12-14 08:01:31 - ------------------------------------------
[WARNING]: 2025-12-14 08:01:31 - DownloadSubtitleInAllSiteByOneSeries.subInfos == 0, No Sub Downloaded.
[INFO]: 2025-12-14 08:01:31 - No Sub Found 斗破苍穹 - S05E177 - 第177集.mkv 5 177
