[INFO]: 2025-12-30 04:11:28 - Queue 1 DlSub Start /media/TV Shows/唐朝诡事录 (2022)
[INFO]: 2025-12-30 04:11:28 - Queue 1 IMDB ID: tt22797712 NeedDownloadSubs: 1
[INFO]: 2025-12-30 04:11:28 - Queue 1 NeedDownloadEps - S4E13
[INFO]: 2025-12-30 04:11:28 - ------------------------------------------
[INFO]: 2025-12-30 04:11:28 - Queue 1 xunlei Start...
[INFO]: 2025-12-30 04:11:28 - xunlei Not Find Sub can be download 苏无名试图解开主尊身份 4 13
[INFO]: 2025-12-30 04:11:28 - Queue 1 xunlei End
[INFO]: 2025-12-30 04:11:28 - ------------------------------------------
[INFO]: 2025-12-30 04:11:28 - ------------------------------------------
[INFO]: 2025-12-30 04:11:28 - Queue 1 shooter Start...
[INFO]: 2025-12-30 04:11:29 - shooter Not Find Sub can be download 苏无名试图解开主尊身份 4 13
[INFO]: 2025-12-30 04:11:29 - Queue 1 shooter End
[INFO]: 2025-12-30 04:11:29 - ------------------------------------------
[INFO]: 2025-12-30 04:11:29 - Queue 1 DlSub End /media/TV Shows/唐朝诡事录 (2022)
[INFO]: 2025-12-30 04:11:29 - ------------------------------------------
[WARNING]: 2025-12-30 04:11:29 - DownloadSubtitleInAllSiteByOneSeries.subInfos == 0, No Sub Downloaded.
[INFO]: 2025-12-30 04:11:29 - No Sub Found 唐朝诡事录 - S04E13 - 第13集.mkv 4 13
[INFO]: 2025-12-30 16:11:37 - Queue 1 DlSub Start /media/TV Shows/唐朝诡事录 (2022)
[INFO]: 2025-12-30 16:11:37 - Queue 1 IMDB ID: tt22797712 NeedDownloadSubs: 1
[INFO]: 2025-12-30 16:11:37 - Queue 1 NeedDownloadEps - S4E13
[INFO]: 2025-12-30 16:11:37 - ------------------------------------------
[INFO]: 2025-12-30 16:11:37 - Queue 1 xunlei Start...
[INFO]: 2025-12-30 16:11:37 - xunlei Not Find Sub can be download 苏无名试图解开主尊身份 4 13
[INFO]: 2025-12-30 16:11:37 - Queue 1 xunlei End
[INFO]: 2025-12-30 16:11:37 - ------------------------------------------
[INFO]: 2025-12-30 16:11:37 - ------------------------------------------
[INFO]: 2025-12-30 16:11:37 - Queue 1 shooter Start...
[INFO]: 2025-12-30 16:11:37 - shooter Not Find Sub can be download 苏无名试图解开主尊身份 4 13
[INFO]: 2025-12-30 16:11:37 - Queue 1 shooter End
[INFO]: 2025-12-30 16:11:37 - ------------------------------------------
[INFO]: 2025-12-30 16:11:37 - Queue 1 DlSub End /media/TV Shows/唐朝诡事录 (2022)
[INFO]: 2025-12-30 16:11:37 - ------------------------------------------
[WARNING]: 2025-12-30 16:11:37 - DownloadSubtitleInAllSiteByOneSeries.subInfos == 0, No Sub Downloaded.
[INFO]: 2025-12-30 16:11:37 - No Sub Found 唐朝诡事录 - S04E13 - 第13集.mkv 4 13
[INFO]: 2025-12-31 04:11:52 - Queue 1 DlSub Start /media/TV Shows/唐朝诡事录 (2022)
[INFO]: 2025-12-31 04:11:52 - Queue 1 IMDB ID: tt22797712 NeedDownloadSubs: 1
[INFO]: 2025-12-31 04:11:52 - Queue 1 NeedDownloadEps - S4E13
[INFO]: 2025-12-31 04:11:52 - ------------------------------------------
[INFO]: 2025-12-31 04:11:52 - Queue 1 xunlei Start...
[INFO]: 2025-12-31 04:11:52 - xunlei Not Find Sub can be download 苏无名试图解开主尊身份 4 13
[INFO]: 2025-12-31 04:11:52 - Queue 1 xunlei End
[INFO]: 2025-12-31 04:11:52 - ------------------------------------------
[INFO]: 2025-12-31 04:11:52 - ------------------------------------------
[INFO]: 2025-12-31 04:11:52 - Queue 1 shooter Start...
[INFO]: 2025-12-31 04:11:53 - shooter Not Find Sub can be download 苏无名试图解开主尊身份 4 13
[INFO]: 2025-12-31 04:11:53 - Queue 1 shooter End
[INFO]: 2025-12-31 04:11:53 - ------------------------------------------
[INFO]: 2025-12-31 04:11:53 - Queue 1 DlSub End /media/TV Shows/唐朝诡事录 (2022)
[INFO]: 2025-12-31 04:11:53 - ------------------------------------------
[WARNING]: 2025-12-31 04:11:53 - DownloadSubtitleInAllSiteByOneSeries.subInfos == 0, No Sub Downloaded.
[INFO]: 2025-12-31 04:11:53 - No Sub Found 唐朝诡事录 - S04E13 - 第13集.mkv 4 13
[INFO]: 2025-12-31 16:12:07 - Queue 1 DlSub Start /media/TV Shows/唐朝诡事录 (2022)
[INFO]: 2025-12-31 16:12:07 - Queue 1 IMDB ID: tt22797712 NeedDownloadSubs: 1
[INFO]: 2025-12-31 16:12:07 - Queue 1 NeedDownloadEps - S4E13
[INFO]: 2025-12-31 16:12:07 - ------------------------------------------
[INFO]: 2025-12-31 16:12:07 - Queue 1 xunlei Start...
[INFO]: 2025-12-31 16:12:07 - xunlei Not Find Sub can be download 苏无名试图解开主尊身份 4 13
[INFO]: 2025-12-31 16:12:07 - Queue 1 xunlei End
[INFO]: 2025-12-31 16:12:07 - ------------------------------------------
[INFO]: 2025-12-31 16:12:07 - ------------------------------------------
[INFO]: 2025-12-31 16:12:07 - Queue 1 shooter Start...
[INFO]: 2025-12-31 16:12:07 - shooter Not Find Sub can be download 苏无名试图解开主尊身份 4 13
[INFO]: 2025-12-31 16:12:07 - Queue 1 shooter End
[INFO]: 2025-12-31 16:12:07 - ------------------------------------------
[INFO]: 2025-12-31 16:12:07 - Queue 1 DlSub End /media/TV Shows/唐朝诡事录 (2022)
[INFO]: 2025-12-31 16:12:07 - ------------------------------------------
[WARNING]: 2025-12-31 16:12:07 - DownloadSubtitleInAllSiteByOneSeries.subInfos == 0, No Sub Downloaded.
[INFO]: 2025-12-31 16:12:07 - No Sub Found 唐朝诡事录 - S04E13 - 第13集.mkv 4 13
[INFO]: 2026-01-01 04:12:22 - Queue 1 DlSub Start /media/TV Shows/唐朝诡事录 (2022)
[INFO]: 2026-01-01 04:12:22 - Queue 1 IMDB ID: tt22797712 NeedDownloadSubs: 1
[INFO]: 2026-01-01 04:12:22 - Queue 1 NeedDownloadEps - S4E13
[INFO]: 2026-01-01 04:12:22 - ------------------------------------------
[INFO]: 2026-01-01 04:12:22 - Queue 1 xunlei Start...
[INFO]: 2026-01-01 04:12:22 - xunlei Not Find Sub can be download 苏无名试图解开主尊身份 4 13
[INFO]: 2026-01-01 04:12:22 - Queue 1 xunlei End
[INFO]: 2026-01-01 04:12:22 - ------------------------------------------
[INFO]: 2026-01-01 04:12:22 - ------------------------------------------
[INFO]: 2026-01-01 04:12:22 - Queue 1 shooter Start...
[INFO]: 2026-01-01 04:12:22 - shooter Not Find Sub can be download 苏无名试图解开主尊身份 4 13
[INFO]: 2026-01-01 04:12:22 - Queue 1 shooter End
[INFO]: 2026-01-01 04:12:22 - ------------------------------------------
[INFO]: 2026-01-01 04:12:22 - Queue 1 DlSub End /media/TV Shows/唐朝诡事录 (2022)
[INFO]: 2026-01-01 04:12:22 - ------------------------------------------
[WARNING]: 2026-01-01 04:12:22 - DownloadSubtitleInAllSiteByOneSeries.subInfos == 0, No Sub Downloaded.
[INFO]: 2026-01-01 04:12:22 - No Sub Found 唐朝诡事录 - S04E13 - 第13集.mkv 4 13
[INFO]: 2026-01-01 16:12:37 - Queue 1 DlSub Start /media/TV Shows/唐朝诡事录 (2022)
[INFO]: 2026-01-01 16:12:37 - Queue 1 IMDB ID: tt22797712 NeedDownloadSubs: 1
[INFO]: 2026-01-01 16:12:37 - Queue 1 NeedDownloadEps - S4E13
[INFO]: 2026-01-01 16:12:37 - ------------------------------------------
[INFO]: 2026-01-01 16:12:37 - Queue 1 xunlei Start...
[INFO]: 2026-01-01 16:12:37 - xunlei Not Find Sub can be download 苏无名试图解开主尊身份 4 13
[INFO]: 2026-01-01 16:12:37 - Queue 1 xunlei End
[INFO]: 2026-01-01 16:12:37 - ------------------------------------------
[INFO]: 2026-01-01 16:12:37 - ------------------------------------------
[INFO]: 2026-01-01 16:12:37 - Queue 1 shooter Start...
[INFO]: 2026-01-01 16:12:38 - shooter Not Find Sub can be download 苏无名试图解开主尊身份 4 13
[INFO]: 2026-01-01 16:12:38 - Queue 1 shooter End
[INFO]: 2026-01-01 16:12:38 - ------------------------------------------
[INFO]: 2026-01-01 16:12:38 - Queue 1 DlSub End /media/TV Shows/唐朝诡事录 (2022)
[INFO]: 2026-01-01 16:12:38 - ------------------------------------------
[WARNING]: 2026-01-01 16:12:38 - DownloadSubtitleInAllSiteByOneSeries.subInfos == 0, No Sub Downloaded.
[INFO]: 2026-01-01 16:12:38 - No Sub Found 唐朝诡事录 - S04E13 - 第13集.mkv 4 13
[INFO]: 2026-01-02 04:12:52 - Queue 1 DlSub Start /media/TV Shows/唐朝诡事录 (2022)
[INFO]: 2026-01-02 04:12:52 - Queue 1 IMDB ID: tt22797712 NeedDownloadSubs: 1
[INFO]: 2026-01-02 04:12:52 - Queue 1 NeedDownloadEps - S4E13
[INFO]: 2026-01-02 04:12:52 - ------------------------------------------
[INFO]: 2026-01-02 04:12:52 - Queue 1 xunlei Start...
[INFO]: 2026-01-02 04:12:52 - xunlei Not Find Sub can be download 苏无名试图解开主尊身份 4 13
[INFO]: 2026-01-02 04:12:52 - Queue 1 xunlei End
[INFO]: 2026-01-02 04:12:52 - ------------------------------------------
[INFO]: 2026-01-02 04:12:52 - ------------------------------------------
[INFO]: 2026-01-02 04:12:52 - Queue 1 shooter Start...
[INFO]: 2026-01-02 04:12:53 - shooter Not Find Sub can be download 苏无名试图解开主尊身份 4 13
[INFO]: 2026-01-02 04:12:53 - Queue 1 shooter End
[INFO]: 2026-01-02 04:12:53 - ------------------------------------------
[INFO]: 2026-01-02 04:12:53 - Queue 1 DlSub End /media/TV Shows/唐朝诡事录 (2022)
[INFO]: 2026-01-02 04:12:53 - ------------------------------------------
[WARNING]: 2026-01-02 04:12:53 - DownloadSubtitleInAllSiteByOneSeries.subInfos == 0, No Sub Downloaded.
[INFO]: 2026-01-02 04:12:53 - No Sub Found 唐朝诡事录 - S04E13 - 第13集.mkv 4 13
