[INFO]: 2025-12-30 04:11:43 - Queue 1 DlSub Start /media/TV Shows/唐朝诡事录 (2022)
[INFO]: 2025-12-30 04:11:43 - Queue 1 IMDB ID: tt22797712 NeedDownloadSubs: 1
[INFO]: 2025-12-30 04:11:43 - Queue 1 NeedDownloadEps - S4E15
[INFO]: 2025-12-30 04:11:43 - ------------------------------------------
[INFO]: 2025-12-30 04:11:43 - Queue 1 xunlei Start...
[INFO]: 2025-12-30 04:11:43 - xunlei Not Find Sub can be download 瑞秋坦白陈谦真实身份 4 15
[INFO]: 2025-12-30 04:11:43 - Queue 1 xunlei End
[INFO]: 2025-12-30 04:11:43 - ------------------------------------------
[INFO]: 2025-12-30 04:11:43 - ------------------------------------------
[INFO]: 2025-12-30 04:11:43 - Queue 1 shooter Start...
[INFO]: 2025-12-30 04:11:44 - shooter Not Find Sub can be download 瑞秋坦白陈谦真实身份 4 15
[INFO]: 2025-12-30 04:11:44 - Queue 1 shooter End
[INFO]: 2025-12-30 04:11:44 - ------------------------------------------
[INFO]: 2025-12-30 04:11:44 - Queue 1 DlSub End /media/TV Shows/唐朝诡事录 (2022)
[INFO]: 2025-12-30 04:11:44 - ------------------------------------------
[WARNING]: 2025-12-30 04:11:44 - DownloadSubtitleInAllSiteByOneSeries.subInfos == 0, No Sub Downloaded.
[INFO]: 2025-12-30 04:11:44 - No Sub Found 唐朝诡事录 - S04E15 - 第15集.mkv 4 15
[INFO]: 2025-12-30 16:11:52 - Queue 1 DlSub Start /media/TV Shows/唐朝诡事录 (2022)
[INFO]: 2025-12-30 16:11:52 - Queue 1 IMDB ID: tt22797712 NeedDownloadSubs: 1
[INFO]: 2025-12-30 16:11:52 - Queue 1 NeedDownloadEps - S4E15
[INFO]: 2025-12-30 16:11:52 - ------------------------------------------
[INFO]: 2025-12-30 16:11:52 - Queue 1 xunlei Start...
[INFO]: 2025-12-30 16:11:53 - xunlei Not Find Sub can be download 瑞秋坦白陈谦真实身份 4 15
[INFO]: 2025-12-30 16:11:53 - Queue 1 xunlei End
[INFO]: 2025-12-30 16:11:53 - ------------------------------------------
[INFO]: 2025-12-30 16:11:53 - ------------------------------------------
[INFO]: 2025-12-30 16:11:53 - Queue 1 shooter Start...
[INFO]: 2025-12-30 16:11:53 - shooter Not Find Sub can be download 瑞秋坦白陈谦真实身份 4 15
[INFO]: 2025-12-30 16:11:53 - Queue 1 shooter End
[INFO]: 2025-12-30 16:11:53 - ------------------------------------------
[INFO]: 2025-12-30 16:11:53 - Queue 1 DlSub End /media/TV Shows/唐朝诡事录 (2022)
[INFO]: 2025-12-30 16:11:53 - ------------------------------------------
[WARNING]: 2025-12-30 16:11:53 - DownloadSubtitleInAllSiteByOneSeries.subInfos == 0, No Sub Downloaded.
[INFO]: 2025-12-30 16:11:53 - No Sub Found 唐朝诡事录 - S04E15 - 第15集.mkv 4 15
[INFO]: 2025-12-31 04:12:07 - Queue 1 DlSub Start /media/TV Shows/唐朝诡事录 (2022)
[INFO]: 2025-12-31 04:12:07 - Queue 1 IMDB ID: tt22797712 NeedDownloadSubs: 1
[INFO]: 2025-12-31 04:12:07 - Queue 1 NeedDownloadEps - S4E15
[INFO]: 2025-12-31 04:12:07 - ------------------------------------------
[INFO]: 2025-12-31 04:12:07 - Queue 1 xunlei Start...
[INFO]: 2025-12-31 04:12:07 - xunlei Not Find Sub can be download 瑞秋坦白陈谦真实身份 4 15
[INFO]: 2025-12-31 04:12:07 - Queue 1 xunlei End
[INFO]: 2025-12-31 04:12:07 - ------------------------------------------
[INFO]: 2025-12-31 04:12:07 - ------------------------------------------
[INFO]: 2025-12-31 04:12:07 - Queue 1 shooter Start...
[INFO]: 2025-12-31 04:12:08 - shooter Not Find Sub can be download 瑞秋坦白陈谦真实身份 4 15
[INFO]: 2025-12-31 04:12:08 - Queue 1 shooter End
[INFO]: 2025-12-31 04:12:08 - ------------------------------------------
[INFO]: 2025-12-31 04:12:08 - Queue 1 DlSub End /media/TV Shows/唐朝诡事录 (2022)
[INFO]: 2025-12-31 04:12:08 - ------------------------------------------
[WARNING]: 2025-12-31 04:12:08 - DownloadSubtitleInAllSiteByOneSeries.subInfos == 0, No Sub Downloaded.
[INFO]: 2025-12-31 04:12:08 - No Sub Found 唐朝诡事录 - S04E15 - 第15集.mkv 4 15
[INFO]: 2025-12-31 16:12:22 - Queue 1 DlSub Start /media/TV Shows/唐朝诡事录 (2022)
[INFO]: 2025-12-31 16:12:22 - Queue 1 IMDB ID: tt22797712 NeedDownloadSubs: 1
[INFO]: 2025-12-31 16:12:22 - Queue 1 NeedDownloadEps - S4E15
[INFO]: 2025-12-31 16:12:22 - ------------------------------------------
[INFO]: 2025-12-31 16:12:22 - Queue 1 xunlei Start...
[INFO]: 2025-12-31 16:12:22 - xunlei Not Find Sub can be download 瑞秋坦白陈谦真实身份 4 15
[INFO]: 2025-12-31 16:12:22 - Queue 1 xunlei End
[INFO]: 2025-12-31 16:12:22 - ------------------------------------------
[INFO]: 2025-12-31 16:12:22 - ------------------------------------------
[INFO]: 2025-12-31 16:12:22 - Queue 1 shooter Start...
[INFO]: 2025-12-31 16:12:23 - shooter Not Find Sub can be download 瑞秋坦白陈谦真实身份 4 15
[INFO]: 2025-12-31 16:12:23 - Queue 1 shooter End
[INFO]: 2025-12-31 16:12:23 - ------------------------------------------
[INFO]: 2025-12-31 16:12:23 - Queue 1 DlSub End /media/TV Shows/唐朝诡事录 (2022)
[INFO]: 2025-12-31 16:12:23 - ------------------------------------------
[WARNING]: 2025-12-31 16:12:23 - DownloadSubtitleInAllSiteByOneSeries.subInfos == 0, No Sub Downloaded.
[INFO]: 2025-12-31 16:12:23 - No Sub Found 唐朝诡事录 - S04E15 - 第15集.mkv 4 15
[INFO]: 2026-01-01 04:12:37 - Queue 1 DlSub Start /media/TV Shows/唐朝诡事录 (2022)
[INFO]: 2026-01-01 04:12:37 - Queue 1 IMDB ID: tt22797712 NeedDownloadSubs: 1
[INFO]: 2026-01-01 04:12:37 - Queue 1 NeedDownloadEps - S4E15
[INFO]: 2026-01-01 04:12:37 - ------------------------------------------
[INFO]: 2026-01-01 04:12:37 - Queue 1 xunlei Start...
[INFO]: 2026-01-01 04:12:37 - xunlei Not Find Sub can be download 瑞秋坦白陈谦真实身份 4 15
[INFO]: 2026-01-01 04:12:37 - Queue 1 xunlei End
[INFO]: 2026-01-01 04:12:37 - ------------------------------------------
[INFO]: 2026-01-01 04:12:37 - ------------------------------------------
[INFO]: 2026-01-01 04:12:37 - Queue 1 shooter Start...
[INFO]: 2026-01-01 04:12:37 - shooter Not Find Sub can be download 瑞秋坦白陈谦真实身份 4 15
[INFO]: 2026-01-01 04:12:37 - Queue 1 shooter End
[INFO]: 2026-01-01 04:12:37 - ------------------------------------------
[INFO]: 2026-01-01 04:12:37 - Queue 1 DlSub End /media/TV Shows/唐朝诡事录 (2022)
[INFO]: 2026-01-01 04:12:37 - ------------------------------------------
[WARNING]: 2026-01-01 04:12:37 - DownloadSubtitleInAllSiteByOneSeries.subInfos == 0, No Sub Downloaded.
[INFO]: 2026-01-01 04:12:37 - No Sub Found 唐朝诡事录 - S04E15 - 第15集.mkv 4 15
[INFO]: 2026-01-01 16:12:52 - Queue 1 DlSub Start /media/TV Shows/唐朝诡事录 (2022)
[INFO]: 2026-01-01 16:12:52 - Queue 1 IMDB ID: tt22797712 NeedDownloadSubs: 1
[INFO]: 2026-01-01 16:12:52 - Queue 1 NeedDownloadEps - S4E15
[INFO]: 2026-01-01 16:12:52 - ------------------------------------------
[INFO]: 2026-01-01 16:12:52 - Queue 1 xunlei Start...
[INFO]: 2026-01-01 16:12:52 - xunlei Not Find Sub can be download 瑞秋坦白陈谦真实身份 4 15
[INFO]: 2026-01-01 16:12:52 - Queue 1 xunlei End
[INFO]: 2026-01-01 16:12:52 - ------------------------------------------
[INFO]: 2026-01-01 16:12:52 - ------------------------------------------
[INFO]: 2026-01-01 16:12:52 - Queue 1 shooter Start...
[INFO]: 2026-01-01 16:12:53 - shooter Not Find Sub can be download 瑞秋坦白陈谦真实身份 4 15
[INFO]: 2026-01-01 16:12:53 - Queue 1 shooter End
[INFO]: 2026-01-01 16:12:53 - ------------------------------------------
[INFO]: 2026-01-01 16:12:53 - Queue 1 DlSub End /media/TV Shows/唐朝诡事录 (2022)
[INFO]: 2026-01-01 16:12:53 - ------------------------------------------
[WARNING]: 2026-01-01 16:12:53 - DownloadSubtitleInAllSiteByOneSeries.subInfos == 0, No Sub Downloaded.
[INFO]: 2026-01-01 16:12:53 - No Sub Found 唐朝诡事录 - S04E15 - 第15集.mkv 4 15
[INFO]: 2026-01-02 04:13:07 - Queue 1 DlSub Start /media/TV Shows/唐朝诡事录 (2022)
[INFO]: 2026-01-02 04:13:07 - Queue 1 IMDB ID: tt22797712 NeedDownloadSubs: 1
[INFO]: 2026-01-02 04:13:07 - Queue 1 NeedDownloadEps - S4E15
[INFO]: 2026-01-02 04:13:07 - ------------------------------------------
[INFO]: 2026-01-02 04:13:07 - Queue 1 xunlei Start...
[INFO]: 2026-01-02 04:13:07 - xunlei Not Find Sub can be download 瑞秋坦白陈谦真实身份 4 15
[INFO]: 2026-01-02 04:13:07 - Queue 1 xunlei End
[INFO]: 2026-01-02 04:13:07 - ------------------------------------------
[INFO]: 2026-01-02 04:13:07 - ------------------------------------------
[INFO]: 2026-01-02 04:13:07 - Queue 1 shooter Start...
[INFO]: 2026-01-02 04:13:08 - shooter Not Find Sub can be download 瑞秋坦白陈谦真实身份 4 15
[INFO]: 2026-01-02 04:13:08 - Queue 1 shooter End
[INFO]: 2026-01-02 04:13:08 - ------------------------------------------
[INFO]: 2026-01-02 04:13:08 - Queue 1 DlSub End /media/TV Shows/唐朝诡事录 (2022)
[INFO]: 2026-01-02 04:13:08 - ------------------------------------------
[WARNING]: 2026-01-02 04:13:08 - DownloadSubtitleInAllSiteByOneSeries.subInfos == 0, No Sub Downloaded.
[INFO]: 2026-01-02 04:13:08 - No Sub Found 唐朝诡事录 - S04E15 - 第15集.mkv 4 15
