[INFO]: 2025-12-30 04:08:58 - Queue 1 DlSub Start /media/TV Shows/唐朝诡事录 (2022)
[INFO]: 2025-12-30 04:08:58 - Queue 1 IMDB ID: tt22797712 NeedDownloadSubs: 1
[INFO]: 2025-12-30 04:08:58 - Queue 1 NeedDownloadEps - S4E12
[INFO]: 2025-12-30 04:08:58 - ------------------------------------------
[INFO]: 2025-12-30 04:08:58 - Queue 1 xunlei Start...
[INFO]: 2025-12-30 04:08:58 - xunlei Not Find Sub can be download 费鸡师倾诉被囚禁经历 4 12
[INFO]: 2025-12-30 04:08:58 - Queue 1 xunlei End
[INFO]: 2025-12-30 04:08:58 - ------------------------------------------
[INFO]: 2025-12-30 04:08:58 - ------------------------------------------
[INFO]: 2025-12-30 04:08:58 - Queue 1 shooter Start...
[INFO]: 2025-12-30 04:08:59 - shooter Not Find Sub can be download 费鸡师倾诉被囚禁经历 4 12
[INFO]: 2025-12-30 04:08:59 - Queue 1 shooter End
[INFO]: 2025-12-30 04:08:59 - ------------------------------------------
[INFO]: 2025-12-30 04:08:59 - Queue 1 DlSub End /media/TV Shows/唐朝诡事录 (2022)
[INFO]: 2025-12-30 04:08:59 - ------------------------------------------
[WARNING]: 2025-12-30 04:08:59 - DownloadSubtitleInAllSiteByOneSeries.subInfos == 0, No Sub Downloaded.
[INFO]: 2025-12-30 04:08:59 - No Sub Found 唐朝诡事录 - S04E12 - 第12集.mkv 4 12
[INFO]: 2025-12-30 16:09:07 - Queue 1 DlSub Start /media/TV Shows/唐朝诡事录 (2022)
[INFO]: 2025-12-30 16:09:07 - Queue 1 IMDB ID: tt22797712 NeedDownloadSubs: 1
[INFO]: 2025-12-30 16:09:07 - Queue 1 NeedDownloadEps - S4E12
[INFO]: 2025-12-30 16:09:07 - ------------------------------------------
[INFO]: 2025-12-30 16:09:07 - Queue 1 xunlei Start...
[INFO]: 2025-12-30 16:09:07 - xunlei Not Find Sub can be download 费鸡师倾诉被囚禁经历 4 12
[INFO]: 2025-12-30 16:09:07 - Queue 1 xunlei End
[INFO]: 2025-12-30 16:09:07 - ------------------------------------------
[INFO]: 2025-12-30 16:09:07 - ------------------------------------------
[INFO]: 2025-12-30 16:09:07 - Queue 1 shooter Start...
[INFO]: 2025-12-30 16:09:07 - shooter Not Find Sub can be download 费鸡师倾诉被囚禁经历 4 12
[INFO]: 2025-12-30 16:09:07 - Queue 1 shooter End
[INFO]: 2025-12-30 16:09:07 - ------------------------------------------
[INFO]: 2025-12-30 16:09:07 - Queue 1 DlSub End /media/TV Shows/唐朝诡事录 (2022)
[INFO]: 2025-12-30 16:09:07 - ------------------------------------------
[WARNING]: 2025-12-30 16:09:07 - DownloadSubtitleInAllSiteByOneSeries.subInfos == 0, No Sub Downloaded.
[INFO]: 2025-12-30 16:09:07 - No Sub Found 唐朝诡事录 - S04E12 - 第12集.mkv 4 12
[INFO]: 2025-12-31 04:09:22 - Queue 1 DlSub Start /media/TV Shows/唐朝诡事录 (2022)
[INFO]: 2025-12-31 04:09:22 - Queue 1 IMDB ID: tt22797712 NeedDownloadSubs: 1
[INFO]: 2025-12-31 04:09:22 - Queue 1 NeedDownloadEps - S4E12
[INFO]: 2025-12-31 04:09:22 - ------------------------------------------
[INFO]: 2025-12-31 04:09:22 - Queue 1 xunlei Start...
[INFO]: 2025-12-31 04:09:22 - xunlei Not Find Sub can be download 费鸡师倾诉被囚禁经历 4 12
[INFO]: 2025-12-31 04:09:22 - Queue 1 xunlei End
[INFO]: 2025-12-31 04:09:22 - ------------------------------------------
[INFO]: 2025-12-31 04:09:22 - ------------------------------------------
[INFO]: 2025-12-31 04:09:22 - Queue 1 shooter Start...
[INFO]: 2025-12-31 04:09:23 - shooter Not Find Sub can be download 费鸡师倾诉被囚禁经历 4 12
[INFO]: 2025-12-31 04:09:23 - Queue 1 shooter End
[INFO]: 2025-12-31 04:09:23 - ------------------------------------------
[INFO]: 2025-12-31 04:09:23 - Queue 1 DlSub End /media/TV Shows/唐朝诡事录 (2022)
[INFO]: 2025-12-31 04:09:23 - ------------------------------------------
[WARNING]: 2025-12-31 04:09:23 - DownloadSubtitleInAllSiteByOneSeries.subInfos == 0, No Sub Downloaded.
[INFO]: 2025-12-31 04:09:23 - No Sub Found 唐朝诡事录 - S04E12 - 第12集.mkv 4 12
[INFO]: 2025-12-31 16:09:37 - Queue 1 DlSub Start /media/TV Shows/唐朝诡事录 (2022)
[INFO]: 2025-12-31 16:09:37 - Queue 1 IMDB ID: tt22797712 NeedDownloadSubs: 1
[INFO]: 2025-12-31 16:09:37 - Queue 1 NeedDownloadEps - S4E12
[INFO]: 2025-12-31 16:09:37 - ------------------------------------------
[INFO]: 2025-12-31 16:09:37 - Queue 1 xunlei Start...
[INFO]: 2025-12-31 16:09:37 - xunlei Not Find Sub can be download 费鸡师倾诉被囚禁经历 4 12
[INFO]: 2025-12-31 16:09:37 - Queue 1 xunlei End
[INFO]: 2025-12-31 16:09:37 - ------------------------------------------
[INFO]: 2025-12-31 16:09:37 - ------------------------------------------
[INFO]: 2025-12-31 16:09:37 - Queue 1 shooter Start...
[INFO]: 2025-12-31 16:09:40 - shooter Not Find Sub can be download 费鸡师倾诉被囚禁经历 4 12
[INFO]: 2025-12-31 16:09:40 - Queue 1 shooter End
[INFO]: 2025-12-31 16:09:40 - ------------------------------------------
[INFO]: 2025-12-31 16:09:40 - Queue 1 DlSub End /media/TV Shows/唐朝诡事录 (2022)
[INFO]: 2025-12-31 16:09:40 - ------------------------------------------
[WARNING]: 2025-12-31 16:09:40 - DownloadSubtitleInAllSiteByOneSeries.subInfos == 0, No Sub Downloaded.
[INFO]: 2025-12-31 16:09:40 - No Sub Found 唐朝诡事录 - S04E12 - 第12集.mkv 4 12
[INFO]: 2026-01-01 04:09:52 - Queue 1 DlSub Start /media/TV Shows/唐朝诡事录 (2022)
[INFO]: 2026-01-01 04:09:52 - Queue 1 IMDB ID: tt22797712 NeedDownloadSubs: 1
[INFO]: 2026-01-01 04:09:52 - Queue 1 NeedDownloadEps - S4E12
[INFO]: 2026-01-01 04:09:52 - ------------------------------------------
[INFO]: 2026-01-01 04:09:52 - Queue 1 xunlei Start...
[INFO]: 2026-01-01 04:09:52 - xunlei Not Find Sub can be download 费鸡师倾诉被囚禁经历 4 12
[INFO]: 2026-01-01 04:09:52 - Queue 1 xunlei End
[INFO]: 2026-01-01 04:09:52 - ------------------------------------------
[INFO]: 2026-01-01 04:09:52 - ------------------------------------------
[INFO]: 2026-01-01 04:09:52 - Queue 1 shooter Start...
[INFO]: 2026-01-01 04:09:53 - shooter Not Find Sub can be download 费鸡师倾诉被囚禁经历 4 12
[INFO]: 2026-01-01 04:09:53 - Queue 1 shooter End
[INFO]: 2026-01-01 04:09:53 - ------------------------------------------
[INFO]: 2026-01-01 04:09:53 - Queue 1 DlSub End /media/TV Shows/唐朝诡事录 (2022)
[INFO]: 2026-01-01 04:09:53 - ------------------------------------------
[WARNING]: 2026-01-01 04:09:53 - DownloadSubtitleInAllSiteByOneSeries.subInfos == 0, No Sub Downloaded.
[INFO]: 2026-01-01 04:09:53 - No Sub Found 唐朝诡事录 - S04E12 - 第12集.mkv 4 12
[INFO]: 2026-01-01 16:10:07 - Queue 1 DlSub Start /media/TV Shows/唐朝诡事录 (2022)
[INFO]: 2026-01-01 16:10:07 - Queue 1 IMDB ID: tt22797712 NeedDownloadSubs: 1
[INFO]: 2026-01-01 16:10:07 - Queue 1 NeedDownloadEps - S4E12
[INFO]: 2026-01-01 16:10:07 - ------------------------------------------
[INFO]: 2026-01-01 16:10:07 - Queue 1 xunlei Start...
[INFO]: 2026-01-01 16:10:07 - xunlei Not Find Sub can be download 费鸡师倾诉被囚禁经历 4 12
[INFO]: 2026-01-01 16:10:07 - Queue 1 xunlei End
[INFO]: 2026-01-01 16:10:07 - ------------------------------------------
[INFO]: 2026-01-01 16:10:07 - ------------------------------------------
[INFO]: 2026-01-01 16:10:07 - Queue 1 shooter Start...
[INFO]: 2026-01-01 16:10:09 - shooter Not Find Sub can be download 费鸡师倾诉被囚禁经历 4 12
[INFO]: 2026-01-01 16:10:09 - Queue 1 shooter End
[INFO]: 2026-01-01 16:10:09 - ------------------------------------------
[INFO]: 2026-01-01 16:10:09 - Queue 1 DlSub End /media/TV Shows/唐朝诡事录 (2022)
[INFO]: 2026-01-01 16:10:09 - ------------------------------------------
[WARNING]: 2026-01-01 16:10:09 - DownloadSubtitleInAllSiteByOneSeries.subInfos == 0, No Sub Downloaded.
[INFO]: 2026-01-01 16:10:09 - No Sub Found 唐朝诡事录 - S04E12 - 第12集.mkv 4 12
[INFO]: 2026-01-02 04:10:22 - Queue 1 DlSub Start /media/TV Shows/唐朝诡事录 (2022)
[INFO]: 2026-01-02 04:10:22 - Queue 1 IMDB ID: tt22797712 NeedDownloadSubs: 1
[INFO]: 2026-01-02 04:10:22 - Queue 1 NeedDownloadEps - S4E12
[INFO]: 2026-01-02 04:10:22 - ------------------------------------------
[INFO]: 2026-01-02 04:10:22 - Queue 1 xunlei Start...
[INFO]: 2026-01-02 04:10:22 - xunlei Not Find Sub can be download 费鸡师倾诉被囚禁经历 4 12
[INFO]: 2026-01-02 04:10:22 - Queue 1 xunlei End
[INFO]: 2026-01-02 04:10:22 - ------------------------------------------
[INFO]: 2026-01-02 04:10:22 - ------------------------------------------
[INFO]: 2026-01-02 04:10:22 - Queue 1 shooter Start...
[INFO]: 2026-01-02 04:10:23 - shooter Not Find Sub can be download 费鸡师倾诉被囚禁经历 4 12
[INFO]: 2026-01-02 04:10:23 - Queue 1 shooter End
[INFO]: 2026-01-02 04:10:23 - ------------------------------------------
[INFO]: 2026-01-02 04:10:23 - Queue 1 DlSub End /media/TV Shows/唐朝诡事录 (2022)
[INFO]: 2026-01-02 04:10:23 - ------------------------------------------
[WARNING]: 2026-01-02 04:10:23 - DownloadSubtitleInAllSiteByOneSeries.subInfos == 0, No Sub Downloaded.
[INFO]: 2026-01-02 04:10:23 - No Sub Found 唐朝诡事录 - S04E12 - 第12集.mkv 4 12
