[INFO]: 2025-12-30 04:09:58 - Queue 1 DlSub Start /media/TV Shows/唐朝诡事录 (2022)
[INFO]: 2025-12-30 04:09:58 - Queue 1 IMDB ID: tt22797712 NeedDownloadSubs: 1
[INFO]: 2025-12-30 04:09:58 - Queue 1 NeedDownloadEps - S4E18
[INFO]: 2025-12-30 04:09:58 - ------------------------------------------
[INFO]: 2025-12-30 04:09:58 - Queue 1 xunlei Start...
[INFO]: 2025-12-30 04:09:58 - xunlei Not Find Sub can be download 苏无名卢凌风怀疑马蒙 4 18
[INFO]: 2025-12-30 04:09:58 - Queue 1 xunlei End
[INFO]: 2025-12-30 04:09:58 - ------------------------------------------
[INFO]: 2025-12-30 04:09:58 - ------------------------------------------
[INFO]: 2025-12-30 04:09:58 - Queue 1 shooter Start...
[INFO]: 2025-12-30 04:09:58 - shooter Not Find Sub can be download 苏无名卢凌风怀疑马蒙 4 18
[INFO]: 2025-12-30 04:09:58 - Queue 1 shooter End
[INFO]: 2025-12-30 04:09:58 - ------------------------------------------
[INFO]: 2025-12-30 04:09:58 - Queue 1 DlSub End /media/TV Shows/唐朝诡事录 (2022)
[INFO]: 2025-12-30 04:09:58 - ------------------------------------------
[WARNING]: 2025-12-30 04:09:58 - DownloadSubtitleInAllSiteByOneSeries.subInfos == 0, No Sub Downloaded.
[INFO]: 2025-12-30 04:09:58 - No Sub Found 唐朝诡事录 - S04E18 - 第18集.mkv 4 18
[INFO]: 2025-12-30 16:10:07 - Queue 1 DlSub Start /media/TV Shows/唐朝诡事录 (2022)
[INFO]: 2025-12-30 16:10:07 - Queue 1 IMDB ID: tt22797712 NeedDownloadSubs: 1
[INFO]: 2025-12-30 16:10:07 - Queue 1 NeedDownloadEps - S4E18
[INFO]: 2025-12-30 16:10:07 - ------------------------------------------
[INFO]: 2025-12-30 16:10:07 - Queue 1 xunlei Start...
[INFO]: 2025-12-30 16:10:07 - xunlei Not Find Sub can be download 苏无名卢凌风怀疑马蒙 4 18
[INFO]: 2025-12-30 16:10:07 - Queue 1 xunlei End
[INFO]: 2025-12-30 16:10:07 - ------------------------------------------
[INFO]: 2025-12-30 16:10:07 - ------------------------------------------
[INFO]: 2025-12-30 16:10:07 - Queue 1 shooter Start...
[INFO]: 2025-12-30 16:10:08 - shooter Not Find Sub can be download 苏无名卢凌风怀疑马蒙 4 18
[INFO]: 2025-12-30 16:10:08 - Queue 1 shooter End
[INFO]: 2025-12-30 16:10:08 - ------------------------------------------
[INFO]: 2025-12-30 16:10:08 - Queue 1 DlSub End /media/TV Shows/唐朝诡事录 (2022)
[INFO]: 2025-12-30 16:10:08 - ------------------------------------------
[WARNING]: 2025-12-30 16:10:08 - DownloadSubtitleInAllSiteByOneSeries.subInfos == 0, No Sub Downloaded.
[INFO]: 2025-12-30 16:10:08 - No Sub Found 唐朝诡事录 - S04E18 - 第18集.mkv 4 18
[INFO]: 2025-12-31 04:10:22 - Queue 1 DlSub Start /media/TV Shows/唐朝诡事录 (2022)
[INFO]: 2025-12-31 04:10:22 - Queue 1 IMDB ID: tt22797712 NeedDownloadSubs: 1
[INFO]: 2025-12-31 04:10:22 - Queue 1 NeedDownloadEps - S4E18
[INFO]: 2025-12-31 04:10:22 - ------------------------------------------
[INFO]: 2025-12-31 04:10:22 - Queue 1 xunlei Start...
[INFO]: 2025-12-31 04:10:22 - xunlei Not Find Sub can be download 苏无名卢凌风怀疑马蒙 4 18
[INFO]: 2025-12-31 04:10:22 - Queue 1 xunlei End
[INFO]: 2025-12-31 04:10:22 - ------------------------------------------
[INFO]: 2025-12-31 04:10:22 - ------------------------------------------
[INFO]: 2025-12-31 04:10:22 - Queue 1 shooter Start...
[INFO]: 2025-12-31 04:10:22 - shooter Not Find Sub can be download 苏无名卢凌风怀疑马蒙 4 18
[INFO]: 2025-12-31 04:10:22 - Queue 1 shooter End
[INFO]: 2025-12-31 04:10:22 - ------------------------------------------
[INFO]: 2025-12-31 04:10:22 - Queue 1 DlSub End /media/TV Shows/唐朝诡事录 (2022)
[INFO]: 2025-12-31 04:10:22 - ------------------------------------------
[WARNING]: 2025-12-31 04:10:22 - DownloadSubtitleInAllSiteByOneSeries.subInfos == 0, No Sub Downloaded.
[INFO]: 2025-12-31 04:10:22 - No Sub Found 唐朝诡事录 - S04E18 - 第18集.mkv 4 18
[INFO]: 2025-12-31 16:10:37 - Queue 1 DlSub Start /media/TV Shows/唐朝诡事录 (2022)
[INFO]: 2025-12-31 16:10:37 - Queue 1 IMDB ID: tt22797712 NeedDownloadSubs: 1
[INFO]: 2025-12-31 16:10:37 - Queue 1 NeedDownloadEps - S4E18
[INFO]: 2025-12-31 16:10:37 - ------------------------------------------
[INFO]: 2025-12-31 16:10:37 - Queue 1 xunlei Start...
[INFO]: 2025-12-31 16:10:37 - xunlei Not Find Sub can be download 苏无名卢凌风怀疑马蒙 4 18
[INFO]: 2025-12-31 16:10:37 - Queue 1 xunlei End
[INFO]: 2025-12-31 16:10:37 - ------------------------------------------
[INFO]: 2025-12-31 16:10:37 - ------------------------------------------
[INFO]: 2025-12-31 16:10:37 - Queue 1 shooter Start...
[INFO]: 2025-12-31 16:10:38 - shooter Not Find Sub can be download 苏无名卢凌风怀疑马蒙 4 18
[INFO]: 2025-12-31 16:10:38 - Queue 1 shooter End
[INFO]: 2025-12-31 16:10:38 - ------------------------------------------
[INFO]: 2025-12-31 16:10:38 - Queue 1 DlSub End /media/TV Shows/唐朝诡事录 (2022)
[INFO]: 2025-12-31 16:10:38 - ------------------------------------------
[WARNING]: 2025-12-31 16:10:38 - DownloadSubtitleInAllSiteByOneSeries.subInfos == 0, No Sub Downloaded.
[INFO]: 2025-12-31 16:10:38 - No Sub Found 唐朝诡事录 - S04E18 - 第18集.mkv 4 18
[INFO]: 2026-01-01 04:10:52 - Queue 1 DlSub Start /media/TV Shows/唐朝诡事录 (2022)
[INFO]: 2026-01-01 04:10:52 - Queue 1 IMDB ID: tt22797712 NeedDownloadSubs: 1
[INFO]: 2026-01-01 04:10:52 - Queue 1 NeedDownloadEps - S4E18
[INFO]: 2026-01-01 04:10:52 - ------------------------------------------
[INFO]: 2026-01-01 04:10:52 - Queue 1 xunlei Start...
[INFO]: 2026-01-01 04:10:52 - xunlei Not Find Sub can be download 苏无名卢凌风怀疑马蒙 4 18
[INFO]: 2026-01-01 04:10:52 - Queue 1 xunlei End
[INFO]: 2026-01-01 04:10:52 - ------------------------------------------
[INFO]: 2026-01-01 04:10:52 - ------------------------------------------
[INFO]: 2026-01-01 04:10:52 - Queue 1 shooter Start...
[INFO]: 2026-01-01 04:10:53 - shooter Not Find Sub can be download 苏无名卢凌风怀疑马蒙 4 18
[INFO]: 2026-01-01 04:10:53 - Queue 1 shooter End
[INFO]: 2026-01-01 04:10:53 - ------------------------------------------
[INFO]: 2026-01-01 04:10:53 - Queue 1 DlSub End /media/TV Shows/唐朝诡事录 (2022)
[INFO]: 2026-01-01 04:10:53 - ------------------------------------------
[WARNING]: 2026-01-01 04:10:53 - DownloadSubtitleInAllSiteByOneSeries.subInfos == 0, No Sub Downloaded.
[INFO]: 2026-01-01 04:10:53 - No Sub Found 唐朝诡事录 - S04E18 - 第18集.mkv 4 18
[INFO]: 2026-01-01 16:11:07 - Queue 1 DlSub Start /media/TV Shows/唐朝诡事录 (2022)
[INFO]: 2026-01-01 16:11:07 - Queue 1 IMDB ID: tt22797712 NeedDownloadSubs: 1
[INFO]: 2026-01-01 16:11:07 - Queue 1 NeedDownloadEps - S4E18
[INFO]: 2026-01-01 16:11:07 - ------------------------------------------
[INFO]: 2026-01-01 16:11:07 - Queue 1 xunlei Start...
[INFO]: 2026-01-01 16:11:07 - xunlei Not Find Sub can be download 苏无名卢凌风怀疑马蒙 4 18
[INFO]: 2026-01-01 16:11:07 - Queue 1 xunlei End
[INFO]: 2026-01-01 16:11:07 - ------------------------------------------
[INFO]: 2026-01-01 16:11:07 - ------------------------------------------
[INFO]: 2026-01-01 16:11:07 - Queue 1 shooter Start...
[INFO]: 2026-01-01 16:11:07 - shooter Not Find Sub can be download 苏无名卢凌风怀疑马蒙 4 18
[INFO]: 2026-01-01 16:11:07 - Queue 1 shooter End
[INFO]: 2026-01-01 16:11:07 - ------------------------------------------
[INFO]: 2026-01-01 16:11:07 - Queue 1 DlSub End /media/TV Shows/唐朝诡事录 (2022)
[INFO]: 2026-01-01 16:11:07 - ------------------------------------------
[WARNING]: 2026-01-01 16:11:07 - DownloadSubtitleInAllSiteByOneSeries.subInfos == 0, No Sub Downloaded.
[INFO]: 2026-01-01 16:11:07 - No Sub Found 唐朝诡事录 - S04E18 - 第18集.mkv 4 18
[INFO]: 2026-01-02 04:11:22 - Queue 1 DlSub Start /media/TV Shows/唐朝诡事录 (2022)
[INFO]: 2026-01-02 04:11:22 - Queue 1 IMDB ID: tt22797712 NeedDownloadSubs: 1
[INFO]: 2026-01-02 04:11:22 - Queue 1 NeedDownloadEps - S4E18
[INFO]: 2026-01-02 04:11:22 - ------------------------------------------
[INFO]: 2026-01-02 04:11:22 - Queue 1 xunlei Start...
[INFO]: 2026-01-02 04:11:22 - xunlei Not Find Sub can be download 苏无名卢凌风怀疑马蒙 4 18
[INFO]: 2026-01-02 04:11:22 - Queue 1 xunlei End
[INFO]: 2026-01-02 04:11:22 - ------------------------------------------
[INFO]: 2026-01-02 04:11:22 - ------------------------------------------
[INFO]: 2026-01-02 04:11:22 - Queue 1 shooter Start...
[INFO]: 2026-01-02 04:11:23 - shooter Not Find Sub can be download 苏无名卢凌风怀疑马蒙 4 18
[INFO]: 2026-01-02 04:11:23 - Queue 1 shooter End
[INFO]: 2026-01-02 04:11:23 - ------------------------------------------
[INFO]: 2026-01-02 04:11:23 - Queue 1 DlSub End /media/TV Shows/唐朝诡事录 (2022)
[INFO]: 2026-01-02 04:11:23 - ------------------------------------------
[WARNING]: 2026-01-02 04:11:23 - DownloadSubtitleInAllSiteByOneSeries.subInfos == 0, No Sub Downloaded.
[INFO]: 2026-01-02 04:11:23 - No Sub Found 唐朝诡事录 - S04E18 - 第18集.mkv 4 18
