[INFO]: 2025-12-11 22:23:44 - Queue 1 DlSub Start /media/Animes/完美世界 (2021)
[INFO]: 2025-12-11 22:23:44 - Queue 1 IMDB ID: tt14986786 NeedDownloadSubs: 1
[INFO]: 2025-12-11 22:23:44 - Queue 1 NeedDownloadEps - S1E245
[INFO]: 2025-12-11 22:23:44 - ------------------------------------------
[INFO]: 2025-12-11 22:23:44 - Queue 1 xunlei Start...
[INFO]: 2025-12-11 22:23:44 - xunlei Not Find Sub can be download 凛威护徒，荒赴王家 1 245
[INFO]: 2025-12-11 22:23:44 - Queue 1 xunlei End
[INFO]: 2025-12-11 22:23:44 - ------------------------------------------
[INFO]: 2025-12-11 22:23:44 - ------------------------------------------
[INFO]: 2025-12-11 22:23:44 - Queue 1 shooter Start...
[INFO]: 2025-12-11 22:23:46 - shooter Not Find Sub can be download 凛威护徒，荒赴王家 1 245
[INFO]: 2025-12-11 22:23:46 - Queue 1 shooter End
[INFO]: 2025-12-11 22:23:46 - ------------------------------------------
[INFO]: 2025-12-11 22:23:46 - Queue 1 DlSub End /media/Animes/完美世界 (2021)
[INFO]: 2025-12-11 22:23:46 - ------------------------------------------
[WARNING]: 2025-12-11 22:23:46 - DownloadSubtitleInAllSiteByOneSeries.subInfos == 0, No Sub Downloaded.
[INFO]: 2025-12-11 22:23:46 - No Sub Found 完美世界 - S01E245 - 第245集.mp4 1 245
[INFO]: 2025-12-12 10:23:59 - Queue 1 DlSub Start /media/Animes/完美世界 (2021)
[INFO]: 2025-12-12 10:23:59 - Queue 1 IMDB ID: tt14986786 NeedDownloadSubs: 1
[INFO]: 2025-12-12 10:23:59 - Queue 1 NeedDownloadEps - S1E245
[INFO]: 2025-12-12 10:23:59 - ------------------------------------------
[INFO]: 2025-12-12 10:23:59 - Queue 1 xunlei Start...
[INFO]: 2025-12-12 10:24:07 - xunlei Not Find Sub can be download 凛威护徒，荒赴王家 1 245
[INFO]: 2025-12-12 10:24:07 - Queue 1 xunlei End
[INFO]: 2025-12-12 10:24:07 - ------------------------------------------
[INFO]: 2025-12-12 10:24:07 - ------------------------------------------
[INFO]: 2025-12-12 10:24:07 - Queue 1 shooter Start...
[INFO]: 2025-12-12 10:24:09 - shooter Not Find Sub can be download 凛威护徒，荒赴王家 1 245
[INFO]: 2025-12-12 10:24:09 - Queue 1 shooter End
[INFO]: 2025-12-12 10:24:09 - ------------------------------------------
[INFO]: 2025-12-12 10:24:09 - Queue 1 DlSub End /media/Animes/完美世界 (2021)
[INFO]: 2025-12-12 10:24:09 - ------------------------------------------
[WARNING]: 2025-12-12 10:24:09 - DownloadSubtitleInAllSiteByOneSeries.subInfos == 0, No Sub Downloaded.
[INFO]: 2025-12-12 10:24:09 - No Sub Found 完美世界 - S01E245 - 第245集.mp4 1 245
