[INFO]: 2025-12-23 00:45:56 - Queue 1 DlSub Start /media/Animes/吞噬星空 (2020)
[INFO]: 2025-12-23 00:45:56 - Queue 1 IMDB ID: tt17050076 NeedDownloadSubs: 1
[INFO]: 2025-12-23 00:45:56 - Queue 1 NeedDownloadEps - S1E203
[INFO]: 2025-12-23 00:45:56 - ------------------------------------------
[INFO]: 2025-12-23 00:45:56 - Queue 1 xunlei Start...
[INFO]: 2025-12-23 00:45:56 - xunlei Not Find Sub can be download 第 203 集 1 203
[INFO]: 2025-12-23 00:45:56 - Queue 1 xunlei End
[INFO]: 2025-12-23 00:45:56 - ------------------------------------------
[INFO]: 2025-12-23 00:45:56 - ------------------------------------------
[INFO]: 2025-12-23 00:45:56 - Queue 1 shooter Start...
[INFO]: 2025-12-23 00:45:57 - shooter Not Find Sub can be download 第 203 集 1 203
[INFO]: 2025-12-23 00:45:57 - Queue 1 shooter End
[INFO]: 2025-12-23 00:45:57 - ------------------------------------------
[INFO]: 2025-12-23 00:45:57 - Queue 1 DlSub End /media/Animes/吞噬星空 (2020)
[INFO]: 2025-12-23 00:45:57 - ------------------------------------------
[WARNING]: 2025-12-23 00:45:57 - DownloadSubtitleInAllSiteByOneSeries.subInfos == 0, No Sub Downloaded.
[INFO]: 2025-12-23 00:45:57 - No Sub Found 吞噬星空 - S01E203 - 第203集.mp4 1 203
[INFO]: 2025-12-23 12:46:11 - Queue 1 DlSub Start /media/Animes/吞噬星空 (2020)
[INFO]: 2025-12-23 12:46:11 - Queue 1 IMDB ID: tt17050076 NeedDownloadSubs: 1
[INFO]: 2025-12-23 12:46:11 - Queue 1 NeedDownloadEps - S1E203
[INFO]: 2025-12-23 12:46:11 - ------------------------------------------
[INFO]: 2025-12-23 12:46:11 - Queue 1 xunlei Start...
[INFO]: 2025-12-23 12:46:11 - xunlei Not Find Sub can be download 第 203 集 1 203
[INFO]: 2025-12-23 12:46:11 - Queue 1 xunlei End
[INFO]: 2025-12-23 12:46:11 - ------------------------------------------
[INFO]: 2025-12-23 12:46:11 - ------------------------------------------
[INFO]: 2025-12-23 12:46:11 - Queue 1 shooter Start...
[INFO]: 2025-12-23 12:46:11 - shooter Not Find Sub can be download 第 203 集 1 203
[INFO]: 2025-12-23 12:46:11 - Queue 1 shooter End
[INFO]: 2025-12-23 12:46:11 - ------------------------------------------
[INFO]: 2025-12-23 12:46:11 - Queue 1 DlSub End /media/Animes/吞噬星空 (2020)
[INFO]: 2025-12-23 12:46:11 - ------------------------------------------
[WARNING]: 2025-12-23 12:46:11 - DownloadSubtitleInAllSiteByOneSeries.subInfos == 0, No Sub Downloaded.
[INFO]: 2025-12-23 12:46:11 - No Sub Found 吞噬星空 - S01E203 - 第203集.mp4 1 203
