[INFO]: 2026-01-05 21:24:52 - Queue 1 DlSub Start /media/Animes/吞噬星空 (2020)
[INFO]: 2026-01-05 21:24:52 - Queue 1 IMDB ID: tt17050076 NeedDownloadSubs: 1
[INFO]: 2026-01-05 21:24:52 - Queue 1 NeedDownloadEps - S1E205
[INFO]: 2026-01-05 21:24:52 - ------------------------------------------
[INFO]: 2026-01-05 21:24:52 - Queue 1 xunlei Start...
[INFO]: 2026-01-05 21:24:52 - xunlei Not Find Sub can be download 第 205 集 1 205
[INFO]: 2026-01-05 21:24:52 - Queue 1 xunlei End
[INFO]: 2026-01-05 21:24:52 - ------------------------------------------
[INFO]: 2026-01-05 21:24:52 - ------------------------------------------
[INFO]: 2026-01-05 21:24:52 - Queue 1 shooter Start...
[INFO]: 2026-01-05 21:24:53 - shooter Not Find Sub can be download 第 205 集 1 205
[INFO]: 2026-01-05 21:24:53 - Queue 1 shooter End
[INFO]: 2026-01-05 21:24:53 - ------------------------------------------
[INFO]: 2026-01-05 21:24:53 - Queue 1 DlSub End /media/Animes/吞噬星空 (2020)
[INFO]: 2026-01-05 21:24:53 - ------------------------------------------
[WARNING]: 2026-01-05 21:24:53 - DownloadSubtitleInAllSiteByOneSeries.subInfos == 0, No Sub Downloaded.
[INFO]: 2026-01-05 21:24:53 - No Sub Found 吞噬星空 - S01E205 - 第205集.mp4 1 205
[INFO]: 2026-01-06 09:25:07 - Queue 1 DlSub Start /media/Animes/吞噬星空 (2020)
[INFO]: 2026-01-06 09:25:07 - Queue 1 IMDB ID: tt17050076 NeedDownloadSubs: 1
[INFO]: 2026-01-06 09:25:07 - Queue 1 NeedDownloadEps - S1E205
[INFO]: 2026-01-06 09:25:07 - ------------------------------------------
[INFO]: 2026-01-06 09:25:07 - Queue 1 xunlei Start...
[INFO]: 2026-01-06 09:25:07 - xunlei Not Find Sub can be download 第 205 集 1 205
[INFO]: 2026-01-06 09:25:07 - Queue 1 xunlei End
[INFO]: 2026-01-06 09:25:07 - ------------------------------------------
[INFO]: 2026-01-06 09:25:07 - ------------------------------------------
[INFO]: 2026-01-06 09:25:07 - Queue 1 shooter Start...
[INFO]: 2026-01-06 09:25:08 - shooter Not Find Sub can be download 第 205 集 1 205
[INFO]: 2026-01-06 09:25:08 - Queue 1 shooter End
[INFO]: 2026-01-06 09:25:08 - ------------------------------------------
[INFO]: 2026-01-06 09:25:08 - Queue 1 DlSub End /media/Animes/吞噬星空 (2020)
[INFO]: 2026-01-06 09:25:08 - ------------------------------------------
[WARNING]: 2026-01-06 09:25:08 - DownloadSubtitleInAllSiteByOneSeries.subInfos == 0, No Sub Downloaded.
[INFO]: 2026-01-06 09:25:08 - No Sub Found 吞噬星空 - S01E205 - 第205集.mp4 1 205
