[INFO]: 2025-10-31 16:07:26 - Queue 1 DlSub Start /media/Animes/神印王座 (2022)
[INFO]: 2025-10-31 16:07:26 - Queue 1 IMDB ID: tt19902148 NeedDownloadSubs: 1
[INFO]: 2025-10-31 16:07:26 - Queue 1 NeedDownloadEps - S1E182
[INFO]: 2025-10-31 16:07:26 - ------------------------------------------
[INFO]: 2025-10-31 16:07:26 - Queue 1 xunlei Start...
[INFO]: 2025-10-31 16:07:26 - xunlei Not Find Sub can be download 群星永不熄灭 1 182
[INFO]: 2025-10-31 16:07:26 - Queue 1 xunlei End
[INFO]: 2025-10-31 16:07:26 - ------------------------------------------
[INFO]: 2025-10-31 16:07:26 - ------------------------------------------
[INFO]: 2025-10-31 16:07:26 - Queue 1 shooter Start...
[INFO]: 2025-10-31 16:07:26 - shooter Not Find Sub can be download 群星永不熄灭 1 182
[INFO]: 2025-10-31 16:07:26 - Queue 1 shooter End
[INFO]: 2025-10-31 16:07:26 - ------------------------------------------
[INFO]: 2025-10-31 16:07:26 - Queue 1 DlSub End /media/Animes/神印王座 (2022)
[INFO]: 2025-10-31 16:07:26 - ------------------------------------------
[WARNING]: 2025-10-31 16:07:26 - DownloadSubtitleInAllSiteByOneSeries.subInfos == 0, No Sub Downloaded.
[INFO]: 2025-10-31 16:07:26 - No Sub Found 神印王座 - S01E182 - 第182集.mp4 1 182
[INFO]: 2025-11-01 04:07:41 - Queue 1 DlSub Start /media/Animes/神印王座 (2022)
[INFO]: 2025-11-01 04:07:41 - Queue 1 IMDB ID: tt19902148 NeedDownloadSubs: 1
[INFO]: 2025-11-01 04:07:41 - Queue 1 NeedDownloadEps - S1E182
[INFO]: 2025-11-01 04:07:41 - ------------------------------------------
[INFO]: 2025-11-01 04:07:41 - Queue 1 xunlei Start...
[INFO]: 2025-11-01 04:07:41 - xunlei Not Find Sub can be download 群星永不熄灭 1 182
[INFO]: 2025-11-01 04:07:41 - Queue 1 xunlei End
[INFO]: 2025-11-01 04:07:41 - ------------------------------------------
[INFO]: 2025-11-01 04:07:41 - ------------------------------------------
[INFO]: 2025-11-01 04:07:41 - Queue 1 shooter Start...
[INFO]: 2025-11-01 04:07:41 - shooter Not Find Sub can be download 群星永不熄灭 1 182
[INFO]: 2025-11-01 04:07:41 - Queue 1 shooter End
[INFO]: 2025-11-01 04:07:41 - ------------------------------------------
[INFO]: 2025-11-01 04:07:41 - Queue 1 DlSub End /media/Animes/神印王座 (2022)
[INFO]: 2025-11-01 04:07:41 - ------------------------------------------
[WARNING]: 2025-11-01 04:07:41 - DownloadSubtitleInAllSiteByOneSeries.subInfos == 0, No Sub Downloaded.
[INFO]: 2025-11-01 04:07:41 - No Sub Found 神印王座 - S01E182 - 第182集.mp4 1 182
[INFO]: 2025-11-01 16:07:56 - Queue 1 DlSub Start /media/Animes/神印王座 (2022)
[INFO]: 2025-11-01 16:07:56 - Queue 1 IMDB ID: tt19902148 NeedDownloadSubs: 1
[INFO]: 2025-11-01 16:07:56 - Queue 1 NeedDownloadEps - S1E182
[INFO]: 2025-11-01 16:07:56 - ------------------------------------------
[INFO]: 2025-11-01 16:07:56 - Queue 1 xunlei Start...
[INFO]: 2025-11-01 16:07:56 - xunlei Not Find Sub can be download 群星永不熄灭 1 182
[INFO]: 2025-11-01 16:07:56 - Queue 1 xunlei End
[INFO]: 2025-11-01 16:07:56 - ------------------------------------------
[INFO]: 2025-11-01 16:07:56 - ------------------------------------------
[INFO]: 2025-11-01 16:07:56 - Queue 1 shooter Start...
[INFO]: 2025-11-01 16:07:56 - shooter Not Find Sub can be download 群星永不熄灭 1 182
[INFO]: 2025-11-01 16:07:56 - Queue 1 shooter End
[INFO]: 2025-11-01 16:07:56 - ------------------------------------------
[INFO]: 2025-11-01 16:07:56 - Queue 1 DlSub End /media/Animes/神印王座 (2022)
[INFO]: 2025-11-01 16:07:56 - ------------------------------------------
[WARNING]: 2025-11-01 16:07:56 - DownloadSubtitleInAllSiteByOneSeries.subInfos == 0, No Sub Downloaded.
[INFO]: 2025-11-01 16:07:56 - No Sub Found 神印王座 - S01E182 - 第182集.mp4 1 182
[INFO]: 2025-11-02 04:08:11 - Queue 1 DlSub Start /media/Animes/神印王座 (2022)
[INFO]: 2025-11-02 04:08:11 - Queue 1 IMDB ID: tt19902148 NeedDownloadSubs: 1
[INFO]: 2025-11-02 04:08:11 - Queue 1 NeedDownloadEps - S1E182
[INFO]: 2025-11-02 04:08:11 - ------------------------------------------
[INFO]: 2025-11-02 04:08:11 - Queue 1 xunlei Start...
[INFO]: 2025-11-02 04:08:11 - xunlei Not Find Sub can be download 群星永不熄灭 1 182
[INFO]: 2025-11-02 04:08:11 - Queue 1 xunlei End
[INFO]: 2025-11-02 04:08:11 - ------------------------------------------
[INFO]: 2025-11-02 04:08:11 - ------------------------------------------
[INFO]: 2025-11-02 04:08:11 - Queue 1 shooter Start...
[INFO]: 2025-11-02 04:08:11 - shooter Not Find Sub can be download 群星永不熄灭 1 182
[INFO]: 2025-11-02 04:08:11 - Queue 1 shooter End
[INFO]: 2025-11-02 04:08:11 - ------------------------------------------
[INFO]: 2025-11-02 04:08:11 - Queue 1 DlSub End /media/Animes/神印王座 (2022)
[INFO]: 2025-11-02 04:08:11 - ------------------------------------------
[WARNING]: 2025-11-02 04:08:11 - DownloadSubtitleInAllSiteByOneSeries.subInfos == 0, No Sub Downloaded.
[INFO]: 2025-11-02 04:08:11 - No Sub Found 神印王座 - S01E182 - 第182集.mp4 1 182
[INFO]: 2025-11-02 16:08:26 - Queue 1 DlSub Start /media/Animes/神印王座 (2022)
[INFO]: 2025-11-02 16:08:26 - Queue 1 IMDB ID: tt19902148 NeedDownloadSubs: 1
[INFO]: 2025-11-02 16:08:26 - Queue 1 NeedDownloadEps - S1E182
[INFO]: 2025-11-02 16:08:26 - ------------------------------------------
[INFO]: 2025-11-02 16:08:26 - Queue 1 xunlei Start...
[INFO]: 2025-11-02 16:08:26 - xunlei Not Find Sub can be download 群星永不熄灭 1 182
[INFO]: 2025-11-02 16:08:26 - Queue 1 xunlei End
[INFO]: 2025-11-02 16:08:26 - ------------------------------------------
[INFO]: 2025-11-02 16:08:26 - ------------------------------------------
[INFO]: 2025-11-02 16:08:26 - Queue 1 shooter Start...
[INFO]: 2025-11-02 16:08:26 - shooter Not Find Sub can be download 群星永不熄灭 1 182
[INFO]: 2025-11-02 16:08:26 - Queue 1 shooter End
[INFO]: 2025-11-02 16:08:26 - ------------------------------------------
[INFO]: 2025-11-02 16:08:26 - Queue 1 DlSub End /media/Animes/神印王座 (2022)
[INFO]: 2025-11-02 16:08:26 - ------------------------------------------
[WARNING]: 2025-11-02 16:08:26 - DownloadSubtitleInAllSiteByOneSeries.subInfos == 0, No Sub Downloaded.
[INFO]: 2025-11-02 16:08:26 - No Sub Found 神印王座 - S01E182 - 第182集.mp4 1 182
