[INFO]: 2025-12-22 00:46:26 - Queue 1 DlSub Start /media/TV Shows/长安二十四计 (2025)
[INFO]: 2025-12-22 00:46:26 - Queue 1 IMDB ID: tt35089518 NeedDownloadSubs: 1
[INFO]: 2025-12-22 00:46:26 - Queue 1 NeedDownloadEps - S1E21
[INFO]: 2025-12-22 00:46:26 - ------------------------------------------
[INFO]: 2025-12-22 00:46:26 - Queue 1 xunlei Start...
[INFO]: 2025-12-22 00:46:26 - xunlei Not Find Sub can be download 第 21 集 1 21
[INFO]: 2025-12-22 00:46:26 - Queue 1 xunlei End
[INFO]: 2025-12-22 00:46:26 - ------------------------------------------
[INFO]: 2025-12-22 00:46:26 - ------------------------------------------
[INFO]: 2025-12-22 00:46:26 - Queue 1 shooter Start...
[INFO]: 2025-12-22 00:46:27 - shooter Not Find Sub can be download 第 21 集 1 21
[INFO]: 2025-12-22 00:46:27 - Queue 1 shooter End
[INFO]: 2025-12-22 00:46:27 - ------------------------------------------
[INFO]: 2025-12-22 00:46:27 - Queue 1 DlSub End /media/TV Shows/长安二十四计 (2025)
[INFO]: 2025-12-22 00:46:27 - ------------------------------------------
[WARNING]: 2025-12-22 00:46:27 - DownloadSubtitleInAllSiteByOneSeries.subInfos == 0, No Sub Downloaded.
[INFO]: 2025-12-22 00:46:27 - No Sub Found 长安二十四计 - S01E21 - 第21集.mp4 1 21
[INFO]: 2025-12-22 12:46:41 - Queue 1 DlSub Start /media/TV Shows/长安二十四计 (2025)
[INFO]: 2025-12-22 12:46:41 - Queue 1 IMDB ID: tt35089518 NeedDownloadSubs: 1
[INFO]: 2025-12-22 12:46:41 - Queue 1 NeedDownloadEps - S1E21
[INFO]: 2025-12-22 12:46:41 - ------------------------------------------
[INFO]: 2025-12-22 12:46:41 - Queue 1 xunlei Start...
[INFO]: 2025-12-22 12:46:41 - xunlei Not Find Sub can be download 第 21 集 1 21
[INFO]: 2025-12-22 12:46:41 - Queue 1 xunlei End
[INFO]: 2025-12-22 12:46:41 - ------------------------------------------
[INFO]: 2025-12-22 12:46:41 - ------------------------------------------
[INFO]: 2025-12-22 12:46:41 - Queue 1 shooter Start...
[INFO]: 2025-12-22 12:46:41 - shooter Not Find Sub can be download 第 21 集 1 21
[INFO]: 2025-12-22 12:46:41 - Queue 1 shooter End
[INFO]: 2025-12-22 12:46:41 - ------------------------------------------
[INFO]: 2025-12-22 12:46:41 - Queue 1 DlSub End /media/TV Shows/长安二十四计 (2025)
[INFO]: 2025-12-22 12:46:41 - ------------------------------------------
[WARNING]: 2025-12-22 12:46:41 - DownloadSubtitleInAllSiteByOneSeries.subInfos == 0, No Sub Downloaded.
[INFO]: 2025-12-22 12:46:41 - No Sub Found 长安二十四计 - S01E21 - 第21集.mp4 1 21
[INFO]: 2025-12-23 00:46:56 - Queue 1 DlSub Start /media/TV Shows/长安二十四计 (2025)
[INFO]: 2025-12-23 00:46:56 - Queue 1 IMDB ID: tt35089518 NeedDownloadSubs: 1
[INFO]: 2025-12-23 00:46:56 - Queue 1 NeedDownloadEps - S1E21
[INFO]: 2025-12-23 00:46:56 - ------------------------------------------
[INFO]: 2025-12-23 00:46:56 - Queue 1 xunlei Start...
[INFO]: 2025-12-23 00:46:56 - xunlei Not Find Sub can be download 第 21 集 1 21
[INFO]: 2025-12-23 00:46:56 - Queue 1 xunlei End
[INFO]: 2025-12-23 00:46:56 - ------------------------------------------
[INFO]: 2025-12-23 00:46:56 - ------------------------------------------
[INFO]: 2025-12-23 00:46:56 - Queue 1 shooter Start...
[INFO]: 2025-12-23 00:46:57 - shooter Not Find Sub can be download 第 21 集 1 21
[INFO]: 2025-12-23 00:46:57 - Queue 1 shooter End
[INFO]: 2025-12-23 00:46:57 - ------------------------------------------
[INFO]: 2025-12-23 00:46:57 - Queue 1 DlSub End /media/TV Shows/长安二十四计 (2025)
[INFO]: 2025-12-23 00:46:57 - ------------------------------------------
[WARNING]: 2025-12-23 00:46:57 - DownloadSubtitleInAllSiteByOneSeries.subInfos == 0, No Sub Downloaded.
[INFO]: 2025-12-23 00:46:57 - No Sub Found 长安二十四计 - S01E21 - 第21集.mp4 1 21
[INFO]: 2025-12-23 12:47:11 - Queue 1 DlSub Start /media/TV Shows/长安二十四计 (2025)
[INFO]: 2025-12-23 12:47:11 - Queue 1 IMDB ID: tt35089518 NeedDownloadSubs: 1
[INFO]: 2025-12-23 12:47:11 - Queue 1 NeedDownloadEps - S1E21
[INFO]: 2025-12-23 12:47:11 - ------------------------------------------
[INFO]: 2025-12-23 12:47:11 - Queue 1 xunlei Start...
[INFO]: 2025-12-23 12:47:11 - xunlei Not Find Sub can be download 第 21 集 1 21
[INFO]: 2025-12-23 12:47:11 - Queue 1 xunlei End
[INFO]: 2025-12-23 12:47:11 - ------------------------------------------
[INFO]: 2025-12-23 12:47:11 - ------------------------------------------
[INFO]: 2025-12-23 12:47:11 - Queue 1 shooter Start...
[INFO]: 2025-12-23 12:47:11 - shooter Not Find Sub can be download 第 21 集 1 21
[INFO]: 2025-12-23 12:47:11 - Queue 1 shooter End
[INFO]: 2025-12-23 12:47:11 - ------------------------------------------
[INFO]: 2025-12-23 12:47:11 - Queue 1 DlSub End /media/TV Shows/长安二十四计 (2025)
[INFO]: 2025-12-23 12:47:11 - ------------------------------------------
[WARNING]: 2025-12-23 12:47:11 - DownloadSubtitleInAllSiteByOneSeries.subInfos == 0, No Sub Downloaded.
[INFO]: 2025-12-23 12:47:11 - No Sub Found 长安二十四计 - S01E21 - 第21集.mp4 1 21
[INFO]: 2025-12-24 00:47:26 - Queue 1 DlSub Start /media/TV Shows/长安二十四计 (2025)
[INFO]: 2025-12-24 00:47:26 - Queue 1 IMDB ID: tt35089518 NeedDownloadSubs: 1
[INFO]: 2025-12-24 00:47:26 - Queue 1 NeedDownloadEps - S1E21
[INFO]: 2025-12-24 00:47:26 - ------------------------------------------
[INFO]: 2025-12-24 00:47:26 - Queue 1 xunlei Start...
[INFO]: 2025-12-24 00:47:26 - xunlei Not Find Sub can be download 第 21 集 1 21
[INFO]: 2025-12-24 00:47:26 - Queue 1 xunlei End
[INFO]: 2025-12-24 00:47:26 - ------------------------------------------
[INFO]: 2025-12-24 00:47:26 - ------------------------------------------
[INFO]: 2025-12-24 00:47:26 - Queue 1 shooter Start...
[INFO]: 2025-12-24 00:47:27 - shooter Not Find Sub can be download 第 21 集 1 21
[INFO]: 2025-12-24 00:47:27 - Queue 1 shooter End
[INFO]: 2025-12-24 00:47:27 - ------------------------------------------
[INFO]: 2025-12-24 00:47:27 - Queue 1 DlSub End /media/TV Shows/长安二十四计 (2025)
[INFO]: 2025-12-24 00:47:27 - ------------------------------------------
[WARNING]: 2025-12-24 00:47:27 - DownloadSubtitleInAllSiteByOneSeries.subInfos == 0, No Sub Downloaded.
[INFO]: 2025-12-24 00:47:27 - No Sub Found 长安二十四计 - S01E21 - 第21集.mp4 1 21
[INFO]: 2025-12-24 12:47:41 - Queue 1 DlSub Start /media/TV Shows/长安二十四计 (2025)
[INFO]: 2025-12-24 12:47:41 - Queue 1 IMDB ID: tt35089518 NeedDownloadSubs: 1
[INFO]: 2025-12-24 12:47:41 - Queue 1 NeedDownloadEps - S1E21
[INFO]: 2025-12-24 12:47:41 - ------------------------------------------
[INFO]: 2025-12-24 12:47:41 - Queue 1 xunlei Start...
[INFO]: 2025-12-24 12:47:41 - xunlei Not Find Sub can be download 第 21 集 1 21
[INFO]: 2025-12-24 12:47:41 - Queue 1 xunlei End
[INFO]: 2025-12-24 12:47:41 - ------------------------------------------
[INFO]: 2025-12-24 12:47:41 - ------------------------------------------
[INFO]: 2025-12-24 12:47:41 - Queue 1 shooter Start...
[INFO]: 2025-12-24 12:47:41 - shooter Not Find Sub can be download 第 21 集 1 21
[INFO]: 2025-12-24 12:47:41 - Queue 1 shooter End
[INFO]: 2025-12-24 12:47:41 - ------------------------------------------
[INFO]: 2025-12-24 12:47:41 - Queue 1 DlSub End /media/TV Shows/长安二十四计 (2025)
[INFO]: 2025-12-24 12:47:41 - ------------------------------------------
[WARNING]: 2025-12-24 12:47:41 - DownloadSubtitleInAllSiteByOneSeries.subInfos == 0, No Sub Downloaded.
[INFO]: 2025-12-24 12:47:41 - No Sub Found 长安二十四计 - S01E21 - 第21集.mp4 1 21
[INFO]: 2025-12-25 00:47:56 - Queue 1 DlSub Start /media/TV Shows/长安二十四计 (2025)
[INFO]: 2025-12-25 00:47:56 - Queue 1 IMDB ID: tt35089518 NeedDownloadSubs: 1
[INFO]: 2025-12-25 00:47:56 - Queue 1 NeedDownloadEps - S1E21
[INFO]: 2025-12-25 00:47:56 - ------------------------------------------
[INFO]: 2025-12-25 00:47:56 - Queue 1 xunlei Start...
[INFO]: 2025-12-25 00:47:56 - xunlei Not Find Sub can be download 第 21 集 1 21
[INFO]: 2025-12-25 00:47:56 - Queue 1 xunlei End
[INFO]: 2025-12-25 00:47:56 - ------------------------------------------
[INFO]: 2025-12-25 00:47:56 - ------------------------------------------
[INFO]: 2025-12-25 00:47:56 - Queue 1 shooter Start...
[INFO]: 2025-12-25 00:47:57 - shooter Not Find Sub can be download 第 21 集 1 21
[INFO]: 2025-12-25 00:47:57 - Queue 1 shooter End
[INFO]: 2025-12-25 00:47:57 - ------------------------------------------
[INFO]: 2025-12-25 00:47:57 - Queue 1 DlSub End /media/TV Shows/长安二十四计 (2025)
[INFO]: 2025-12-25 00:47:57 - ------------------------------------------
[WARNING]: 2025-12-25 00:47:57 - DownloadSubtitleInAllSiteByOneSeries.subInfos == 0, No Sub Downloaded.
[INFO]: 2025-12-25 00:47:57 - No Sub Found 长安二十四计 - S01E21 - 第21集.mp4 1 21
[INFO]: 2025-12-25 12:48:32 - Queue 1 DlSub Start /media/TV Shows/长安二十四计 (2025)
[INFO]: 2025-12-25 12:48:32 - Queue 1 IMDB ID: tt35089518 NeedDownloadSubs: 1
[INFO]: 2025-12-25 12:48:32 - Queue 1 NeedDownloadEps - S1E21
[INFO]: 2025-12-25 12:48:32 - ------------------------------------------
[INFO]: 2025-12-25 12:48:32 - Queue 1 xunlei Start...
[INFO]: 2025-12-25 12:48:32 - xunlei Not Find Sub can be download 第 21 集 1 21
[INFO]: 2025-12-25 12:48:32 - Queue 1 xunlei End
[INFO]: 2025-12-25 12:48:32 - ------------------------------------------
[INFO]: 2025-12-25 12:48:32 - ------------------------------------------
[INFO]: 2025-12-25 12:48:32 - Queue 1 shooter Start...
[INFO]: 2025-12-25 12:48:32 - shooter Not Find Sub can be download 第 21 集 1 21
[INFO]: 2025-12-25 12:48:32 - Queue 1 shooter End
[INFO]: 2025-12-25 12:48:32 - ------------------------------------------
[INFO]: 2025-12-25 12:48:32 - Queue 1 DlSub End /media/TV Shows/长安二十四计 (2025)
[INFO]: 2025-12-25 12:48:32 - ------------------------------------------
[WARNING]: 2025-12-25 12:48:32 - DownloadSubtitleInAllSiteByOneSeries.subInfos == 0, No Sub Downloaded.
[INFO]: 2025-12-25 12:48:32 - No Sub Found 长安二十四计 - S01E21 - 第21集.mp4 1 21
