[INFO]: 2025-12-28 17:47:19 - Queue 1 DlSub Start /media/Animes/神墓 (2022)
[INFO]: 2025-12-28 17:47:19 - Queue 1 IMDB ID: tt31530980 NeedDownloadSubs: 1
[INFO]: 2025-12-28 17:47:19 - Queue 1 NeedDownloadEps - S3E21
[INFO]: 2025-12-28 17:47:19 - ------------------------------------------
[INFO]: 2025-12-28 17:47:19 - Queue 1 xunlei Start...
[INFO]: 2025-12-28 17:47:19 - xunlei Not Find Sub can be download 破茧 3 21
[INFO]: 2025-12-28 17:47:19 - Queue 1 xunlei End
[INFO]: 2025-12-28 17:47:19 - ------------------------------------------
[INFO]: 2025-12-28 17:47:19 - ------------------------------------------
[INFO]: 2025-12-28 17:47:19 - Queue 1 shooter Start...
[INFO]: 2025-12-28 17:47:20 - shooter Not Find Sub can be download 破茧 3 21
[INFO]: 2025-12-28 17:47:20 - Queue 1 shooter End
[INFO]: 2025-12-28 17:47:20 - ------------------------------------------
[INFO]: 2025-12-28 17:47:20 - Queue 1 DlSub End /media/Animes/神墓 (2022)
[INFO]: 2025-12-28 17:47:20 - ------------------------------------------
[WARNING]: 2025-12-28 17:47:20 - DownloadSubtitleInAllSiteByOneSeries.subInfos == 0, No Sub Downloaded.
[INFO]: 2025-12-28 17:47:20 - No Sub Found 神墓 - S03E21 - 第21集.mp4 3 21
[INFO]: 2025-12-29 05:47:34 - Queue 1 DlSub Start /media/Animes/神墓 (2022)
[INFO]: 2025-12-29 05:47:34 - Queue 1 IMDB ID: tt31530980 NeedDownloadSubs: 1
[INFO]: 2025-12-29 05:47:34 - Queue 1 NeedDownloadEps - S3E21
[INFO]: 2025-12-29 05:47:34 - ------------------------------------------
[INFO]: 2025-12-29 05:47:34 - Queue 1 xunlei Start...
[INFO]: 2025-12-29 05:47:34 - xunlei Not Find Sub can be download 破茧 3 21
[INFO]: 2025-12-29 05:47:34 - Queue 1 xunlei End
[INFO]: 2025-12-29 05:47:34 - ------------------------------------------
[INFO]: 2025-12-29 05:47:34 - ------------------------------------------
[INFO]: 2025-12-29 05:47:34 - Queue 1 shooter Start...
[INFO]: 2025-12-29 05:47:35 - shooter Not Find Sub can be download 破茧 3 21
[INFO]: 2025-12-29 05:47:35 - Queue 1 shooter End
[INFO]: 2025-12-29 05:47:35 - ------------------------------------------
[INFO]: 2025-12-29 05:47:35 - Queue 1 DlSub End /media/Animes/神墓 (2022)
[INFO]: 2025-12-29 05:47:35 - ------------------------------------------
[WARNING]: 2025-12-29 05:47:35 - DownloadSubtitleInAllSiteByOneSeries.subInfos == 0, No Sub Downloaded.
[INFO]: 2025-12-29 05:47:35 - No Sub Found 神墓 - S03E21 - 第21集.mp4 3 21
