[INFO]: 2025-12-30 04:11:58 - Queue 1 DlSub Start /media/TV Shows/唐朝诡事录 (2022)
[INFO]: 2025-12-30 04:11:58 - Queue 1 IMDB ID: tt22797712 NeedDownloadSubs: 1
[INFO]: 2025-12-30 04:11:58 - Queue 1 NeedDownloadEps - S4E17
[INFO]: 2025-12-30 04:11:58 - ------------------------------------------
[INFO]: 2025-12-30 04:11:58 - Queue 1 xunlei Start...
[INFO]: 2025-12-30 04:11:58 - xunlei Not Find Sub can be download 美食古楼子成破案关键 4 17
[INFO]: 2025-12-30 04:11:58 - Queue 1 xunlei End
[INFO]: 2025-12-30 04:11:58 - ------------------------------------------
[INFO]: 2025-12-30 04:11:58 - ------------------------------------------
[INFO]: 2025-12-30 04:11:58 - Queue 1 shooter Start...
[INFO]: 2025-12-30 04:11:59 - shooter Not Find Sub can be download 美食古楼子成破案关键 4 17
[INFO]: 2025-12-30 04:11:59 - Queue 1 shooter End
[INFO]: 2025-12-30 04:11:59 - ------------------------------------------
[INFO]: 2025-12-30 04:11:59 - Queue 1 DlSub End /media/TV Shows/唐朝诡事录 (2022)
[INFO]: 2025-12-30 04:11:59 - ------------------------------------------
[WARNING]: 2025-12-30 04:11:59 - DownloadSubtitleInAllSiteByOneSeries.subInfos == 0, No Sub Downloaded.
[INFO]: 2025-12-30 04:11:59 - No Sub Found 唐朝诡事录 - S04E17 - 第17集.mkv 4 17
[INFO]: 2025-12-30 16:12:07 - Queue 1 DlSub Start /media/TV Shows/唐朝诡事录 (2022)
[INFO]: 2025-12-30 16:12:07 - Queue 1 IMDB ID: tt22797712 NeedDownloadSubs: 1
[INFO]: 2025-12-30 16:12:07 - Queue 1 NeedDownloadEps - S4E17
[INFO]: 2025-12-30 16:12:07 - ------------------------------------------
[INFO]: 2025-12-30 16:12:07 - Queue 1 xunlei Start...
[INFO]: 2025-12-30 16:12:07 - xunlei Not Find Sub can be download 美食古楼子成破案关键 4 17
[INFO]: 2025-12-30 16:12:07 - Queue 1 xunlei End
[INFO]: 2025-12-30 16:12:07 - ------------------------------------------
[INFO]: 2025-12-30 16:12:07 - ------------------------------------------
[INFO]: 2025-12-30 16:12:07 - Queue 1 shooter Start...
[INFO]: 2025-12-30 16:12:07 - shooter Not Find Sub can be download 美食古楼子成破案关键 4 17
[INFO]: 2025-12-30 16:12:07 - Queue 1 shooter End
[INFO]: 2025-12-30 16:12:07 - ------------------------------------------
[INFO]: 2025-12-30 16:12:07 - Queue 1 DlSub End /media/TV Shows/唐朝诡事录 (2022)
[INFO]: 2025-12-30 16:12:07 - ------------------------------------------
[WARNING]: 2025-12-30 16:12:07 - DownloadSubtitleInAllSiteByOneSeries.subInfos == 0, No Sub Downloaded.
[INFO]: 2025-12-30 16:12:07 - No Sub Found 唐朝诡事录 - S04E17 - 第17集.mkv 4 17
[INFO]: 2025-12-31 04:12:22 - Queue 1 DlSub Start /media/TV Shows/唐朝诡事录 (2022)
[INFO]: 2025-12-31 04:12:22 - Queue 1 IMDB ID: tt22797712 NeedDownloadSubs: 1
[INFO]: 2025-12-31 04:12:22 - Queue 1 NeedDownloadEps - S4E17
[INFO]: 2025-12-31 04:12:22 - ------------------------------------------
[INFO]: 2025-12-31 04:12:22 - Queue 1 xunlei Start...
[INFO]: 2025-12-31 04:12:23 - xunlei Not Find Sub can be download 美食古楼子成破案关键 4 17
[INFO]: 2025-12-31 04:12:23 - Queue 1 xunlei End
[INFO]: 2025-12-31 04:12:23 - ------------------------------------------
[INFO]: 2025-12-31 04:12:23 - ------------------------------------------
[INFO]: 2025-12-31 04:12:23 - Queue 1 shooter Start...
[INFO]: 2025-12-31 04:12:24 - shooter Not Find Sub can be download 美食古楼子成破案关键 4 17
[INFO]: 2025-12-31 04:12:24 - Queue 1 shooter End
[INFO]: 2025-12-31 04:12:24 - ------------------------------------------
[INFO]: 2025-12-31 04:12:24 - Queue 1 DlSub End /media/TV Shows/唐朝诡事录 (2022)
[INFO]: 2025-12-31 04:12:24 - ------------------------------------------
[WARNING]: 2025-12-31 04:12:24 - DownloadSubtitleInAllSiteByOneSeries.subInfos == 0, No Sub Downloaded.
[INFO]: 2025-12-31 04:12:24 - No Sub Found 唐朝诡事录 - S04E17 - 第17集.mkv 4 17
[INFO]: 2025-12-31 16:12:37 - Queue 1 DlSub Start /media/TV Shows/唐朝诡事录 (2022)
[INFO]: 2025-12-31 16:12:37 - Queue 1 IMDB ID: tt22797712 NeedDownloadSubs: 1
[INFO]: 2025-12-31 16:12:37 - Queue 1 NeedDownloadEps - S4E17
[INFO]: 2025-12-31 16:12:37 - ------------------------------------------
[INFO]: 2025-12-31 16:12:37 - Queue 1 xunlei Start...
[INFO]: 2025-12-31 16:12:37 - xunlei Not Find Sub can be download 美食古楼子成破案关键 4 17
[INFO]: 2025-12-31 16:12:37 - Queue 1 xunlei End
[INFO]: 2025-12-31 16:12:37 - ------------------------------------------
[INFO]: 2025-12-31 16:12:37 - ------------------------------------------
[INFO]: 2025-12-31 16:12:37 - Queue 1 shooter Start...
[INFO]: 2025-12-31 16:12:39 - shooter Not Find Sub can be download 美食古楼子成破案关键 4 17
[INFO]: 2025-12-31 16:12:39 - Queue 1 shooter End
[INFO]: 2025-12-31 16:12:39 - ------------------------------------------
[INFO]: 2025-12-31 16:12:39 - Queue 1 DlSub End /media/TV Shows/唐朝诡事录 (2022)
[INFO]: 2025-12-31 16:12:39 - ------------------------------------------
[WARNING]: 2025-12-31 16:12:39 - DownloadSubtitleInAllSiteByOneSeries.subInfos == 0, No Sub Downloaded.
[INFO]: 2025-12-31 16:12:39 - No Sub Found 唐朝诡事录 - S04E17 - 第17集.mkv 4 17
[INFO]: 2026-01-01 04:12:52 - Queue 1 DlSub Start /media/TV Shows/唐朝诡事录 (2022)
[INFO]: 2026-01-01 04:12:52 - Queue 1 IMDB ID: tt22797712 NeedDownloadSubs: 1
[INFO]: 2026-01-01 04:12:52 - Queue 1 NeedDownloadEps - S4E17
[INFO]: 2026-01-01 04:12:52 - ------------------------------------------
[INFO]: 2026-01-01 04:12:52 - Queue 1 xunlei Start...
[INFO]: 2026-01-01 04:12:52 - xunlei Not Find Sub can be download 美食古楼子成破案关键 4 17
[INFO]: 2026-01-01 04:12:52 - Queue 1 xunlei End
[INFO]: 2026-01-01 04:12:52 - ------------------------------------------
[INFO]: 2026-01-01 04:12:52 - ------------------------------------------
[INFO]: 2026-01-01 04:12:52 - Queue 1 shooter Start...
[INFO]: 2026-01-01 04:12:53 - shooter Not Find Sub can be download 美食古楼子成破案关键 4 17
[INFO]: 2026-01-01 04:12:53 - Queue 1 shooter End
[INFO]: 2026-01-01 04:12:53 - ------------------------------------------
[INFO]: 2026-01-01 04:12:53 - Queue 1 DlSub End /media/TV Shows/唐朝诡事录 (2022)
[INFO]: 2026-01-01 04:12:53 - ------------------------------------------
[WARNING]: 2026-01-01 04:12:53 - DownloadSubtitleInAllSiteByOneSeries.subInfos == 0, No Sub Downloaded.
[INFO]: 2026-01-01 04:12:53 - No Sub Found 唐朝诡事录 - S04E17 - 第17集.mkv 4 17
[INFO]: 2026-01-01 16:13:07 - Queue 1 DlSub Start /media/TV Shows/唐朝诡事录 (2022)
[INFO]: 2026-01-01 16:13:07 - Queue 1 IMDB ID: tt22797712 NeedDownloadSubs: 1
[INFO]: 2026-01-01 16:13:07 - Queue 1 NeedDownloadEps - S4E17
[INFO]: 2026-01-01 16:13:07 - ------------------------------------------
[INFO]: 2026-01-01 16:13:07 - Queue 1 xunlei Start...
[INFO]: 2026-01-01 16:13:07 - xunlei Not Find Sub can be download 美食古楼子成破案关键 4 17
[INFO]: 2026-01-01 16:13:07 - Queue 1 xunlei End
[INFO]: 2026-01-01 16:13:07 - ------------------------------------------
[INFO]: 2026-01-01 16:13:07 - ------------------------------------------
[INFO]: 2026-01-01 16:13:07 - Queue 1 shooter Start...
[INFO]: 2026-01-01 16:13:08 - shooter Not Find Sub can be download 美食古楼子成破案关键 4 17
[INFO]: 2026-01-01 16:13:08 - Queue 1 shooter End
[INFO]: 2026-01-01 16:13:08 - ------------------------------------------
[INFO]: 2026-01-01 16:13:08 - Queue 1 DlSub End /media/TV Shows/唐朝诡事录 (2022)
[INFO]: 2026-01-01 16:13:08 - ------------------------------------------
[WARNING]: 2026-01-01 16:13:08 - DownloadSubtitleInAllSiteByOneSeries.subInfos == 0, No Sub Downloaded.
[INFO]: 2026-01-01 16:13:08 - No Sub Found 唐朝诡事录 - S04E17 - 第17集.mkv 4 17
[INFO]: 2026-01-02 04:13:22 - Queue 1 DlSub Start /media/TV Shows/唐朝诡事录 (2022)
[INFO]: 2026-01-02 04:13:22 - Queue 1 IMDB ID: tt22797712 NeedDownloadSubs: 1
[INFO]: 2026-01-02 04:13:22 - Queue 1 NeedDownloadEps - S4E17
[INFO]: 2026-01-02 04:13:22 - ------------------------------------------
[INFO]: 2026-01-02 04:13:22 - Queue 1 xunlei Start...
[INFO]: 2026-01-02 04:13:22 - xunlei Not Find Sub can be download 美食古楼子成破案关键 4 17
[INFO]: 2026-01-02 04:13:22 - Queue 1 xunlei End
[INFO]: 2026-01-02 04:13:22 - ------------------------------------------
[INFO]: 2026-01-02 04:13:22 - ------------------------------------------
[INFO]: 2026-01-02 04:13:22 - Queue 1 shooter Start...
[INFO]: 2026-01-02 04:13:22 - shooter Not Find Sub can be download 美食古楼子成破案关键 4 17
[INFO]: 2026-01-02 04:13:22 - Queue 1 shooter End
[INFO]: 2026-01-02 04:13:22 - ------------------------------------------
[INFO]: 2026-01-02 04:13:22 - Queue 1 DlSub End /media/TV Shows/唐朝诡事录 (2022)
[INFO]: 2026-01-02 04:13:22 - ------------------------------------------
[WARNING]: 2026-01-02 04:13:22 - DownloadSubtitleInAllSiteByOneSeries.subInfos == 0, No Sub Downloaded.
[INFO]: 2026-01-02 04:13:22 - No Sub Found 唐朝诡事录 - S04E17 - 第17集.mkv 4 17
