[INFO]: 2025-12-30 04:10:58 - Queue 1 DlSub Start /media/TV Shows/唐朝诡事录 (2022)
[INFO]: 2025-12-30 04:10:58 - Queue 1 IMDB ID: tt22797712 NeedDownloadSubs: 1
[INFO]: 2025-12-30 04:10:58 - Queue 1 NeedDownloadEps - S4E11
[INFO]: 2025-12-30 04:10:58 - ------------------------------------------
[INFO]: 2025-12-30 04:10:58 - Queue 1 xunlei Start...
[INFO]: 2025-12-30 04:10:58 - xunlei Not Find Sub can be download 神秘客人来访解忧店 4 11
[INFO]: 2025-12-30 04:10:58 - Queue 1 xunlei End
[INFO]: 2025-12-30 04:10:58 - ------------------------------------------
[INFO]: 2025-12-30 04:10:58 - ------------------------------------------
[INFO]: 2025-12-30 04:10:58 - Queue 1 shooter Start...
[INFO]: 2025-12-30 04:10:59 - shooter Not Find Sub can be download 神秘客人来访解忧店 4 11
[INFO]: 2025-12-30 04:10:59 - Queue 1 shooter End
[INFO]: 2025-12-30 04:10:59 - ------------------------------------------
[INFO]: 2025-12-30 04:10:59 - Queue 1 DlSub End /media/TV Shows/唐朝诡事录 (2022)
[INFO]: 2025-12-30 04:10:59 - ------------------------------------------
[WARNING]: 2025-12-30 04:10:59 - DownloadSubtitleInAllSiteByOneSeries.subInfos == 0, No Sub Downloaded.
[INFO]: 2025-12-30 04:10:59 - No Sub Found 唐朝诡事录 - S04E11 - 第11集.mkv 4 11
[INFO]: 2025-12-30 16:11:07 - Queue 1 DlSub Start /media/TV Shows/唐朝诡事录 (2022)
[INFO]: 2025-12-30 16:11:07 - Queue 1 IMDB ID: tt22797712 NeedDownloadSubs: 1
[INFO]: 2025-12-30 16:11:07 - Queue 1 NeedDownloadEps - S4E11
[INFO]: 2025-12-30 16:11:07 - ------------------------------------------
[INFO]: 2025-12-30 16:11:07 - Queue 1 xunlei Start...
[INFO]: 2025-12-30 16:11:07 - xunlei Not Find Sub can be download 神秘客人来访解忧店 4 11
[INFO]: 2025-12-30 16:11:07 - Queue 1 xunlei End
[INFO]: 2025-12-30 16:11:07 - ------------------------------------------
[INFO]: 2025-12-30 16:11:07 - ------------------------------------------
[INFO]: 2025-12-30 16:11:07 - Queue 1 shooter Start...
[INFO]: 2025-12-30 16:11:07 - shooter Not Find Sub can be download 神秘客人来访解忧店 4 11
[INFO]: 2025-12-30 16:11:07 - Queue 1 shooter End
[INFO]: 2025-12-30 16:11:07 - ------------------------------------------
[INFO]: 2025-12-30 16:11:07 - Queue 1 DlSub End /media/TV Shows/唐朝诡事录 (2022)
[INFO]: 2025-12-30 16:11:07 - ------------------------------------------
[WARNING]: 2025-12-30 16:11:07 - DownloadSubtitleInAllSiteByOneSeries.subInfos == 0, No Sub Downloaded.
[INFO]: 2025-12-30 16:11:07 - No Sub Found 唐朝诡事录 - S04E11 - 第11集.mkv 4 11
[INFO]: 2025-12-31 04:11:22 - Queue 1 DlSub Start /media/TV Shows/唐朝诡事录 (2022)
[INFO]: 2025-12-31 04:11:22 - Queue 1 IMDB ID: tt22797712 NeedDownloadSubs: 1
[INFO]: 2025-12-31 04:11:22 - Queue 1 NeedDownloadEps - S4E11
[INFO]: 2025-12-31 04:11:22 - ------------------------------------------
[INFO]: 2025-12-31 04:11:22 - Queue 1 xunlei Start...
[INFO]: 2025-12-31 04:11:22 - xunlei Not Find Sub can be download 神秘客人来访解忧店 4 11
[INFO]: 2025-12-31 04:11:22 - Queue 1 xunlei End
[INFO]: 2025-12-31 04:11:22 - ------------------------------------------
[INFO]: 2025-12-31 04:11:22 - ------------------------------------------
[INFO]: 2025-12-31 04:11:22 - Queue 1 shooter Start...
[INFO]: 2025-12-31 04:11:23 - shooter Not Find Sub can be download 神秘客人来访解忧店 4 11
[INFO]: 2025-12-31 04:11:23 - Queue 1 shooter End
[INFO]: 2025-12-31 04:11:23 - ------------------------------------------
[INFO]: 2025-12-31 04:11:23 - Queue 1 DlSub End /media/TV Shows/唐朝诡事录 (2022)
[INFO]: 2025-12-31 04:11:23 - ------------------------------------------
[WARNING]: 2025-12-31 04:11:23 - DownloadSubtitleInAllSiteByOneSeries.subInfos == 0, No Sub Downloaded.
[INFO]: 2025-12-31 04:11:23 - No Sub Found 唐朝诡事录 - S04E11 - 第11集.mkv 4 11
[INFO]: 2025-12-31 16:11:37 - Queue 1 DlSub Start /media/TV Shows/唐朝诡事录 (2022)
[INFO]: 2025-12-31 16:11:37 - Queue 1 IMDB ID: tt22797712 NeedDownloadSubs: 1
[INFO]: 2025-12-31 16:11:37 - Queue 1 NeedDownloadEps - S4E11
[INFO]: 2025-12-31 16:11:37 - ------------------------------------------
[INFO]: 2025-12-31 16:11:37 - Queue 1 xunlei Start...
[INFO]: 2025-12-31 16:11:37 - xunlei Not Find Sub can be download 神秘客人来访解忧店 4 11
[INFO]: 2025-12-31 16:11:37 - Queue 1 xunlei End
[INFO]: 2025-12-31 16:11:37 - ------------------------------------------
[INFO]: 2025-12-31 16:11:37 - ------------------------------------------
[INFO]: 2025-12-31 16:11:37 - Queue 1 shooter Start...
[INFO]: 2025-12-31 16:11:38 - shooter Not Find Sub can be download 神秘客人来访解忧店 4 11
[INFO]: 2025-12-31 16:11:38 - Queue 1 shooter End
[INFO]: 2025-12-31 16:11:38 - ------------------------------------------
[INFO]: 2025-12-31 16:11:38 - Queue 1 DlSub End /media/TV Shows/唐朝诡事录 (2022)
[INFO]: 2025-12-31 16:11:38 - ------------------------------------------
[WARNING]: 2025-12-31 16:11:38 - DownloadSubtitleInAllSiteByOneSeries.subInfos == 0, No Sub Downloaded.
[INFO]: 2025-12-31 16:11:38 - No Sub Found 唐朝诡事录 - S04E11 - 第11集.mkv 4 11
[INFO]: 2026-01-01 04:11:52 - Queue 1 DlSub Start /media/TV Shows/唐朝诡事录 (2022)
[INFO]: 2026-01-01 04:11:52 - Queue 1 IMDB ID: tt22797712 NeedDownloadSubs: 1
[INFO]: 2026-01-01 04:11:52 - Queue 1 NeedDownloadEps - S4E11
[INFO]: 2026-01-01 04:11:52 - ------------------------------------------
[INFO]: 2026-01-01 04:11:52 - Queue 1 xunlei Start...
[INFO]: 2026-01-01 04:11:52 - xunlei Not Find Sub can be download 神秘客人来访解忧店 4 11
[INFO]: 2026-01-01 04:11:52 - Queue 1 xunlei End
[INFO]: 2026-01-01 04:11:52 - ------------------------------------------
[INFO]: 2026-01-01 04:11:52 - ------------------------------------------
[INFO]: 2026-01-01 04:11:52 - Queue 1 shooter Start...
[INFO]: 2026-01-01 04:11:53 - shooter Not Find Sub can be download 神秘客人来访解忧店 4 11
[INFO]: 2026-01-01 04:11:53 - Queue 1 shooter End
[INFO]: 2026-01-01 04:11:53 - ------------------------------------------
[INFO]: 2026-01-01 04:11:53 - Queue 1 DlSub End /media/TV Shows/唐朝诡事录 (2022)
[INFO]: 2026-01-01 04:11:53 - ------------------------------------------
[WARNING]: 2026-01-01 04:11:53 - DownloadSubtitleInAllSiteByOneSeries.subInfos == 0, No Sub Downloaded.
[INFO]: 2026-01-01 04:11:53 - No Sub Found 唐朝诡事录 - S04E11 - 第11集.mkv 4 11
[INFO]: 2026-01-01 16:12:07 - Queue 1 DlSub Start /media/TV Shows/唐朝诡事录 (2022)
[INFO]: 2026-01-01 16:12:07 - Queue 1 IMDB ID: tt22797712 NeedDownloadSubs: 1
[INFO]: 2026-01-01 16:12:07 - Queue 1 NeedDownloadEps - S4E11
[INFO]: 2026-01-01 16:12:07 - ------------------------------------------
[INFO]: 2026-01-01 16:12:07 - Queue 1 xunlei Start...
[INFO]: 2026-01-01 16:12:07 - xunlei Not Find Sub can be download 神秘客人来访解忧店 4 11
[INFO]: 2026-01-01 16:12:07 - Queue 1 xunlei End
[INFO]: 2026-01-01 16:12:07 - ------------------------------------------
[INFO]: 2026-01-01 16:12:07 - ------------------------------------------
[INFO]: 2026-01-01 16:12:07 - Queue 1 shooter Start...
[INFO]: 2026-01-01 16:12:08 - shooter Not Find Sub can be download 神秘客人来访解忧店 4 11
[INFO]: 2026-01-01 16:12:08 - Queue 1 shooter End
[INFO]: 2026-01-01 16:12:08 - ------------------------------------------
[INFO]: 2026-01-01 16:12:08 - Queue 1 DlSub End /media/TV Shows/唐朝诡事录 (2022)
[INFO]: 2026-01-01 16:12:08 - ------------------------------------------
[WARNING]: 2026-01-01 16:12:08 - DownloadSubtitleInAllSiteByOneSeries.subInfos == 0, No Sub Downloaded.
[INFO]: 2026-01-01 16:12:08 - No Sub Found 唐朝诡事录 - S04E11 - 第11集.mkv 4 11
[INFO]: 2026-01-02 04:12:22 - Queue 1 DlSub Start /media/TV Shows/唐朝诡事录 (2022)
[INFO]: 2026-01-02 04:12:22 - Queue 1 IMDB ID: tt22797712 NeedDownloadSubs: 1
[INFO]: 2026-01-02 04:12:22 - Queue 1 NeedDownloadEps - S4E11
[INFO]: 2026-01-02 04:12:22 - ------------------------------------------
[INFO]: 2026-01-02 04:12:22 - Queue 1 xunlei Start...
[INFO]: 2026-01-02 04:12:22 - xunlei Not Find Sub can be download 神秘客人来访解忧店 4 11
[INFO]: 2026-01-02 04:12:22 - Queue 1 xunlei End
[INFO]: 2026-01-02 04:12:22 - ------------------------------------------
[INFO]: 2026-01-02 04:12:22 - ------------------------------------------
[INFO]: 2026-01-02 04:12:22 - Queue 1 shooter Start...
[INFO]: 2026-01-02 04:12:23 - shooter Not Find Sub can be download 神秘客人来访解忧店 4 11
[INFO]: 2026-01-02 04:12:23 - Queue 1 shooter End
[INFO]: 2026-01-02 04:12:23 - ------------------------------------------
[INFO]: 2026-01-02 04:12:23 - Queue 1 DlSub End /media/TV Shows/唐朝诡事录 (2022)
[INFO]: 2026-01-02 04:12:23 - ------------------------------------------
[WARNING]: 2026-01-02 04:12:23 - DownloadSubtitleInAllSiteByOneSeries.subInfos == 0, No Sub Downloaded.
[INFO]: 2026-01-02 04:12:23 - No Sub Found 唐朝诡事录 - S04E11 - 第11集.mkv 4 11
