[INFO]: 2025-12-18 01:00:10 - Queue 1 DlSub Start /media/TV Shows/长安二十四计 (2025)
[INFO]: 2025-12-18 01:00:10 - Queue 1 IMDB ID: tt35089518 NeedDownloadSubs: 1
[INFO]: 2025-12-18 01:00:10 - Queue 1 NeedDownloadEps - S1E14
[INFO]: 2025-12-18 01:00:10 - ------------------------------------------
[INFO]: 2025-12-18 01:00:10 - Queue 1 xunlei Start...
[INFO]: 2025-12-18 01:00:10 - xunlei Not Find Sub can be download 第 14 集 1 14
[INFO]: 2025-12-18 01:00:10 - Queue 1 xunlei End
[INFO]: 2025-12-18 01:00:10 - ------------------------------------------
[INFO]: 2025-12-18 01:00:10 - ------------------------------------------
[INFO]: 2025-12-18 01:00:10 - Queue 1 shooter Start...
[INFO]: 2025-12-18 01:00:11 - shooter Not Find Sub can be download 第 14 集 1 14
[INFO]: 2025-12-18 01:00:11 - Queue 1 shooter End
[INFO]: 2025-12-18 01:00:11 - ------------------------------------------
[INFO]: 2025-12-18 01:00:11 - Queue 1 DlSub End /media/TV Shows/长安二十四计 (2025)
[INFO]: 2025-12-18 01:00:11 - ------------------------------------------
[WARNING]: 2025-12-18 01:00:11 - DownloadSubtitleInAllSiteByOneSeries.subInfos == 0, No Sub Downloaded.
[INFO]: 2025-12-18 01:00:11 - No Sub Found 长安二十四计 - S01E14 - 第14集.mp4 1 14
[INFO]: 2025-12-18 13:00:11 - Queue 1 DlSub Start /media/TV Shows/长安二十四计 (2025)
[INFO]: 2025-12-18 13:00:11 - Queue 1 IMDB ID: tt35089518 NeedDownloadSubs: 1
[INFO]: 2025-12-18 13:00:11 - Queue 1 NeedDownloadEps - S1E14
[INFO]: 2025-12-18 13:00:11 - ------------------------------------------
[INFO]: 2025-12-18 13:00:11 - Queue 1 xunlei Start...
[INFO]: 2025-12-18 13:00:11 - xunlei Not Find Sub can be download 第 14 集 1 14
[INFO]: 2025-12-18 13:00:11 - Queue 1 xunlei End
[INFO]: 2025-12-18 13:00:11 - ------------------------------------------
[INFO]: 2025-12-18 13:00:11 - ------------------------------------------
[INFO]: 2025-12-18 13:00:11 - Queue 1 shooter Start...
[INFO]: 2025-12-18 13:00:11 - shooter Not Find Sub can be download 第 14 集 1 14
[INFO]: 2025-12-18 13:00:11 - Queue 1 shooter End
[INFO]: 2025-12-18 13:00:11 - ------------------------------------------
[INFO]: 2025-12-18 13:00:11 - Queue 1 DlSub End /media/TV Shows/长安二十四计 (2025)
[INFO]: 2025-12-18 13:00:11 - ------------------------------------------
[WARNING]: 2025-12-18 13:00:11 - DownloadSubtitleInAllSiteByOneSeries.subInfos == 0, No Sub Downloaded.
[INFO]: 2025-12-18 13:00:11 - No Sub Found 长安二十四计 - S01E14 - 第14集.mp4 1 14
[INFO]: 2025-12-19 01:00:26 - Queue 1 DlSub Start /media/TV Shows/长安二十四计 (2025)
[INFO]: 2025-12-19 01:00:26 - Queue 1 IMDB ID: tt35089518 NeedDownloadSubs: 1
[INFO]: 2025-12-19 01:00:26 - Queue 1 NeedDownloadEps - S1E14
[INFO]: 2025-12-19 01:00:26 - ------------------------------------------
[INFO]: 2025-12-19 01:00:26 - Queue 1 xunlei Start...
[INFO]: 2025-12-19 01:00:26 - xunlei Not Find Sub can be download 第 14 集 1 14
[INFO]: 2025-12-19 01:00:26 - Queue 1 xunlei End
[INFO]: 2025-12-19 01:00:26 - ------------------------------------------
[INFO]: 2025-12-19 01:00:26 - ------------------------------------------
[INFO]: 2025-12-19 01:00:26 - Queue 1 shooter Start...
[INFO]: 2025-12-19 01:00:27 - shooter Not Find Sub can be download 第 14 集 1 14
[INFO]: 2025-12-19 01:00:27 - Queue 1 shooter End
[INFO]: 2025-12-19 01:00:27 - ------------------------------------------
[INFO]: 2025-12-19 01:00:27 - Queue 1 DlSub End /media/TV Shows/长安二十四计 (2025)
[INFO]: 2025-12-19 01:00:27 - ------------------------------------------
[WARNING]: 2025-12-19 01:00:27 - DownloadSubtitleInAllSiteByOneSeries.subInfos == 0, No Sub Downloaded.
[INFO]: 2025-12-19 01:00:27 - No Sub Found 长安二十四计 - S01E14 - 第14集.mp4 1 14
[INFO]: 2025-12-19 13:00:41 - Queue 1 DlSub Start /media/TV Shows/长安二十四计 (2025)
[INFO]: 2025-12-19 13:00:41 - Queue 1 IMDB ID: tt35089518 NeedDownloadSubs: 1
[INFO]: 2025-12-19 13:00:41 - Queue 1 NeedDownloadEps - S1E14
[INFO]: 2025-12-19 13:00:41 - ------------------------------------------
[INFO]: 2025-12-19 13:00:41 - Queue 1 xunlei Start...
[INFO]: 2025-12-19 13:00:41 - xunlei Not Find Sub can be download 第 14 集 1 14
[INFO]: 2025-12-19 13:00:41 - Queue 1 xunlei End
[INFO]: 2025-12-19 13:00:41 - ------------------------------------------
[INFO]: 2025-12-19 13:00:41 - ------------------------------------------
[INFO]: 2025-12-19 13:00:41 - Queue 1 shooter Start...
[INFO]: 2025-12-19 13:00:41 - shooter Not Find Sub can be download 第 14 集 1 14
[INFO]: 2025-12-19 13:00:41 - Queue 1 shooter End
[INFO]: 2025-12-19 13:00:41 - ------------------------------------------
[INFO]: 2025-12-19 13:00:41 - Queue 1 DlSub End /media/TV Shows/长安二十四计 (2025)
[INFO]: 2025-12-19 13:00:41 - ------------------------------------------
[WARNING]: 2025-12-19 13:00:41 - DownloadSubtitleInAllSiteByOneSeries.subInfos == 0, No Sub Downloaded.
[INFO]: 2025-12-19 13:00:41 - No Sub Found 长安二十四计 - S01E14 - 第14集.mp4 1 14
[INFO]: 2025-12-20 01:00:56 - Queue 1 DlSub Start /media/TV Shows/长安二十四计 (2025)
[INFO]: 2025-12-20 01:00:56 - Queue 1 IMDB ID: tt35089518 NeedDownloadSubs: 1
[INFO]: 2025-12-20 01:00:56 - Queue 1 NeedDownloadEps - S1E14
[INFO]: 2025-12-20 01:00:56 - ------------------------------------------
[INFO]: 2025-12-20 01:00:56 - Queue 1 xunlei Start...
[INFO]: 2025-12-20 01:00:56 - xunlei Not Find Sub can be download 第 14 集 1 14
[INFO]: 2025-12-20 01:00:56 - Queue 1 xunlei End
[INFO]: 2025-12-20 01:00:56 - ------------------------------------------
[INFO]: 2025-12-20 01:00:56 - ------------------------------------------
[INFO]: 2025-12-20 01:00:56 - Queue 1 shooter Start...
[INFO]: 2025-12-20 01:00:57 - shooter Not Find Sub can be download 第 14 集 1 14
[INFO]: 2025-12-20 01:00:57 - Queue 1 shooter End
[INFO]: 2025-12-20 01:00:57 - ------------------------------------------
[INFO]: 2025-12-20 01:00:57 - Queue 1 DlSub End /media/TV Shows/长安二十四计 (2025)
[INFO]: 2025-12-20 01:00:57 - ------------------------------------------
[WARNING]: 2025-12-20 01:00:57 - DownloadSubtitleInAllSiteByOneSeries.subInfos == 0, No Sub Downloaded.
[INFO]: 2025-12-20 01:00:57 - No Sub Found 长安二十四计 - S01E14 - 第14集.mp4 1 14
[INFO]: 2025-12-20 13:01:11 - Queue 1 DlSub Start /media/TV Shows/长安二十四计 (2025)
[INFO]: 2025-12-20 13:01:11 - Queue 1 IMDB ID: tt35089518 NeedDownloadSubs: 1
[INFO]: 2025-12-20 13:01:11 - Queue 1 NeedDownloadEps - S1E14
[INFO]: 2025-12-20 13:01:11 - ------------------------------------------
[INFO]: 2025-12-20 13:01:11 - Queue 1 xunlei Start...
[INFO]: 2025-12-20 13:01:11 - xunlei Not Find Sub can be download 第 14 集 1 14
[INFO]: 2025-12-20 13:01:11 - Queue 1 xunlei End
[INFO]: 2025-12-20 13:01:11 - ------------------------------------------
[INFO]: 2025-12-20 13:01:11 - ------------------------------------------
[INFO]: 2025-12-20 13:01:11 - Queue 1 shooter Start...
[INFO]: 2025-12-20 13:01:12 - shooter Not Find Sub can be download 第 14 集 1 14
[INFO]: 2025-12-20 13:01:12 - Queue 1 shooter End
[INFO]: 2025-12-20 13:01:12 - ------------------------------------------
[INFO]: 2025-12-20 13:01:12 - Queue 1 DlSub End /media/TV Shows/长安二十四计 (2025)
[INFO]: 2025-12-20 13:01:12 - ------------------------------------------
[WARNING]: 2025-12-20 13:01:12 - DownloadSubtitleInAllSiteByOneSeries.subInfos == 0, No Sub Downloaded.
[INFO]: 2025-12-20 13:01:12 - No Sub Found 长安二十四计 - S01E14 - 第14集.mp4 1 14
[INFO]: 2025-12-21 01:01:26 - Queue 1 DlSub Start /media/TV Shows/长安二十四计 (2025)
[INFO]: 2025-12-21 01:01:26 - Queue 1 IMDB ID: tt35089518 NeedDownloadSubs: 1
[INFO]: 2025-12-21 01:01:26 - Queue 1 NeedDownloadEps - S1E14
[INFO]: 2025-12-21 01:01:26 - ------------------------------------------
[INFO]: 2025-12-21 01:01:26 - Queue 1 xunlei Start...
[INFO]: 2025-12-21 01:01:26 - xunlei Not Find Sub can be download 第 14 集 1 14
[INFO]: 2025-12-21 01:01:26 - Queue 1 xunlei End
[INFO]: 2025-12-21 01:01:26 - ------------------------------------------
[INFO]: 2025-12-21 01:01:26 - ------------------------------------------
[INFO]: 2025-12-21 01:01:26 - Queue 1 shooter Start...
[INFO]: 2025-12-21 01:01:28 - shooter Not Find Sub can be download 第 14 集 1 14
[INFO]: 2025-12-21 01:01:28 - Queue 1 shooter End
[INFO]: 2025-12-21 01:01:28 - ------------------------------------------
[INFO]: 2025-12-21 01:01:28 - Queue 1 DlSub End /media/TV Shows/长安二十四计 (2025)
[INFO]: 2025-12-21 01:01:28 - ------------------------------------------
[WARNING]: 2025-12-21 01:01:28 - DownloadSubtitleInAllSiteByOneSeries.subInfos == 0, No Sub Downloaded.
[INFO]: 2025-12-21 01:01:28 - No Sub Found 长安二十四计 - S01E14 - 第14集.mp4 1 14
[INFO]: 2025-12-21 13:01:41 - Queue 1 DlSub Start /media/TV Shows/长安二十四计 (2025)
[INFO]: 2025-12-21 13:01:41 - Queue 1 IMDB ID: tt35089518 NeedDownloadSubs: 1
[INFO]: 2025-12-21 13:01:41 - Queue 1 NeedDownloadEps - S1E14
[INFO]: 2025-12-21 13:01:41 - ------------------------------------------
[INFO]: 2025-12-21 13:01:41 - Queue 1 xunlei Start...
[INFO]: 2025-12-21 13:01:41 - xunlei Not Find Sub can be download 第 14 集 1 14
[INFO]: 2025-12-21 13:01:41 - Queue 1 xunlei End
[INFO]: 2025-12-21 13:01:41 - ------------------------------------------
[INFO]: 2025-12-21 13:01:41 - ------------------------------------------
[INFO]: 2025-12-21 13:01:41 - Queue 1 shooter Start...
[INFO]: 2025-12-21 13:01:42 - shooter Not Find Sub can be download 第 14 集 1 14
[INFO]: 2025-12-21 13:01:42 - Queue 1 shooter End
[INFO]: 2025-12-21 13:01:42 - ------------------------------------------
[INFO]: 2025-12-21 13:01:42 - Queue 1 DlSub End /media/TV Shows/长安二十四计 (2025)
[INFO]: 2025-12-21 13:01:42 - ------------------------------------------
[WARNING]: 2025-12-21 13:01:42 - DownloadSubtitleInAllSiteByOneSeries.subInfos == 0, No Sub Downloaded.
[INFO]: 2025-12-21 13:01:42 - No Sub Found 长安二十四计 - S01E14 - 第14集.mp4 1 14
[INFO]: 2025-12-22 01:01:56 - Queue 1 DlSub Start /media/TV Shows/长安二十四计 (2025)
[INFO]: 2025-12-22 01:01:56 - Queue 1 IMDB ID: tt35089518 NeedDownloadSubs: 1
[INFO]: 2025-12-22 01:01:56 - Queue 1 NeedDownloadEps - S1E14
[INFO]: 2025-12-22 01:01:56 - ------------------------------------------
[INFO]: 2025-12-22 01:01:56 - Queue 1 xunlei Start...
[INFO]: 2025-12-22 01:01:56 - xunlei Not Find Sub can be download 第 14 集 1 14
[INFO]: 2025-12-22 01:01:56 - Queue 1 xunlei End
[INFO]: 2025-12-22 01:01:56 - ------------------------------------------
[INFO]: 2025-12-22 01:01:56 - ------------------------------------------
[INFO]: 2025-12-22 01:01:56 - Queue 1 shooter Start...
[INFO]: 2025-12-22 01:01:56 - shooter Not Find Sub can be download 第 14 集 1 14
[INFO]: 2025-12-22 01:01:56 - Queue 1 shooter End
[INFO]: 2025-12-22 01:01:56 - ------------------------------------------
[INFO]: 2025-12-22 01:01:56 - Queue 1 DlSub End /media/TV Shows/长安二十四计 (2025)
[INFO]: 2025-12-22 01:01:56 - ------------------------------------------
[WARNING]: 2025-12-22 01:01:56 - DownloadSubtitleInAllSiteByOneSeries.subInfos == 0, No Sub Downloaded.
[INFO]: 2025-12-22 01:01:56 - No Sub Found 长安二十四计 - S01E14 - 第14集.mp4 1 14
[INFO]: 2025-12-22 13:02:11 - Queue 1 DlSub Start /media/TV Shows/长安二十四计 (2025)
[INFO]: 2025-12-22 13:02:11 - Queue 1 IMDB ID: tt35089518 NeedDownloadSubs: 1
[INFO]: 2025-12-22 13:02:11 - Queue 1 NeedDownloadEps - S1E14
[INFO]: 2025-12-22 13:02:11 - ------------------------------------------
[INFO]: 2025-12-22 13:02:11 - Queue 1 xunlei Start...
[INFO]: 2025-12-22 13:02:11 - xunlei Not Find Sub can be download 第 14 集 1 14
[INFO]: 2025-12-22 13:02:11 - Queue 1 xunlei End
[INFO]: 2025-12-22 13:02:11 - ------------------------------------------
[INFO]: 2025-12-22 13:02:11 - ------------------------------------------
[INFO]: 2025-12-22 13:02:11 - Queue 1 shooter Start...
[INFO]: 2025-12-22 13:02:11 - shooter Not Find Sub can be download 第 14 集 1 14
[INFO]: 2025-12-22 13:02:11 - Queue 1 shooter End
[INFO]: 2025-12-22 13:02:11 - ------------------------------------------
[INFO]: 2025-12-22 13:02:11 - Queue 1 DlSub End /media/TV Shows/长安二十四计 (2025)
[INFO]: 2025-12-22 13:02:11 - ------------------------------------------
[WARNING]: 2025-12-22 13:02:11 - DownloadSubtitleInAllSiteByOneSeries.subInfos == 0, No Sub Downloaded.
[INFO]: 2025-12-22 13:02:11 - No Sub Found 长安二十四计 - S01E14 - 第14集.mp4 1 14
