[INFO]: 2025-10-31 15:43:26 - Queue 1 DlSub Start /media/Animes/龙族 (2022)
[INFO]: 2025-10-31 15:43:26 - Queue 1 IMDB ID: tt27442011 NeedDownloadSubs: 1
[INFO]: 2025-10-31 15:43:26 - Queue 1 NeedDownloadEps - S2E18
[INFO]: 2025-10-31 15:43:26 - ------------------------------------------
[INFO]: 2025-10-31 15:43:26 - Queue 1 xunlei Start...
[INFO]: 2025-10-31 15:43:26 - xunlei Not Find Sub can be download 第 18 集 2 18
[INFO]: 2025-10-31 15:43:26 - Queue 1 xunlei End
[INFO]: 2025-10-31 15:43:26 - ------------------------------------------
[INFO]: 2025-10-31 15:43:26 - ------------------------------------------
[INFO]: 2025-10-31 15:43:26 - Queue 1 shooter Start...
[INFO]: 2025-10-31 15:43:26 - shooter Not Find Sub can be download 第 18 集 2 18
[INFO]: 2025-10-31 15:43:26 - Queue 1 shooter End
[INFO]: 2025-10-31 15:43:26 - ------------------------------------------
[INFO]: 2025-10-31 15:43:26 - Queue 1 DlSub End /media/Animes/龙族 (2022)
[INFO]: 2025-10-31 15:43:26 - ------------------------------------------
[WARNING]: 2025-10-31 15:43:26 - DownloadSubtitleInAllSiteByOneSeries.subInfos == 0, No Sub Downloaded.
[INFO]: 2025-10-31 15:43:26 - No Sub Found 龙族 - S02E18 - 第18集.mkv 2 18
[INFO]: 2025-11-01 03:43:41 - Queue 1 DlSub Start /media/Animes/龙族 (2022)
[INFO]: 2025-11-01 03:43:41 - Queue 1 IMDB ID: tt27442011 NeedDownloadSubs: 1
[INFO]: 2025-11-01 03:43:41 - Queue 1 NeedDownloadEps - S2E18
[INFO]: 2025-11-01 03:43:41 - ------------------------------------------
[INFO]: 2025-11-01 03:43:41 - Queue 1 xunlei Start...
[INFO]: 2025-11-01 03:43:41 - xunlei Not Find Sub can be download 第 18 集 2 18
[INFO]: 2025-11-01 03:43:41 - Queue 1 xunlei End
[INFO]: 2025-11-01 03:43:41 - ------------------------------------------
[INFO]: 2025-11-01 03:43:41 - ------------------------------------------
[INFO]: 2025-11-01 03:43:41 - Queue 1 shooter Start...
[INFO]: 2025-11-01 03:43:41 - shooter Not Find Sub can be download 第 18 集 2 18
[INFO]: 2025-11-01 03:43:41 - Queue 1 shooter End
[INFO]: 2025-11-01 03:43:41 - ------------------------------------------
[INFO]: 2025-11-01 03:43:41 - Queue 1 DlSub End /media/Animes/龙族 (2022)
[INFO]: 2025-11-01 03:43:41 - ------------------------------------------
[WARNING]: 2025-11-01 03:43:41 - DownloadSubtitleInAllSiteByOneSeries.subInfos == 0, No Sub Downloaded.
[INFO]: 2025-11-01 03:43:41 - No Sub Found 龙族 - S02E18 - 第18集.mkv 2 18
[INFO]: 2025-11-01 15:43:56 - Queue 1 DlSub Start /media/Animes/龙族 (2022)
[INFO]: 2025-11-01 15:43:56 - Queue 1 IMDB ID: tt27442011 NeedDownloadSubs: 1
[INFO]: 2025-11-01 15:43:56 - Queue 1 NeedDownloadEps - S2E18
[INFO]: 2025-11-01 15:43:56 - ------------------------------------------
[INFO]: 2025-11-01 15:43:56 - Queue 1 xunlei Start...
[INFO]: 2025-11-01 15:43:56 - xunlei Not Find Sub can be download 第 18 集 2 18
[INFO]: 2025-11-01 15:43:56 - Queue 1 xunlei End
[INFO]: 2025-11-01 15:43:56 - ------------------------------------------
[INFO]: 2025-11-01 15:43:56 - ------------------------------------------
[INFO]: 2025-11-01 15:43:56 - Queue 1 shooter Start...
[INFO]: 2025-11-01 15:43:56 - shooter Not Find Sub can be download 第 18 集 2 18
[INFO]: 2025-11-01 15:43:56 - Queue 1 shooter End
[INFO]: 2025-11-01 15:43:56 - ------------------------------------------
[INFO]: 2025-11-01 15:43:56 - Queue 1 DlSub End /media/Animes/龙族 (2022)
[INFO]: 2025-11-01 15:43:56 - ------------------------------------------
[WARNING]: 2025-11-01 15:43:56 - DownloadSubtitleInAllSiteByOneSeries.subInfos == 0, No Sub Downloaded.
[INFO]: 2025-11-01 15:43:56 - No Sub Found 龙族 - S02E18 - 第18集.mkv 2 18
[INFO]: 2025-11-02 03:44:11 - Queue 1 DlSub Start /media/Animes/龙族 (2022)
[INFO]: 2025-11-02 03:44:11 - Queue 1 IMDB ID: tt27442011 NeedDownloadSubs: 1
[INFO]: 2025-11-02 03:44:11 - Queue 1 NeedDownloadEps - S2E18
[INFO]: 2025-11-02 03:44:11 - ------------------------------------------
[INFO]: 2025-11-02 03:44:11 - Queue 1 xunlei Start...
[INFO]: 2025-11-02 03:44:11 - xunlei Not Find Sub can be download 第 18 集 2 18
[INFO]: 2025-11-02 03:44:11 - Queue 1 xunlei End
[INFO]: 2025-11-02 03:44:11 - ------------------------------------------
[INFO]: 2025-11-02 03:44:11 - ------------------------------------------
[INFO]: 2025-11-02 03:44:11 - Queue 1 shooter Start...
[INFO]: 2025-11-02 03:44:12 - shooter Not Find Sub can be download 第 18 集 2 18
[INFO]: 2025-11-02 03:44:12 - Queue 1 shooter End
[INFO]: 2025-11-02 03:44:12 - ------------------------------------------
[INFO]: 2025-11-02 03:44:12 - Queue 1 DlSub End /media/Animes/龙族 (2022)
[INFO]: 2025-11-02 03:44:12 - ------------------------------------------
[WARNING]: 2025-11-02 03:44:12 - DownloadSubtitleInAllSiteByOneSeries.subInfos == 0, No Sub Downloaded.
[INFO]: 2025-11-02 03:44:12 - No Sub Found 龙族 - S02E18 - 第18集.mkv 2 18
