[INFO]: 2025-12-25 00:46:11 - Queue 1 DlSub Start /media/TV Shows/长安二十四计 (2025)
[INFO]: 2025-12-25 00:46:11 - Queue 1 IMDB ID: tt35089518 NeedDownloadSubs: 1
[INFO]: 2025-12-25 00:46:11 - Queue 1 NeedDownloadEps - S1E24
[INFO]: 2025-12-25 00:46:11 - ------------------------------------------
[INFO]: 2025-12-25 00:46:11 - Queue 1 xunlei Start...
[INFO]: 2025-12-25 00:46:11 - xunlei Not Find Sub can be download 第 24 集 1 24
[INFO]: 2025-12-25 00:46:11 - Queue 1 xunlei End
[INFO]: 2025-12-25 00:46:11 - ------------------------------------------
[INFO]: 2025-12-25 00:46:11 - ------------------------------------------
[INFO]: 2025-12-25 00:46:11 - Queue 1 shooter Start...
[INFO]: 2025-12-25 00:46:11 - shooter Not Find Sub can be download 第 24 集 1 24
[INFO]: 2025-12-25 00:46:11 - Queue 1 shooter End
[INFO]: 2025-12-25 00:46:11 - ------------------------------------------
[INFO]: 2025-12-25 00:46:11 - Queue 1 DlSub End /media/TV Shows/长安二十四计 (2025)
[INFO]: 2025-12-25 00:46:11 - ------------------------------------------
[WARNING]: 2025-12-25 00:46:11 - DownloadSubtitleInAllSiteByOneSeries.subInfos == 0, No Sub Downloaded.
[INFO]: 2025-12-25 00:46:11 - No Sub Found 长安二十四计 - S01E24 - 第24集.mp4 1 24
[INFO]: 2025-12-25 12:46:47 - Queue 1 DlSub Start /media/TV Shows/长安二十四计 (2025)
[INFO]: 2025-12-25 12:46:47 - Queue 1 IMDB ID: tt35089518 NeedDownloadSubs: 1
[INFO]: 2025-12-25 12:46:47 - Queue 1 NeedDownloadEps - S1E24
[INFO]: 2025-12-25 12:46:47 - ------------------------------------------
[INFO]: 2025-12-25 12:46:47 - Queue 1 xunlei Start...
[INFO]: 2025-12-25 12:46:47 - xunlei Not Find Sub can be download 第 24 集 1 24
[INFO]: 2025-12-25 12:46:47 - Queue 1 xunlei End
[INFO]: 2025-12-25 12:46:47 - ------------------------------------------
[INFO]: 2025-12-25 12:46:47 - ------------------------------------------
[INFO]: 2025-12-25 12:46:47 - Queue 1 shooter Start...
[INFO]: 2025-12-25 12:46:48 - shooter Not Find Sub can be download 第 24 集 1 24
[INFO]: 2025-12-25 12:46:48 - Queue 1 shooter End
[INFO]: 2025-12-25 12:46:48 - ------------------------------------------
[INFO]: 2025-12-25 12:46:48 - Queue 1 DlSub End /media/TV Shows/长安二十四计 (2025)
[INFO]: 2025-12-25 12:46:48 - ------------------------------------------
[WARNING]: 2025-12-25 12:46:48 - DownloadSubtitleInAllSiteByOneSeries.subInfos == 0, No Sub Downloaded.
[INFO]: 2025-12-25 12:46:48 - No Sub Found 长安二十四计 - S01E24 - 第24集.mp4 1 24
