[INFO]: 2025-12-26 12:46:03 - Queue 1 DlSub Start /media/TV Shows/怪奇物语 (2016)
[INFO]: 2025-12-26 12:46:03 - Queue 1 IMDB ID: tt4574334 NeedDownloadSubs: 1
[INFO]: 2025-12-26 12:46:03 - Queue 1 NeedDownloadEps - S5E5
[INFO]: 2025-12-26 12:46:03 - ------------------------------------------
[INFO]: 2025-12-26 12:46:03 - Queue 1 xunlei Start...
[INFO]: 2025-12-26 12:46:03 - xunlei Not Find Sub can be download 电击唤魔 5 5
[INFO]: 2025-12-26 12:46:03 - Queue 1 xunlei End
[INFO]: 2025-12-26 12:46:03 - ------------------------------------------
[INFO]: 2025-12-26 12:46:03 - ------------------------------------------
[INFO]: 2025-12-26 12:46:03 - Queue 1 shooter Start...
[INFO]: 2025-12-26 12:46:04 - shooter Not Find Sub can be download 电击唤魔 5 5
[INFO]: 2025-12-26 12:46:04 - Queue 1 shooter End
[INFO]: 2025-12-26 12:46:04 - ------------------------------------------
[INFO]: 2025-12-26 12:46:04 - Queue 1 DlSub End /media/TV Shows/怪奇物语 (2016)
[INFO]: 2025-12-26 12:46:04 - ------------------------------------------
[WARNING]: 2025-12-26 12:46:04 - DownloadSubtitleInAllSiteByOneSeries.subInfos == 0, No Sub Downloaded.
[INFO]: 2025-12-26 12:46:04 - No Sub Found 怪奇物语 - S05E05 - 第5集.mkv 5 5
[INFO]: 2025-12-27 00:46:18 - Queue 1 DlSub Start /media/TV Shows/怪奇物语 (2016)
[INFO]: 2025-12-27 00:46:18 - Queue 1 IMDB ID: tt4574334 NeedDownloadSubs: 1
[INFO]: 2025-12-27 00:46:18 - Queue 1 NeedDownloadEps - S5E5
[INFO]: 2025-12-27 00:46:18 - ------------------------------------------
[INFO]: 2025-12-27 00:46:18 - Queue 1 xunlei Start...
[INFO]: 2025-12-27 00:46:18 - xunlei Not Find Sub can be download 电击唤魔 5 5
[INFO]: 2025-12-27 00:46:18 - Queue 1 xunlei End
[INFO]: 2025-12-27 00:46:18 - ------------------------------------------
[INFO]: 2025-12-27 00:46:18 - ------------------------------------------
[INFO]: 2025-12-27 00:46:18 - Queue 1 shooter Start...
[INFO]: 2025-12-27 00:46:18 - shooter Not Find Sub can be download 电击唤魔 5 5
[INFO]: 2025-12-27 00:46:18 - Queue 1 shooter End
[INFO]: 2025-12-27 00:46:18 - ------------------------------------------
[INFO]: 2025-12-27 00:46:18 - Queue 1 DlSub End /media/TV Shows/怪奇物语 (2016)
[INFO]: 2025-12-27 00:46:18 - ------------------------------------------
[WARNING]: 2025-12-27 00:46:18 - DownloadSubtitleInAllSiteByOneSeries.subInfos == 0, No Sub Downloaded.
[INFO]: 2025-12-27 00:46:18 - No Sub Found 怪奇物语 - S05E05 - 第5集.mkv 5 5
