[INFO]: 2025-12-20 00:46:11 - Queue 1 DlSub Start /media/Animes/斗罗大陆Ⅱ绝世唐门 (2023)
[INFO]: 2025-12-20 00:46:11 - Queue 1 IMDB ID: tt28022382 NeedDownloadSubs: 1
[INFO]: 2025-12-20 00:46:11 - Queue 1 NeedDownloadEps - S1E132
[INFO]: 2025-12-20 00:46:11 - ------------------------------------------
[INFO]: 2025-12-20 00:46:11 - Queue 1 xunlei Start...
[INFO]: 2025-12-20 00:46:11 - xunlei Not Find Sub can be download 第 132 集 1 132
[INFO]: 2025-12-20 00:46:11 - Queue 1 xunlei End
[INFO]: 2025-12-20 00:46:11 - ------------------------------------------
[INFO]: 2025-12-20 00:46:11 - ------------------------------------------
[INFO]: 2025-12-20 00:46:11 - Queue 1 shooter Start...
[INFO]: 2025-12-20 00:46:12 - shooter Not Find Sub can be download 第 132 集 1 132
[INFO]: 2025-12-20 00:46:12 - Queue 1 shooter End
[INFO]: 2025-12-20 00:46:12 - ------------------------------------------
[INFO]: 2025-12-20 00:46:12 - Queue 1 DlSub End /media/Animes/斗罗大陆Ⅱ绝世唐门 (2023)
[INFO]: 2025-12-20 00:46:12 - ------------------------------------------
[WARNING]: 2025-12-20 00:46:12 - DownloadSubtitleInAllSiteByOneSeries.subInfos == 0, No Sub Downloaded.
[INFO]: 2025-12-20 00:46:12 - No Sub Found 斗罗大陆Ⅱ绝世唐门 - S01E132 - 第132集.mkv 1 132
[INFO]: 2025-12-20 12:46:26 - Queue 1 DlSub Start /media/Animes/斗罗大陆Ⅱ绝世唐门 (2023)
[INFO]: 2025-12-20 12:46:26 - Queue 1 IMDB ID: tt28022382 NeedDownloadSubs: 1
[INFO]: 2025-12-20 12:46:26 - Queue 1 NeedDownloadEps - S1E132
[INFO]: 2025-12-20 12:46:26 - ------------------------------------------
[INFO]: 2025-12-20 12:46:26 - Queue 1 xunlei Start...
[INFO]: 2025-12-20 12:46:26 - xunlei Not Find Sub can be download 第 132 集 1 132
[INFO]: 2025-12-20 12:46:26 - Queue 1 xunlei End
[INFO]: 2025-12-20 12:46:26 - ------------------------------------------
[INFO]: 2025-12-20 12:46:26 - ------------------------------------------
[INFO]: 2025-12-20 12:46:26 - Queue 1 shooter Start...
[INFO]: 2025-12-20 12:46:26 - shooter Not Find Sub can be download 第 132 集 1 132
[INFO]: 2025-12-20 12:46:26 - Queue 1 shooter End
[INFO]: 2025-12-20 12:46:26 - ------------------------------------------
[INFO]: 2025-12-20 12:46:26 - Queue 1 DlSub End /media/Animes/斗罗大陆Ⅱ绝世唐门 (2023)
[INFO]: 2025-12-20 12:46:26 - ------------------------------------------
[WARNING]: 2025-12-20 12:46:26 - DownloadSubtitleInAllSiteByOneSeries.subInfos == 0, No Sub Downloaded.
[INFO]: 2025-12-20 12:46:26 - No Sub Found 斗罗大陆Ⅱ绝世唐门 - S01E132 - 第132集.mkv 1 132
[INFO]: 2025-12-21 00:46:56 - Queue 1 DlSub Start /media/Animes/斗罗大陆Ⅱ绝世唐门 (2023)
[INFO]: 2025-12-21 00:46:56 - Queue 1 IMDB ID: tt28022382 NeedDownloadSubs: 1
[INFO]: 2025-12-21 00:46:56 - Queue 1 NeedDownloadEps - S1E132
[INFO]: 2025-12-21 00:46:56 - ------------------------------------------
[INFO]: 2025-12-21 00:46:56 - Queue 1 xunlei Start...
[INFO]: 2025-12-21 00:46:56 - xunlei Not Find Sub can be download 第 132 集 1 132
[INFO]: 2025-12-21 00:46:56 - Queue 1 xunlei End
[INFO]: 2025-12-21 00:46:56 - ------------------------------------------
[INFO]: 2025-12-21 00:46:56 - ------------------------------------------
[INFO]: 2025-12-21 00:46:56 - Queue 1 shooter Start...
[INFO]: 2025-12-21 00:46:57 - shooter Not Find Sub can be download 第 132 集 1 132
[INFO]: 2025-12-21 00:46:57 - Queue 1 shooter End
[INFO]: 2025-12-21 00:46:57 - ------------------------------------------
[INFO]: 2025-12-21 00:46:57 - Queue 1 DlSub End /media/Animes/斗罗大陆Ⅱ绝世唐门 (2023)
[INFO]: 2025-12-21 00:46:57 - ------------------------------------------
[WARNING]: 2025-12-21 00:46:57 - DownloadSubtitleInAllSiteByOneSeries.subInfos == 0, No Sub Downloaded.
[INFO]: 2025-12-21 00:46:57 - No Sub Found 斗罗大陆Ⅱ绝世唐门 - S01E132 - 第132集.mkv 1 132
[INFO]: 2025-12-21 12:47:11 - Queue 1 DlSub Start /media/Animes/斗罗大陆Ⅱ绝世唐门 (2023)
[INFO]: 2025-12-21 12:47:11 - Queue 1 IMDB ID: tt28022382 NeedDownloadSubs: 1
[INFO]: 2025-12-21 12:47:11 - Queue 1 NeedDownloadEps - S1E132
[INFO]: 2025-12-21 12:47:11 - ------------------------------------------
[INFO]: 2025-12-21 12:47:11 - Queue 1 xunlei Start...
[INFO]: 2025-12-21 12:47:11 - xunlei Not Find Sub can be download 第 132 集 1 132
[INFO]: 2025-12-21 12:47:11 - Queue 1 xunlei End
[INFO]: 2025-12-21 12:47:11 - ------------------------------------------
[INFO]: 2025-12-21 12:47:11 - ------------------------------------------
[INFO]: 2025-12-21 12:47:11 - Queue 1 shooter Start...
[INFO]: 2025-12-21 12:47:12 - shooter Not Find Sub can be download 第 132 集 1 132
[INFO]: 2025-12-21 12:47:12 - Queue 1 shooter End
[INFO]: 2025-12-21 12:47:12 - ------------------------------------------
[INFO]: 2025-12-21 12:47:12 - Queue 1 DlSub End /media/Animes/斗罗大陆Ⅱ绝世唐门 (2023)
[INFO]: 2025-12-21 12:47:12 - ------------------------------------------
[WARNING]: 2025-12-21 12:47:12 - DownloadSubtitleInAllSiteByOneSeries.subInfos == 0, No Sub Downloaded.
[INFO]: 2025-12-21 12:47:12 - No Sub Found 斗罗大陆Ⅱ绝世唐门 - S01E132 - 第132集.mkv 1 132
[INFO]: 2025-12-22 00:47:26 - Queue 1 DlSub Start /media/Animes/斗罗大陆Ⅱ绝世唐门 (2023)
[INFO]: 2025-12-22 00:47:26 - Queue 1 IMDB ID: tt28022382 NeedDownloadSubs: 1
[INFO]: 2025-12-22 00:47:26 - Queue 1 NeedDownloadEps - S1E132
[INFO]: 2025-12-22 00:47:26 - ------------------------------------------
[INFO]: 2025-12-22 00:47:26 - Queue 1 xunlei Start...
[INFO]: 2025-12-22 00:47:26 - xunlei Not Find Sub can be download 第 132 集 1 132
[INFO]: 2025-12-22 00:47:26 - Queue 1 xunlei End
[INFO]: 2025-12-22 00:47:26 - ------------------------------------------
[INFO]: 2025-12-22 00:47:26 - ------------------------------------------
[INFO]: 2025-12-22 00:47:26 - Queue 1 shooter Start...
[INFO]: 2025-12-22 00:47:26 - shooter Not Find Sub can be download 第 132 集 1 132
[INFO]: 2025-12-22 00:47:26 - Queue 1 shooter End
[INFO]: 2025-12-22 00:47:26 - ------------------------------------------
[INFO]: 2025-12-22 00:47:26 - Queue 1 DlSub End /media/Animes/斗罗大陆Ⅱ绝世唐门 (2023)
[INFO]: 2025-12-22 00:47:26 - ------------------------------------------
[WARNING]: 2025-12-22 00:47:26 - DownloadSubtitleInAllSiteByOneSeries.subInfos == 0, No Sub Downloaded.
[INFO]: 2025-12-22 00:47:26 - No Sub Found 斗罗大陆Ⅱ绝世唐门 - S01E132 - 第132集.mkv 1 132
[INFO]: 2025-12-22 12:47:41 - Queue 1 DlSub Start /media/Animes/斗罗大陆Ⅱ绝世唐门 (2023)
[INFO]: 2025-12-22 12:47:41 - Queue 1 IMDB ID: tt28022382 NeedDownloadSubs: 1
[INFO]: 2025-12-22 12:47:41 - Queue 1 NeedDownloadEps - S1E132
[INFO]: 2025-12-22 12:47:41 - ------------------------------------------
[INFO]: 2025-12-22 12:47:41 - Queue 1 xunlei Start...
[INFO]: 2025-12-22 12:47:41 - xunlei Not Find Sub can be download 第 132 集 1 132
[INFO]: 2025-12-22 12:47:41 - Queue 1 xunlei End
[INFO]: 2025-12-22 12:47:41 - ------------------------------------------
[INFO]: 2025-12-22 12:47:41 - ------------------------------------------
[INFO]: 2025-12-22 12:47:41 - Queue 1 shooter Start...
[INFO]: 2025-12-22 12:47:41 - shooter Not Find Sub can be download 第 132 集 1 132
[INFO]: 2025-12-22 12:47:41 - Queue 1 shooter End
[INFO]: 2025-12-22 12:47:41 - ------------------------------------------
[INFO]: 2025-12-22 12:47:41 - Queue 1 DlSub End /media/Animes/斗罗大陆Ⅱ绝世唐门 (2023)
[INFO]: 2025-12-22 12:47:41 - ------------------------------------------
[WARNING]: 2025-12-22 12:47:41 - DownloadSubtitleInAllSiteByOneSeries.subInfos == 0, No Sub Downloaded.
[INFO]: 2025-12-22 12:47:41 - No Sub Found 斗罗大陆Ⅱ绝世唐门 - S01E132 - 第132集.mkv 1 132
