[INFO]: 2025-12-25 18:46:47 - Queue 1 DlSub Start /media/Animes/剑来 (2024)
[INFO]: 2025-12-25 18:46:47 - Queue 1 IMDB ID: tt33132245 NeedDownloadSubs: 1
[INFO]: 2025-12-25 18:46:47 - Queue 1 NeedDownloadEps - S2E1
[INFO]: 2025-12-25 18:46:47 - ------------------------------------------
[INFO]: 2025-12-25 18:46:47 - Queue 1 xunlei Start...
[INFO]: 2025-12-25 18:46:47 - xunlei Not Find Sub can be download 阿良 2 1
[INFO]: 2025-12-25 18:46:47 - Queue 1 xunlei End
[INFO]: 2025-12-25 18:46:47 - ------------------------------------------
[INFO]: 2025-12-25 18:46:47 - ------------------------------------------
[INFO]: 2025-12-25 18:46:47 - Queue 1 shooter Start...
[INFO]: 2025-12-25 18:46:48 - shooter Not Find Sub can be download 阿良 2 1
[INFO]: 2025-12-25 18:46:48 - Queue 1 shooter End
[INFO]: 2025-12-25 18:46:48 - ------------------------------------------
[INFO]: 2025-12-25 18:46:48 - Queue 1 DlSub End /media/Animes/剑来 (2024)
[INFO]: 2025-12-25 18:46:48 - ------------------------------------------
[WARNING]: 2025-12-25 18:46:48 - DownloadSubtitleInAllSiteByOneSeries.subInfos == 0, No Sub Downloaded.
[INFO]: 2025-12-25 18:46:48 - No Sub Found 剑来 - S02E01 - 第1集.mkv 2 1
[INFO]: 2025-12-26 06:47:03 - Queue 1 DlSub Start /media/Animes/剑来 (2024)
[INFO]: 2025-12-26 06:47:03 - Queue 1 IMDB ID: tt33132245 NeedDownloadSubs: 1
[INFO]: 2025-12-26 06:47:03 - Queue 1 NeedDownloadEps - S2E1
[INFO]: 2025-12-26 06:47:03 - ------------------------------------------
[INFO]: 2025-12-26 06:47:03 - Queue 1 xunlei Start...
[INFO]: 2025-12-26 06:47:03 - xunlei Not Find Sub can be download 阿良 2 1
[INFO]: 2025-12-26 06:47:03 - Queue 1 xunlei End
[INFO]: 2025-12-26 06:47:03 - ------------------------------------------
[INFO]: 2025-12-26 06:47:03 - ------------------------------------------
[INFO]: 2025-12-26 06:47:03 - Queue 1 shooter Start...
[INFO]: 2025-12-26 06:47:03 - shooter Not Find Sub can be download 阿良 2 1
[INFO]: 2025-12-26 06:47:03 - Queue 1 shooter End
[INFO]: 2025-12-26 06:47:03 - ------------------------------------------
[INFO]: 2025-12-26 06:47:03 - Queue 1 DlSub End /media/Animes/剑来 (2024)
[INFO]: 2025-12-26 06:47:03 - ------------------------------------------
[WARNING]: 2025-12-26 06:47:03 - DownloadSubtitleInAllSiteByOneSeries.subInfos == 0, No Sub Downloaded.
[INFO]: 2025-12-26 06:47:03 - No Sub Found 剑来 - S02E01 - 第1集.mkv 2 1
