[INFO]: 2025-12-22 00:46:41 - Queue 1 DlSub Start /media/Animes/仙逆 (2023)
[INFO]: 2025-12-22 00:46:41 - Queue 1 IMDB ID: tt27432264 NeedDownloadSubs: 1
[INFO]: 2025-12-22 00:46:41 - Queue 1 NeedDownloadEps - S1E120
[INFO]: 2025-12-22 00:46:41 - ------------------------------------------
[INFO]: 2025-12-22 00:46:41 - Queue 1 xunlei Start...
[INFO]: 2025-12-22 00:46:41 - xunlei Not Find Sub can be download 第 120 集 1 120
[INFO]: 2025-12-22 00:46:41 - Queue 1 xunlei End
[INFO]: 2025-12-22 00:46:41 - ------------------------------------------
[INFO]: 2025-12-22 00:46:41 - ------------------------------------------
[INFO]: 2025-12-22 00:46:41 - Queue 1 shooter Start...
[INFO]: 2025-12-22 00:46:42 - shooter Not Find Sub can be download 第 120 集 1 120
[INFO]: 2025-12-22 00:46:42 - Queue 1 shooter End
[INFO]: 2025-12-22 00:46:42 - ------------------------------------------
[INFO]: 2025-12-22 00:46:42 - Queue 1 DlSub End /media/Animes/仙逆 (2023)
[INFO]: 2025-12-22 00:46:42 - ------------------------------------------
[WARNING]: 2025-12-22 00:46:42 - DownloadSubtitleInAllSiteByOneSeries.subInfos == 0, No Sub Downloaded.
[INFO]: 2025-12-22 00:46:42 - No Sub Found 仙逆 - S01E120 - 第120集.mkv 1 120
[INFO]: 2025-12-22 12:46:56 - Queue 1 DlSub Start /media/Animes/仙逆 (2023)
[INFO]: 2025-12-22 12:46:56 - Queue 1 IMDB ID: tt27432264 NeedDownloadSubs: 1
[INFO]: 2025-12-22 12:46:56 - Queue 1 NeedDownloadEps - S1E120
[INFO]: 2025-12-22 12:46:56 - ------------------------------------------
[INFO]: 2025-12-22 12:46:56 - Queue 1 xunlei Start...
[INFO]: 2025-12-22 12:46:56 - xunlei Not Find Sub can be download 第 120 集 1 120
[INFO]: 2025-12-22 12:46:56 - Queue 1 xunlei End
[INFO]: 2025-12-22 12:46:56 - ------------------------------------------
[INFO]: 2025-12-22 12:46:56 - ------------------------------------------
[INFO]: 2025-12-22 12:46:56 - Queue 1 shooter Start...
[INFO]: 2025-12-22 12:46:56 - shooter Not Find Sub can be download 第 120 集 1 120
[INFO]: 2025-12-22 12:46:56 - Queue 1 shooter End
[INFO]: 2025-12-22 12:46:56 - ------------------------------------------
[INFO]: 2025-12-22 12:46:56 - Queue 1 DlSub End /media/Animes/仙逆 (2023)
[INFO]: 2025-12-22 12:46:56 - ------------------------------------------
[WARNING]: 2025-12-22 12:46:56 - DownloadSubtitleInAllSiteByOneSeries.subInfos == 0, No Sub Downloaded.
[INFO]: 2025-12-22 12:46:56 - No Sub Found 仙逆 - S01E120 - 第120集.mkv 1 120
