[INFO]: 2025-11-14 13:01:08 - Queue 1 DlSub Start /media/Animes/龙族 (2022)
[INFO]: 2025-11-14 13:01:08 - Queue 1 IMDB ID: tt27442011 NeedDownloadSubs: 1
[INFO]: 2025-11-14 13:01:08 - Queue 1 NeedDownloadEps - S2E20
[INFO]: 2025-11-14 13:01:08 - ------------------------------------------
[INFO]: 2025-11-14 13:01:08 - Queue 1 xunlei Start...
[INFO]: 2025-11-14 13:01:08 - xunlei Not Find Sub can be download 耶梦加得 2 20
[INFO]: 2025-11-14 13:01:08 - Queue 1 xunlei End
[INFO]: 2025-11-14 13:01:08 - ------------------------------------------
[INFO]: 2025-11-14 13:01:08 - ------------------------------------------
[INFO]: 2025-11-14 13:01:08 - Queue 1 shooter Start...
[INFO]: 2025-11-14 13:01:08 - shooter Not Find Sub can be download 耶梦加得 2 20
[INFO]: 2025-11-14 13:01:08 - Queue 1 shooter End
[INFO]: 2025-11-14 13:01:08 - ------------------------------------------
[INFO]: 2025-11-14 13:01:08 - Queue 1 DlSub End /media/Animes/龙族 (2022)
[INFO]: 2025-11-14 13:01:08 - ------------------------------------------
[WARNING]: 2025-11-14 13:01:08 - DownloadSubtitleInAllSiteByOneSeries.subInfos == 0, No Sub Downloaded.
[INFO]: 2025-11-14 13:01:08 - No Sub Found 龙族 - S02E20 - 第20集.mp4 2 20
[INFO]: 2025-11-15 01:01:18 - Queue 1 DlSub Start /media/Animes/龙族 (2022)
[INFO]: 2025-11-15 01:01:18 - Queue 1 IMDB ID: tt27442011 NeedDownloadSubs: 1
[INFO]: 2025-11-15 01:01:18 - Queue 1 NeedDownloadEps - S2E20
[INFO]: 2025-11-15 01:01:18 - ------------------------------------------
[INFO]: 2025-11-15 01:01:18 - Queue 1 xunlei Start...
[INFO]: 2025-11-15 01:01:18 - xunlei Not Find Sub can be download 耶梦加得 2 20
[INFO]: 2025-11-15 01:01:18 - Queue 1 xunlei End
[INFO]: 2025-11-15 01:01:18 - ------------------------------------------
[INFO]: 2025-11-15 01:01:18 - ------------------------------------------
[INFO]: 2025-11-15 01:01:18 - Queue 1 shooter Start...
[INFO]: 2025-11-15 01:01:19 - shooter Not Find Sub can be download 耶梦加得 2 20
[INFO]: 2025-11-15 01:01:19 - Queue 1 shooter End
[INFO]: 2025-11-15 01:01:19 - ------------------------------------------
[INFO]: 2025-11-15 01:01:19 - Queue 1 DlSub End /media/Animes/龙族 (2022)
[INFO]: 2025-11-15 01:01:19 - ------------------------------------------
[WARNING]: 2025-11-15 01:01:19 - DownloadSubtitleInAllSiteByOneSeries.subInfos == 0, No Sub Downloaded.
[INFO]: 2025-11-15 01:01:19 - No Sub Found 龙族 - S02E20 - 第20集.mp4 2 20
