[INFO]: 2025-12-26 12:46:18 - Queue 1 DlSub Start /media/TV Shows/怪奇物语 (2016)
[INFO]: 2025-12-26 12:46:18 - Queue 1 IMDB ID: tt4574334 NeedDownloadSubs: 1
[INFO]: 2025-12-26 12:46:18 - Queue 1 NeedDownloadEps - S5E7
[INFO]: 2025-12-26 12:46:18 - ------------------------------------------
[INFO]: 2025-12-26 12:46:18 - Queue 1 xunlei Start...
[INFO]: 2025-12-26 12:46:18 - xunlei Not Find Sub can be download 桥梁 5 7
[INFO]: 2025-12-26 12:46:18 - Queue 1 xunlei End
[INFO]: 2025-12-26 12:46:18 - ------------------------------------------
[INFO]: 2025-12-26 12:46:18 - ------------------------------------------
[INFO]: 2025-12-26 12:46:18 - Queue 1 shooter Start...
[INFO]: 2025-12-26 12:46:18 - shooter Not Find Sub can be download 桥梁 5 7
[INFO]: 2025-12-26 12:46:18 - Queue 1 shooter End
[INFO]: 2025-12-26 12:46:18 - ------------------------------------------
[INFO]: 2025-12-26 12:46:18 - Queue 1 DlSub End /media/TV Shows/怪奇物语 (2016)
[INFO]: 2025-12-26 12:46:18 - ------------------------------------------
[WARNING]: 2025-12-26 12:46:18 - DownloadSubtitleInAllSiteByOneSeries.subInfos == 0, No Sub Downloaded.
[INFO]: 2025-12-26 12:46:18 - No Sub Found 怪奇物语 - S05E07 - 第7集.mkv 5 7
[INFO]: 2025-12-27 00:46:33 - Queue 1 DlSub Start /media/TV Shows/怪奇物语 (2016)
[INFO]: 2025-12-27 00:46:33 - Queue 1 IMDB ID: tt4574334 NeedDownloadSubs: 1
[INFO]: 2025-12-27 00:46:33 - Queue 1 NeedDownloadEps - S5E7
[INFO]: 2025-12-27 00:46:33 - ------------------------------------------
[INFO]: 2025-12-27 00:46:33 - Queue 1 xunlei Start...
[INFO]: 2025-12-27 00:46:33 - xunlei Not Find Sub can be download 桥梁 5 7
[INFO]: 2025-12-27 00:46:33 - Queue 1 xunlei End
[INFO]: 2025-12-27 00:46:33 - ------------------------------------------
[INFO]: 2025-12-27 00:46:33 - ------------------------------------------
[INFO]: 2025-12-27 00:46:33 - Queue 1 shooter Start...
[INFO]: 2025-12-27 00:46:33 - shooter Not Find Sub can be download 桥梁 5 7
[INFO]: 2025-12-27 00:46:33 - Queue 1 shooter End
[INFO]: 2025-12-27 00:46:33 - ------------------------------------------
[INFO]: 2025-12-27 00:46:33 - Queue 1 DlSub End /media/TV Shows/怪奇物语 (2016)
[INFO]: 2025-12-27 00:46:33 - ------------------------------------------
[WARNING]: 2025-12-27 00:46:33 - DownloadSubtitleInAllSiteByOneSeries.subInfos == 0, No Sub Downloaded.
[INFO]: 2025-12-27 00:46:33 - No Sub Found 怪奇物语 - S05E07 - 第7集.mkv 5 7
[INFO]: 2025-12-27 12:46:48 - Queue 1 DlSub Start /media/TV Shows/怪奇物语 (2016)
[INFO]: 2025-12-27 12:46:48 - Queue 1 IMDB ID: tt4574334 NeedDownloadSubs: 1
[INFO]: 2025-12-27 12:46:48 - Queue 1 NeedDownloadEps - S5E7
[INFO]: 2025-12-27 12:46:48 - ------------------------------------------
[INFO]: 2025-12-27 12:46:48 - Queue 1 xunlei Start...
[INFO]: 2025-12-27 12:46:48 - xunlei Not Find Sub can be download 桥梁 5 7
[INFO]: 2025-12-27 12:46:48 - Queue 1 xunlei End
[INFO]: 2025-12-27 12:46:48 - ------------------------------------------
[INFO]: 2025-12-27 12:46:48 - ------------------------------------------
[INFO]: 2025-12-27 12:46:48 - Queue 1 shooter Start...
[INFO]: 2025-12-27 12:46:49 - shooter Not Find Sub can be download 桥梁 5 7
[INFO]: 2025-12-27 12:46:49 - Queue 1 shooter End
[INFO]: 2025-12-27 12:46:49 - ------------------------------------------
[INFO]: 2025-12-27 12:46:49 - Queue 1 DlSub End /media/TV Shows/怪奇物语 (2016)
[INFO]: 2025-12-27 12:46:49 - ------------------------------------------
[WARNING]: 2025-12-27 12:46:49 - DownloadSubtitleInAllSiteByOneSeries.subInfos == 0, No Sub Downloaded.
[INFO]: 2025-12-27 12:46:49 - No Sub Found 怪奇物语 - S05E07 - 第7集.mkv 5 7
