[INFO]: 2025-12-30 04:08:13 - Queue 1 DlSub Start /media/TV Shows/唐朝诡事录 (2022)
[INFO]: 2025-12-30 04:08:13 - Queue 1 IMDB ID: tt22797712 NeedDownloadSubs: 1
[INFO]: 2025-12-30 04:08:13 - Queue 1 NeedDownloadEps - S4E7
[INFO]: 2025-12-30 04:08:13 - ------------------------------------------
[INFO]: 2025-12-30 04:08:13 - Queue 1 xunlei Start...
[INFO]: 2025-12-30 04:08:13 - xunlei Not Find Sub can be download 鸡师遭血滴成员报复 4 7
[INFO]: 2025-12-30 04:08:13 - Queue 1 xunlei End
[INFO]: 2025-12-30 04:08:13 - ------------------------------------------
[INFO]: 2025-12-30 04:08:13 - ------------------------------------------
[INFO]: 2025-12-30 04:08:13 - Queue 1 shooter Start...
[INFO]: 2025-12-30 04:08:13 - shooter Not Find Sub can be download 鸡师遭血滴成员报复 4 7
[INFO]: 2025-12-30 04:08:13 - Queue 1 shooter End
[INFO]: 2025-12-30 04:08:13 - ------------------------------------------
[INFO]: 2025-12-30 04:08:13 - Queue 1 DlSub End /media/TV Shows/唐朝诡事录 (2022)
[INFO]: 2025-12-30 04:08:13 - ------------------------------------------
[WARNING]: 2025-12-30 04:08:13 - DownloadSubtitleInAllSiteByOneSeries.subInfos == 0, No Sub Downloaded.
[INFO]: 2025-12-30 04:08:13 - No Sub Found 唐朝诡事录 - S04E07 - 第7集.mkv 4 7
[INFO]: 2025-12-30 16:08:22 - Queue 1 DlSub Start /media/TV Shows/唐朝诡事录 (2022)
[INFO]: 2025-12-30 16:08:22 - Queue 1 IMDB ID: tt22797712 NeedDownloadSubs: 1
[INFO]: 2025-12-30 16:08:22 - Queue 1 NeedDownloadEps - S4E7
[INFO]: 2025-12-30 16:08:22 - ------------------------------------------
[INFO]: 2025-12-30 16:08:22 - Queue 1 xunlei Start...
[INFO]: 2025-12-30 16:08:22 - xunlei Not Find Sub can be download 鸡师遭血滴成员报复 4 7
[INFO]: 2025-12-30 16:08:22 - Queue 1 xunlei End
[INFO]: 2025-12-30 16:08:22 - ------------------------------------------
[INFO]: 2025-12-30 16:08:22 - ------------------------------------------
[INFO]: 2025-12-30 16:08:22 - Queue 1 shooter Start...
[INFO]: 2025-12-30 16:08:23 - shooter Not Find Sub can be download 鸡师遭血滴成员报复 4 7
[INFO]: 2025-12-30 16:08:23 - Queue 1 shooter End
[INFO]: 2025-12-30 16:08:23 - ------------------------------------------
[INFO]: 2025-12-30 16:08:23 - Queue 1 DlSub End /media/TV Shows/唐朝诡事录 (2022)
[INFO]: 2025-12-30 16:08:23 - ------------------------------------------
[WARNING]: 2025-12-30 16:08:23 - DownloadSubtitleInAllSiteByOneSeries.subInfos == 0, No Sub Downloaded.
[INFO]: 2025-12-30 16:08:23 - No Sub Found 唐朝诡事录 - S04E07 - 第7集.mkv 4 7
