[INFO]: 2025-12-21 00:46:41 - Queue 1 DlSub Start /media/Animes/斗破苍穹 (2017)
[INFO]: 2025-12-21 00:46:41 - Queue 1 IMDB ID: tt12409194 NeedDownloadSubs: 1
[INFO]: 2025-12-21 00:46:41 - Queue 1 NeedDownloadEps - S5E178
[INFO]: 2025-12-21 00:46:41 - ------------------------------------------
[INFO]: 2025-12-21 00:46:41 - Queue 1 xunlei Start...
[INFO]: 2025-12-21 00:46:41 - xunlei Not Find Sub can be download 第 178 集 5 178
[INFO]: 2025-12-21 00:46:41 - Queue 1 xunlei End
[INFO]: 2025-12-21 00:46:41 - ------------------------------------------
[INFO]: 2025-12-21 00:46:41 - ------------------------------------------
[INFO]: 2025-12-21 00:46:41 - Queue 1 shooter Start...
[INFO]: 2025-12-21 00:46:41 - shooter Not Find Sub can be download 第 178 集 5 178
[INFO]: 2025-12-21 00:46:41 - Queue 1 shooter End
[INFO]: 2025-12-21 00:46:41 - ------------------------------------------
[INFO]: 2025-12-21 00:46:41 - Queue 1 DlSub End /media/Animes/斗破苍穹 (2017)
[INFO]: 2025-12-21 00:46:41 - ------------------------------------------
[WARNING]: 2025-12-21 00:46:41 - DownloadSubtitleInAllSiteByOneSeries.subInfos == 0, No Sub Downloaded.
[INFO]: 2025-12-21 00:46:41 - No Sub Found 斗破苍穹 - S05E178 - 第178集.mp4 5 178
[INFO]: 2025-12-21 12:46:56 - Queue 1 DlSub Start /media/Animes/斗破苍穹 (2017)
[INFO]: 2025-12-21 12:46:56 - Queue 1 IMDB ID: tt12409194 NeedDownloadSubs: 1
[INFO]: 2025-12-21 12:46:56 - Queue 1 NeedDownloadEps - S5E178
[INFO]: 2025-12-21 12:46:56 - ------------------------------------------
[INFO]: 2025-12-21 12:46:56 - Queue 1 xunlei Start...
[INFO]: 2025-12-21 12:46:56 - xunlei Not Find Sub can be download 第 178 集 5 178
[INFO]: 2025-12-21 12:46:56 - Queue 1 xunlei End
[INFO]: 2025-12-21 12:46:56 - ------------------------------------------
[INFO]: 2025-12-21 12:46:56 - ------------------------------------------
[INFO]: 2025-12-21 12:46:56 - Queue 1 shooter Start...
[INFO]: 2025-12-21 12:46:57 - shooter Not Find Sub can be download 第 178 集 5 178
[INFO]: 2025-12-21 12:46:57 - Queue 1 shooter End
[INFO]: 2025-12-21 12:46:57 - ------------------------------------------
[INFO]: 2025-12-21 12:46:57 - Queue 1 DlSub End /media/Animes/斗破苍穹 (2017)
[INFO]: 2025-12-21 12:46:57 - ------------------------------------------
[WARNING]: 2025-12-21 12:46:57 - DownloadSubtitleInAllSiteByOneSeries.subInfos == 0, No Sub Downloaded.
[INFO]: 2025-12-21 12:46:57 - No Sub Found 斗破苍穹 - S05E178 - 第178集.mp4 5 178
[INFO]: 2025-12-22 00:47:41 - Queue 1 DlSub Start /media/Animes/斗破苍穹 (2017)
[INFO]: 2025-12-22 00:47:41 - Queue 1 IMDB ID: tt12409194 NeedDownloadSubs: 1
[INFO]: 2025-12-22 00:47:41 - Queue 1 NeedDownloadEps - S5E178
[INFO]: 2025-12-22 00:47:41 - ------------------------------------------
[INFO]: 2025-12-22 00:47:41 - Queue 1 xunlei Start...
[INFO]: 2025-12-22 00:47:41 - xunlei Not Find Sub can be download 第 178 集 5 178
[INFO]: 2025-12-22 00:47:41 - Queue 1 xunlei End
[INFO]: 2025-12-22 00:47:41 - ------------------------------------------
[INFO]: 2025-12-22 00:47:41 - ------------------------------------------
[INFO]: 2025-12-22 00:47:41 - Queue 1 shooter Start...
[INFO]: 2025-12-22 00:47:41 - shooter Not Find Sub can be download 第 178 集 5 178
[INFO]: 2025-12-22 00:47:41 - Queue 1 shooter End
[INFO]: 2025-12-22 00:47:41 - ------------------------------------------
[INFO]: 2025-12-22 00:47:41 - Queue 1 DlSub End /media/Animes/斗破苍穹 (2017)
[INFO]: 2025-12-22 00:47:41 - ------------------------------------------
[WARNING]: 2025-12-22 00:47:41 - DownloadSubtitleInAllSiteByOneSeries.subInfos == 0, No Sub Downloaded.
[INFO]: 2025-12-22 00:47:41 - No Sub Found 斗破苍穹 - S05E178 - 第178集.mp4 5 178
[INFO]: 2025-12-22 12:47:56 - Queue 1 DlSub Start /media/Animes/斗破苍穹 (2017)
[INFO]: 2025-12-22 12:47:56 - Queue 1 IMDB ID: tt12409194 NeedDownloadSubs: 1
[INFO]: 2025-12-22 12:47:56 - Queue 1 NeedDownloadEps - S5E178
[INFO]: 2025-12-22 12:47:56 - ------------------------------------------
[INFO]: 2025-12-22 12:47:56 - Queue 1 xunlei Start...
[INFO]: 2025-12-22 12:47:56 - xunlei Not Find Sub can be download 第 178 集 5 178
[INFO]: 2025-12-22 12:47:56 - Queue 1 xunlei End
[INFO]: 2025-12-22 12:47:56 - ------------------------------------------
[INFO]: 2025-12-22 12:47:56 - ------------------------------------------
[INFO]: 2025-12-22 12:47:56 - Queue 1 shooter Start...
[INFO]: 2025-12-22 12:47:56 - shooter Not Find Sub can be download 第 178 集 5 178
[INFO]: 2025-12-22 12:47:56 - Queue 1 shooter End
[INFO]: 2025-12-22 12:47:56 - ------------------------------------------
[INFO]: 2025-12-22 12:47:56 - Queue 1 DlSub End /media/Animes/斗破苍穹 (2017)
[INFO]: 2025-12-22 12:47:56 - ------------------------------------------
[WARNING]: 2025-12-22 12:47:56 - DownloadSubtitleInAllSiteByOneSeries.subInfos == 0, No Sub Downloaded.
[INFO]: 2025-12-22 12:47:56 - No Sub Found 斗破苍穹 - S05E178 - 第178集.mp4 5 178
