[INFO]: 2025-12-10 22:23:44 - Queue 1 DlSub Start /media/Animes/神印王座 (2022)
[INFO]: 2025-12-10 22:23:44 - Queue 1 IMDB ID: tt19902148 NeedDownloadSubs: 1
[INFO]: 2025-12-10 22:23:44 - Queue 1 NeedDownloadEps - S1E189
[INFO]: 2025-12-10 22:23:44 - ------------------------------------------
[INFO]: 2025-12-10 22:23:44 - Queue 1 xunlei Start...
[INFO]: 2025-12-10 22:23:44 - xunlei Not Find Sub can be download 第 189 集 1 189
[INFO]: 2025-12-10 22:23:44 - Queue 1 xunlei End
[INFO]: 2025-12-10 22:23:44 - ------------------------------------------
[INFO]: 2025-12-10 22:23:44 - ------------------------------------------
[INFO]: 2025-12-10 22:23:44 - Queue 1 shooter Start...
[INFO]: 2025-12-10 22:23:45 - shooter Not Find Sub can be download 第 189 集 1 189
[INFO]: 2025-12-10 22:23:45 - Queue 1 shooter End
[INFO]: 2025-12-10 22:23:45 - ------------------------------------------
[INFO]: 2025-12-10 22:23:45 - Queue 1 DlSub End /media/Animes/神印王座 (2022)
[INFO]: 2025-12-10 22:23:45 - ------------------------------------------
[WARNING]: 2025-12-10 22:23:45 - DownloadSubtitleInAllSiteByOneSeries.subInfos == 0, No Sub Downloaded.
[INFO]: 2025-12-10 22:23:45 - No Sub Found 神印王座 - S01E189 - 第189集.mp4 1 189
[INFO]: 2025-12-11 10:23:59 - Queue 1 DlSub Start /media/Animes/神印王座 (2022)
[INFO]: 2025-12-11 10:23:59 - Queue 1 IMDB ID: tt19902148 NeedDownloadSubs: 1
[INFO]: 2025-12-11 10:23:59 - Queue 1 NeedDownloadEps - S1E189
[INFO]: 2025-12-11 10:23:59 - ------------------------------------------
[INFO]: 2025-12-11 10:23:59 - Queue 1 xunlei Start...
[INFO]: 2025-12-11 10:23:59 - xunlei Not Find Sub can be download 第 189 集 1 189
[INFO]: 2025-12-11 10:23:59 - Queue 1 xunlei End
[INFO]: 2025-12-11 10:23:59 - ------------------------------------------
[INFO]: 2025-12-11 10:23:59 - ------------------------------------------
[INFO]: 2025-12-11 10:23:59 - Queue 1 shooter Start...
[INFO]: 2025-12-11 10:24:01 - shooter Not Find Sub can be download 第 189 集 1 189
[INFO]: 2025-12-11 10:24:01 - Queue 1 shooter End
[INFO]: 2025-12-11 10:24:01 - ------------------------------------------
[INFO]: 2025-12-11 10:24:01 - Queue 1 DlSub End /media/Animes/神印王座 (2022)
[INFO]: 2025-12-11 10:24:01 - ------------------------------------------
[WARNING]: 2025-12-11 10:24:01 - DownloadSubtitleInAllSiteByOneSeries.subInfos == 0, No Sub Downloaded.
[INFO]: 2025-12-11 10:24:01 - No Sub Found 神印王座 - S01E189 - 第189集.mp4 1 189
[INFO]: 2025-12-11 22:24:14 - Queue 1 DlSub Start /media/Animes/神印王座 (2022)
[INFO]: 2025-12-11 22:24:14 - Queue 1 IMDB ID: tt19902148 NeedDownloadSubs: 1
[INFO]: 2025-12-11 22:24:14 - Queue 1 NeedDownloadEps - S1E189
[INFO]: 2025-12-11 22:24:14 - ------------------------------------------
[INFO]: 2025-12-11 22:24:14 - Queue 1 xunlei Start...
[INFO]: 2025-12-11 22:24:14 - xunlei Not Find Sub can be download 第 189 集 1 189
[INFO]: 2025-12-11 22:24:14 - Queue 1 xunlei End
[INFO]: 2025-12-11 22:24:14 - ------------------------------------------
[INFO]: 2025-12-11 22:24:14 - ------------------------------------------
[INFO]: 2025-12-11 22:24:14 - Queue 1 shooter Start...
[INFO]: 2025-12-11 22:24:15 - shooter Not Find Sub can be download 第 189 集 1 189
[INFO]: 2025-12-11 22:24:15 - Queue 1 shooter End
[INFO]: 2025-12-11 22:24:15 - ------------------------------------------
[INFO]: 2025-12-11 22:24:15 - Queue 1 DlSub End /media/Animes/神印王座 (2022)
[INFO]: 2025-12-11 22:24:15 - ------------------------------------------
[WARNING]: 2025-12-11 22:24:15 - DownloadSubtitleInAllSiteByOneSeries.subInfos == 0, No Sub Downloaded.
[INFO]: 2025-12-11 22:24:15 - No Sub Found 神印王座 - S01E189 - 第189集.mp4 1 189
[INFO]: 2025-12-12 10:24:29 - Queue 1 DlSub Start /media/Animes/神印王座 (2022)
[INFO]: 2025-12-12 10:24:29 - Queue 1 IMDB ID: tt19902148 NeedDownloadSubs: 1
[INFO]: 2025-12-12 10:24:29 - Queue 1 NeedDownloadEps - S1E189
[INFO]: 2025-12-12 10:24:29 - ------------------------------------------
[INFO]: 2025-12-12 10:24:29 - Queue 1 xunlei Start...
[INFO]: 2025-12-12 10:24:29 - xunlei Not Find Sub can be download 第 189 集 1 189
[INFO]: 2025-12-12 10:24:29 - Queue 1 xunlei End
[INFO]: 2025-12-12 10:24:29 - ------------------------------------------
[INFO]: 2025-12-12 10:24:29 - ------------------------------------------
[INFO]: 2025-12-12 10:24:29 - Queue 1 shooter Start...
[INFO]: 2025-12-12 10:24:34 - shooter Not Find Sub can be download 第 189 集 1 189
[INFO]: 2025-12-12 10:24:34 - Queue 1 shooter End
[INFO]: 2025-12-12 10:24:34 - ------------------------------------------
[INFO]: 2025-12-12 10:24:34 - Queue 1 DlSub End /media/Animes/神印王座 (2022)
[INFO]: 2025-12-12 10:24:34 - ------------------------------------------
[WARNING]: 2025-12-12 10:24:34 - DownloadSubtitleInAllSiteByOneSeries.subInfos == 0, No Sub Downloaded.
[INFO]: 2025-12-12 10:24:34 - No Sub Found 神印王座 - S01E189 - 第189集.mp4 1 189
