[INFO]: 2025-12-30 04:07:58 - Queue 1 DlSub Start /media/TV Shows/唐朝诡事录 (2022)
[INFO]: 2025-12-30 04:07:58 - Queue 1 IMDB ID: tt22797712 NeedDownloadSubs: 1
[INFO]: 2025-12-30 04:07:58 - Queue 1 NeedDownloadEps - S4E8
[INFO]: 2025-12-30 04:07:58 - ------------------------------------------
[INFO]: 2025-12-30 04:07:58 - Queue 1 xunlei Start...
[INFO]: 2025-12-30 04:07:58 - xunlei Not Find Sub can be download 苏无名樱桃潜入解忧店 4 8
[INFO]: 2025-12-30 04:07:58 - Queue 1 xunlei End
[INFO]: 2025-12-30 04:07:58 - ------------------------------------------
[INFO]: 2025-12-30 04:07:58 - ------------------------------------------
[INFO]: 2025-12-30 04:07:58 - Queue 1 shooter Start...
[INFO]: 2025-12-30 04:07:59 - shooter Not Find Sub can be download 苏无名樱桃潜入解忧店 4 8
[INFO]: 2025-12-30 04:07:59 - Queue 1 shooter End
[INFO]: 2025-12-30 04:07:59 - ------------------------------------------
[INFO]: 2025-12-30 04:07:59 - Queue 1 DlSub End /media/TV Shows/唐朝诡事录 (2022)
[INFO]: 2025-12-30 04:07:59 - ------------------------------------------
[WARNING]: 2025-12-30 04:07:59 - DownloadSubtitleInAllSiteByOneSeries.subInfos == 0, No Sub Downloaded.
[INFO]: 2025-12-30 04:07:59 - No Sub Found 唐朝诡事录 - S04E08 - 第8集.mkv 4 8
[INFO]: 2025-12-30 16:08:07 - Queue 1 DlSub Start /media/TV Shows/唐朝诡事录 (2022)
[INFO]: 2025-12-30 16:08:07 - Queue 1 IMDB ID: tt22797712 NeedDownloadSubs: 1
[INFO]: 2025-12-30 16:08:07 - Queue 1 NeedDownloadEps - S4E8
[INFO]: 2025-12-30 16:08:07 - ------------------------------------------
[INFO]: 2025-12-30 16:08:07 - Queue 1 xunlei Start...
[INFO]: 2025-12-30 16:08:07 - xunlei Not Find Sub can be download 苏无名樱桃潜入解忧店 4 8
[INFO]: 2025-12-30 16:08:07 - Queue 1 xunlei End
[INFO]: 2025-12-30 16:08:07 - ------------------------------------------
[INFO]: 2025-12-30 16:08:07 - ------------------------------------------
[INFO]: 2025-12-30 16:08:07 - Queue 1 shooter Start...
[INFO]: 2025-12-30 16:08:07 - shooter Not Find Sub can be download 苏无名樱桃潜入解忧店 4 8
[INFO]: 2025-12-30 16:08:07 - Queue 1 shooter End
[INFO]: 2025-12-30 16:08:07 - ------------------------------------------
[INFO]: 2025-12-30 16:08:07 - Queue 1 DlSub End /media/TV Shows/唐朝诡事录 (2022)
[INFO]: 2025-12-30 16:08:07 - ------------------------------------------
[WARNING]: 2025-12-30 16:08:07 - DownloadSubtitleInAllSiteByOneSeries.subInfos == 0, No Sub Downloaded.
[INFO]: 2025-12-30 16:08:07 - No Sub Found 唐朝诡事录 - S04E08 - 第8集.mkv 4 8
