[INFO]: 2025-10-31 16:09:26 - Queue 1 DlSub Start /media/Animes/龙族 (2022)
[INFO]: 2025-10-31 16:09:26 - Queue 1 IMDB ID: tt27442011 NeedDownloadSubs: 1
[INFO]: 2025-10-31 16:09:26 - Queue 1 NeedDownloadEps - S2E17
[INFO]: 2025-10-31 16:09:26 - ------------------------------------------
[INFO]: 2025-10-31 16:09:26 - Queue 1 xunlei Start...
[INFO]: 2025-10-31 16:09:26 - xunlei Not Find Sub can be download 幕后的人 2 17
[INFO]: 2025-10-31 16:09:26 - Queue 1 xunlei End
[INFO]: 2025-10-31 16:09:26 - ------------------------------------------
[INFO]: 2025-10-31 16:09:26 - ------------------------------------------
[INFO]: 2025-10-31 16:09:26 - Queue 1 shooter Start...
[INFO]: 2025-10-31 16:09:26 - shooter Not Find Sub can be download 幕后的人 2 17
[INFO]: 2025-10-31 16:09:26 - Queue 1 shooter End
[INFO]: 2025-10-31 16:09:26 - ------------------------------------------
[INFO]: 2025-10-31 16:09:26 - Queue 1 DlSub End /media/Animes/龙族 (2022)
[INFO]: 2025-10-31 16:09:26 - ------------------------------------------
[WARNING]: 2025-10-31 16:09:26 - DownloadSubtitleInAllSiteByOneSeries.subInfos == 0, No Sub Downloaded.
[INFO]: 2025-10-31 16:09:26 - No Sub Found 龙族 - S02E17 - 第17集.mkv 2 17
[INFO]: 2025-11-01 04:09:41 - Queue 1 DlSub Start /media/Animes/龙族 (2022)
[INFO]: 2025-11-01 04:09:41 - Queue 1 IMDB ID: tt27442011 NeedDownloadSubs: 1
[INFO]: 2025-11-01 04:09:41 - Queue 1 NeedDownloadEps - S2E17
[INFO]: 2025-11-01 04:09:41 - ------------------------------------------
[INFO]: 2025-11-01 04:09:41 - Queue 1 xunlei Start...
[INFO]: 2025-11-01 04:09:41 - xunlei Not Find Sub can be download 幕后的人 2 17
[INFO]: 2025-11-01 04:09:41 - Queue 1 xunlei End
[INFO]: 2025-11-01 04:09:41 - ------------------------------------------
[INFO]: 2025-11-01 04:09:41 - ------------------------------------------
[INFO]: 2025-11-01 04:09:41 - Queue 1 shooter Start...
[INFO]: 2025-11-01 04:09:41 - shooter Not Find Sub can be download 幕后的人 2 17
[INFO]: 2025-11-01 04:09:41 - Queue 1 shooter End
[INFO]: 2025-11-01 04:09:41 - ------------------------------------------
[INFO]: 2025-11-01 04:09:41 - Queue 1 DlSub End /media/Animes/龙族 (2022)
[INFO]: 2025-11-01 04:09:41 - ------------------------------------------
[WARNING]: 2025-11-01 04:09:41 - DownloadSubtitleInAllSiteByOneSeries.subInfos == 0, No Sub Downloaded.
[INFO]: 2025-11-01 04:09:41 - No Sub Found 龙族 - S02E17 - 第17集.mkv 2 17
[INFO]: 2025-11-01 16:09:56 - Queue 1 DlSub Start /media/Animes/龙族 (2022)
[INFO]: 2025-11-01 16:09:56 - Queue 1 IMDB ID: tt27442011 NeedDownloadSubs: 1
[INFO]: 2025-11-01 16:09:56 - Queue 1 NeedDownloadEps - S2E17
[INFO]: 2025-11-01 16:09:56 - ------------------------------------------
[INFO]: 2025-11-01 16:09:56 - Queue 1 xunlei Start...
[INFO]: 2025-11-01 16:09:56 - xunlei Not Find Sub can be download 幕后的人 2 17
[INFO]: 2025-11-01 16:09:56 - Queue 1 xunlei End
[INFO]: 2025-11-01 16:09:56 - ------------------------------------------
[INFO]: 2025-11-01 16:09:56 - ------------------------------------------
[INFO]: 2025-11-01 16:09:56 - Queue 1 shooter Start...
[INFO]: 2025-11-01 16:09:56 - shooter Not Find Sub can be download 幕后的人 2 17
[INFO]: 2025-11-01 16:09:56 - Queue 1 shooter End
[INFO]: 2025-11-01 16:09:56 - ------------------------------------------
[INFO]: 2025-11-01 16:09:56 - Queue 1 DlSub End /media/Animes/龙族 (2022)
[INFO]: 2025-11-01 16:09:56 - ------------------------------------------
[WARNING]: 2025-11-01 16:09:56 - DownloadSubtitleInAllSiteByOneSeries.subInfos == 0, No Sub Downloaded.
[INFO]: 2025-11-01 16:09:56 - No Sub Found 龙族 - S02E17 - 第17集.mkv 2 17
