[INFO]: 2025-12-30 04:09:28 - Queue 1 DlSub Start /media/TV Shows/唐朝诡事录 (2022)
[INFO]: 2025-12-30 04:09:28 - Queue 1 IMDB ID: tt22797712 NeedDownloadSubs: 1
[INFO]: 2025-12-30 04:09:28 - Queue 1 NeedDownloadEps - S4E10
[INFO]: 2025-12-30 04:09:28 - ------------------------------------------
[INFO]: 2025-12-30 04:09:28 - Queue 1 xunlei Start...
[INFO]: 2025-12-30 04:09:28 - xunlei Not Find Sub can be download 卢凌风怀疑陈谦身份 4 10
[INFO]: 2025-12-30 04:09:28 - Queue 1 xunlei End
[INFO]: 2025-12-30 04:09:28 - ------------------------------------------
[INFO]: 2025-12-30 04:09:28 - ------------------------------------------
[INFO]: 2025-12-30 04:09:28 - Queue 1 shooter Start...
[INFO]: 2025-12-30 04:09:28 - shooter Not Find Sub can be download 卢凌风怀疑陈谦身份 4 10
[INFO]: 2025-12-30 04:09:28 - Queue 1 shooter End
[INFO]: 2025-12-30 04:09:28 - ------------------------------------------
[INFO]: 2025-12-30 04:09:28 - Queue 1 DlSub End /media/TV Shows/唐朝诡事录 (2022)
[INFO]: 2025-12-30 04:09:28 - ------------------------------------------
[WARNING]: 2025-12-30 04:09:28 - DownloadSubtitleInAllSiteByOneSeries.subInfos == 0, No Sub Downloaded.
[INFO]: 2025-12-30 04:09:28 - No Sub Found 唐朝诡事录 - S04E10 - 第10集.mkv 4 10
[INFO]: 2025-12-30 16:09:37 - Queue 1 DlSub Start /media/TV Shows/唐朝诡事录 (2022)
[INFO]: 2025-12-30 16:09:37 - Queue 1 IMDB ID: tt22797712 NeedDownloadSubs: 1
[INFO]: 2025-12-30 16:09:37 - Queue 1 NeedDownloadEps - S4E10
[INFO]: 2025-12-30 16:09:37 - ------------------------------------------
[INFO]: 2025-12-30 16:09:37 - Queue 1 xunlei Start...
[INFO]: 2025-12-30 16:09:37 - xunlei Not Find Sub can be download 卢凌风怀疑陈谦身份 4 10
[INFO]: 2025-12-30 16:09:37 - Queue 1 xunlei End
[INFO]: 2025-12-30 16:09:37 - ------------------------------------------
[INFO]: 2025-12-30 16:09:37 - ------------------------------------------
[INFO]: 2025-12-30 16:09:37 - Queue 1 shooter Start...
[INFO]: 2025-12-30 16:09:38 - shooter Not Find Sub can be download 卢凌风怀疑陈谦身份 4 10
[INFO]: 2025-12-30 16:09:38 - Queue 1 shooter End
[INFO]: 2025-12-30 16:09:38 - ------------------------------------------
[INFO]: 2025-12-30 16:09:38 - Queue 1 DlSub End /media/TV Shows/唐朝诡事录 (2022)
[INFO]: 2025-12-30 16:09:38 - ------------------------------------------
[WARNING]: 2025-12-30 16:09:38 - DownloadSubtitleInAllSiteByOneSeries.subInfos == 0, No Sub Downloaded.
[INFO]: 2025-12-30 16:09:38 - No Sub Found 唐朝诡事录 - S04E10 - 第10集.mkv 4 10
[INFO]: 2025-12-31 04:09:52 - Queue 1 DlSub Start /media/TV Shows/唐朝诡事录 (2022)
[INFO]: 2025-12-31 04:09:52 - Queue 1 IMDB ID: tt22797712 NeedDownloadSubs: 1
[INFO]: 2025-12-31 04:09:52 - Queue 1 NeedDownloadEps - S4E10
[INFO]: 2025-12-31 04:09:52 - ------------------------------------------
[INFO]: 2025-12-31 04:09:52 - Queue 1 xunlei Start...
[INFO]: 2025-12-31 04:09:52 - xunlei Not Find Sub can be download 卢凌风怀疑陈谦身份 4 10
[INFO]: 2025-12-31 04:09:52 - Queue 1 xunlei End
[INFO]: 2025-12-31 04:09:52 - ------------------------------------------
[INFO]: 2025-12-31 04:09:52 - ------------------------------------------
[INFO]: 2025-12-31 04:09:52 - Queue 1 shooter Start...
[INFO]: 2025-12-31 04:09:52 - shooter Not Find Sub can be download 卢凌风怀疑陈谦身份 4 10
[INFO]: 2025-12-31 04:09:52 - Queue 1 shooter End
[INFO]: 2025-12-31 04:09:52 - ------------------------------------------
[INFO]: 2025-12-31 04:09:52 - Queue 1 DlSub End /media/TV Shows/唐朝诡事录 (2022)
[INFO]: 2025-12-31 04:09:52 - ------------------------------------------
[WARNING]: 2025-12-31 04:09:52 - DownloadSubtitleInAllSiteByOneSeries.subInfos == 0, No Sub Downloaded.
[INFO]: 2025-12-31 04:09:52 - No Sub Found 唐朝诡事录 - S04E10 - 第10集.mkv 4 10
[INFO]: 2025-12-31 16:10:07 - Queue 1 DlSub Start /media/TV Shows/唐朝诡事录 (2022)
[INFO]: 2025-12-31 16:10:07 - Queue 1 IMDB ID: tt22797712 NeedDownloadSubs: 1
[INFO]: 2025-12-31 16:10:07 - Queue 1 NeedDownloadEps - S4E10
[INFO]: 2025-12-31 16:10:07 - ------------------------------------------
[INFO]: 2025-12-31 16:10:07 - Queue 1 xunlei Start...
[INFO]: 2025-12-31 16:10:07 - xunlei Not Find Sub can be download 卢凌风怀疑陈谦身份 4 10
[INFO]: 2025-12-31 16:10:07 - Queue 1 xunlei End
[INFO]: 2025-12-31 16:10:07 - ------------------------------------------
[INFO]: 2025-12-31 16:10:07 - ------------------------------------------
[INFO]: 2025-12-31 16:10:07 - Queue 1 shooter Start...
[INFO]: 2025-12-31 16:10:08 - shooter Not Find Sub can be download 卢凌风怀疑陈谦身份 4 10
[INFO]: 2025-12-31 16:10:08 - Queue 1 shooter End
[INFO]: 2025-12-31 16:10:08 - ------------------------------------------
[INFO]: 2025-12-31 16:10:08 - Queue 1 DlSub End /media/TV Shows/唐朝诡事录 (2022)
[INFO]: 2025-12-31 16:10:08 - ------------------------------------------
[WARNING]: 2025-12-31 16:10:08 - DownloadSubtitleInAllSiteByOneSeries.subInfos == 0, No Sub Downloaded.
[INFO]: 2025-12-31 16:10:08 - No Sub Found 唐朝诡事录 - S04E10 - 第10集.mkv 4 10
