[INFO]: 2025-12-25 00:46:26 - Queue 1 DlSub Start /media/Animes/神印王座 (2022)
[INFO]: 2025-12-25 00:46:26 - Queue 1 IMDB ID: tt19902148 NeedDownloadSubs: 1
[INFO]: 2025-12-25 00:46:26 - Queue 1 NeedDownloadEps - S1E191
[INFO]: 2025-12-25 00:46:26 - ------------------------------------------
[INFO]: 2025-12-25 00:46:26 - Queue 1 xunlei Start...
[INFO]: 2025-12-25 00:46:26 - xunlei Not Find Sub can be download 第 191 集 1 191
[INFO]: 2025-12-25 00:46:26 - Queue 1 xunlei End
[INFO]: 2025-12-25 00:46:26 - ------------------------------------------
[INFO]: 2025-12-25 00:46:26 - ------------------------------------------
[INFO]: 2025-12-25 00:46:26 - Queue 1 shooter Start...
[INFO]: 2025-12-25 00:46:26 - shooter Not Find Sub can be download 第 191 集 1 191
[INFO]: 2025-12-25 00:46:26 - Queue 1 shooter End
[INFO]: 2025-12-25 00:46:26 - ------------------------------------------
[INFO]: 2025-12-25 00:46:26 - Queue 1 DlSub End /media/Animes/神印王座 (2022)
[INFO]: 2025-12-25 00:46:26 - ------------------------------------------
[WARNING]: 2025-12-25 00:46:26 - DownloadSubtitleInAllSiteByOneSeries.subInfos == 0, No Sub Downloaded.
[INFO]: 2025-12-25 00:46:26 - No Sub Found 神印王座 - S01E191 - 第191集.mp4 1 191
[INFO]: 2025-12-25 12:47:02 - Queue 1 DlSub Start /media/Animes/神印王座 (2022)
[INFO]: 2025-12-25 12:47:02 - Queue 1 IMDB ID: tt19902148 NeedDownloadSubs: 1
[INFO]: 2025-12-25 12:47:02 - Queue 1 NeedDownloadEps - S1E191
[INFO]: 2025-12-25 12:47:02 - ------------------------------------------
[INFO]: 2025-12-25 12:47:02 - Queue 1 xunlei Start...
[INFO]: 2025-12-25 12:47:02 - xunlei Not Find Sub can be download 第 191 集 1 191
[INFO]: 2025-12-25 12:47:02 - Queue 1 xunlei End
[INFO]: 2025-12-25 12:47:02 - ------------------------------------------
[INFO]: 2025-12-25 12:47:02 - ------------------------------------------
[INFO]: 2025-12-25 12:47:02 - Queue 1 shooter Start...
[INFO]: 2025-12-25 12:47:02 - shooter Not Find Sub can be download 第 191 集 1 191
[INFO]: 2025-12-25 12:47:02 - Queue 1 shooter End
[INFO]: 2025-12-25 12:47:02 - ------------------------------------------
[INFO]: 2025-12-25 12:47:02 - Queue 1 DlSub End /media/Animes/神印王座 (2022)
[INFO]: 2025-12-25 12:47:02 - ------------------------------------------
[WARNING]: 2025-12-25 12:47:02 - DownloadSubtitleInAllSiteByOneSeries.subInfos == 0, No Sub Downloaded.
[INFO]: 2025-12-25 12:47:02 - No Sub Found 神印王座 - S01E191 - 第191集.mp4 1 191
