[INFO]: 2025-12-28 17:47:34 - Queue 1 DlSub Start /media/Animes/神墓 (2022)
[INFO]: 2025-12-28 17:47:34 - Queue 1 IMDB ID: tt31530980 NeedDownloadSubs: 1
[INFO]: 2025-12-28 17:47:34 - Queue 1 NeedDownloadEps - S3E22
[INFO]: 2025-12-28 17:47:34 - ------------------------------------------
[INFO]: 2025-12-28 17:47:34 - Queue 1 xunlei Start...
[INFO]: 2025-12-28 17:47:34 - xunlei Not Find Sub can be download 黄鹤楼上有妖女 3 22
[INFO]: 2025-12-28 17:47:34 - Queue 1 xunlei End
[INFO]: 2025-12-28 17:47:34 - ------------------------------------------
[INFO]: 2025-12-28 17:47:34 - ------------------------------------------
[INFO]: 2025-12-28 17:47:34 - Queue 1 shooter Start...
[INFO]: 2025-12-28 17:47:34 - shooter Not Find Sub can be download 黄鹤楼上有妖女 3 22
[INFO]: 2025-12-28 17:47:34 - Queue 1 shooter End
[INFO]: 2025-12-28 17:47:34 - ------------------------------------------
[INFO]: 2025-12-28 17:47:34 - Queue 1 DlSub End /media/Animes/神墓 (2022)
[INFO]: 2025-12-28 17:47:34 - ------------------------------------------
[WARNING]: 2025-12-28 17:47:34 - DownloadSubtitleInAllSiteByOneSeries.subInfos == 0, No Sub Downloaded.
[INFO]: 2025-12-28 17:47:34 - No Sub Found 神墓 - S03E22 - 第22集.mp4 3 22
[INFO]: 2025-12-29 05:47:49 - Queue 1 DlSub Start /media/Animes/神墓 (2022)
[INFO]: 2025-12-29 05:47:49 - Queue 1 IMDB ID: tt31530980 NeedDownloadSubs: 1
[INFO]: 2025-12-29 05:47:49 - Queue 1 NeedDownloadEps - S3E22
[INFO]: 2025-12-29 05:47:49 - ------------------------------------------
[INFO]: 2025-12-29 05:47:49 - Queue 1 xunlei Start...
[INFO]: 2025-12-29 05:47:49 - xunlei Not Find Sub can be download 黄鹤楼上有妖女 3 22
[INFO]: 2025-12-29 05:47:49 - Queue 1 xunlei End
[INFO]: 2025-12-29 05:47:49 - ------------------------------------------
[INFO]: 2025-12-29 05:47:49 - ------------------------------------------
[INFO]: 2025-12-29 05:47:49 - Queue 1 shooter Start...
[INFO]: 2025-12-29 05:47:49 - shooter Not Find Sub can be download 黄鹤楼上有妖女 3 22
[INFO]: 2025-12-29 05:47:49 - Queue 1 shooter End
[INFO]: 2025-12-29 05:47:49 - ------------------------------------------
[INFO]: 2025-12-29 05:47:49 - Queue 1 DlSub End /media/Animes/神墓 (2022)
[INFO]: 2025-12-29 05:47:49 - ------------------------------------------
[WARNING]: 2025-12-29 05:47:49 - DownloadSubtitleInAllSiteByOneSeries.subInfos == 0, No Sub Downloaded.
[INFO]: 2025-12-29 05:47:49 - No Sub Found 神墓 - S03E22 - 第22集.mp4 3 22
[INFO]: 2025-12-29 17:48:04 - Queue 1 DlSub Start /media/Animes/神墓 (2022)
[INFO]: 2025-12-29 17:48:04 - Queue 1 IMDB ID: tt31530980 NeedDownloadSubs: 1
[INFO]: 2025-12-29 17:48:04 - Queue 1 NeedDownloadEps - S3E22
[INFO]: 2025-12-29 17:48:04 - ------------------------------------------
[INFO]: 2025-12-29 17:48:04 - Queue 1 xunlei Start...
[INFO]: 2025-12-29 17:48:04 - xunlei Not Find Sub can be download 黄鹤楼上有妖女 3 22
[INFO]: 2025-12-29 17:48:04 - Queue 1 xunlei End
[INFO]: 2025-12-29 17:48:04 - ------------------------------------------
[INFO]: 2025-12-29 17:48:04 - ------------------------------------------
[INFO]: 2025-12-29 17:48:04 - Queue 1 shooter Start...
[INFO]: 2025-12-29 17:48:05 - shooter Not Find Sub can be download 黄鹤楼上有妖女 3 22
[INFO]: 2025-12-29 17:48:05 - Queue 1 shooter End
[INFO]: 2025-12-29 17:48:05 - ------------------------------------------
[INFO]: 2025-12-29 17:48:05 - Queue 1 DlSub End /media/Animes/神墓 (2022)
[INFO]: 2025-12-29 17:48:05 - ------------------------------------------
[WARNING]: 2025-12-29 17:48:05 - DownloadSubtitleInAllSiteByOneSeries.subInfos == 0, No Sub Downloaded.
[INFO]: 2025-12-29 17:48:05 - No Sub Found 神墓 - S03E22 - 第22集.mp4 3 22
